Archive member included to satisfy reference by file (symbol)

C:/msys64/mingw64/bin/../lib/gcc/arm-none-eabi/13.3.0/thumb/v7e-m+fp/hard\libgcc.a(_arm_addsubdf3.o)
                              src/display_task.o (__aeabi_f2d)
C:/msys64/mingw64/bin/../lib/gcc/arm-none-eabi/13.3.0/../../../../arm-none-eabi/lib/thumb/v7e-m+fp/hard\libc_nano.a(libc_a-atexit.o)
                              C:/msys64/mingw64/bin/../lib/gcc/arm-none-eabi/13.3.0/../../../../arm-none-eabi/lib/thumb/v7e-m+fp/hard/crt0.o (atexit)
C:/msys64/mingw64/bin/../lib/gcc/arm-none-eabi/13.3.0/../../../../arm-none-eabi/lib/thumb/v7e-m+fp/hard\libc_nano.a(libc_a-exit.o)
                              C:/msys64/mingw64/bin/../lib/gcc/arm-none-eabi/13.3.0/../../../../arm-none-eabi/lib/thumb/v7e-m+fp/hard/crt0.o (exit)
C:/msys64/mingw64/bin/../lib/gcc/arm-none-eabi/13.3.0/../../../../arm-none-eabi/lib/thumb/v7e-m+fp/hard\libc_nano.a(libc_a-findfp.o)
                              C:/msys64/mingw64/bin/../lib/gcc/arm-none-eabi/13.3.0/../../../../arm-none-eabi/lib/thumb/v7e-m+fp/hard\libc_nano.a(libc_a-exit.o) (__stdio_exit_handler)
C:/msys64/mingw64/bin/../lib/gcc/arm-none-eabi/13.3.0/../../../../arm-none-eabi/lib/thumb/v7e-m+fp/hard\libc_nano.a(libc_a-fwalk.o)
                              C:/msys64/mingw64/bin/../lib/gcc/arm-none-eabi/13.3.0/../../../../arm-none-eabi/lib/thumb/v7e-m+fp/hard\libc_nano.a(libc_a-findfp.o) (_fwalk_sglue)
C:/msys64/mingw64/bin/../lib/gcc/arm-none-eabi/13.3.0/../../../../arm-none-eabi/lib/thumb/v7e-m+fp/hard\libc_nano.a(libc_a-snprintf.o)
                              src/main.o (snprintf)
C:/msys64/mingw64/bin/../lib/gcc/arm-none-eabi/13.3.0/../../../../arm-none-eabi/lib/thumb/v7e-m+fp/hard\libc_nano.a(libc_a-stdio.o)
                              C:/msys64/mingw64/bin/../lib/gcc/arm-none-eabi/13.3.0/../../../../arm-none-eabi/lib/thumb/v7e-m+fp/hard\libc_nano.a(libc_a-findfp.o) (__sread)
C:/msys64/mingw64/bin/../lib/gcc/arm-none-eabi/13.3.0/../../../../arm-none-eabi/lib/thumb/v7e-m+fp/hard\libc_nano.a(libc_a-vsnprintf.o)
                              src/uart.o (vsnprintf)
C:/msys64/mingw64/bin/../lib/gcc/arm-none-eabi/13.3.0/../../../../arm-none-eabi/lib/thumb/v7e-m+fp/hard\libc_nano.a(libc_a-memset.o)
                              C:/msys64/mingw64/bin/../lib/gcc/arm-none-eabi/13.3.0/../../../../arm-none-eabi/lib/thumb/v7e-m+fp/hard/crt0.o (memset)
C:/msys64/mingw64/bin/../lib/gcc/arm-none-eabi/13.3.0/../../../../arm-none-eabi/lib/thumb/v7e-m+fp/hard\libc_nano.a(libc_a-closer.o)
                              C:/msys64/mingw64/bin/../lib/gcc/arm-none-eabi/13.3.0/../../../../arm-none-eabi/lib/thumb/v7e-m+fp/hard\libc_nano.a(libc_a-stdio.o) (_close_r)
C:/msys64/mingw64/bin/../lib/gcc/arm-none-eabi/13.3.0/../../../../arm-none-eabi/lib/thumb/v7e-m+fp/hard\libc_nano.a(libc_a-reent.o)
                              C:/msys64/mingw64/bin/../lib/gcc/arm-none-eabi/13.3.0/../../../../arm-none-eabi/lib/thumb/v7e-m+fp/hard\libc_nano.a(libc_a-closer.o) (errno)
C:/msys64/mingw64/bin/../lib/gcc/arm-none-eabi/13.3.0/../../../../arm-none-eabi/lib/thumb/v7e-m+fp/hard\libc_nano.a(libc_a-impure.o)
                              C:/msys64/mingw64/bin/../lib/gcc/arm-none-eabi/13.3.0/../../../../arm-none-eabi/lib/thumb/v7e-m+fp/hard\libc_nano.a(libc_a-snprintf.o) (_impure_ptr)
C:/msys64/mingw64/bin/../lib/gcc/arm-none-eabi/13.3.0/../../../../arm-none-eabi/lib/thumb/v7e-m+fp/hard\libc_nano.a(libc_a-lseekr.o)
                              C:/msys64/mingw64/bin/../lib/gcc/arm-none-eabi/13.3.0/../../../../arm-none-eabi/lib/thumb/v7e-m+fp/hard\libc_nano.a(libc_a-stdio.o) (_lseek_r)
C:/msys64/mingw64/bin/../lib/gcc/arm-none-eabi/13.3.0/../../../../arm-none-eabi/lib/thumb/v7e-m+fp/hard\libc_nano.a(libc_a-readr.o)
                              C:/msys64/mingw64/bin/../lib/gcc/arm-none-eabi/13.3.0/../../../../arm-none-eabi/lib/thumb/v7e-m+fp/hard\libc_nano.a(libc_a-stdio.o) (_read_r)
C:/msys64/mingw64/bin/../lib/gcc/arm-none-eabi/13.3.0/../../../../arm-none-eabi/lib/thumb/v7e-m+fp/hard\libc_nano.a(libc_a-writer.o)
                              C:/msys64/mingw64/bin/../lib/gcc/arm-none-eabi/13.3.0/../../../../arm-none-eabi/lib/thumb/v7e-m+fp/hard\libc_nano.a(libc_a-stdio.o) (_write_r)
C:/msys64/mingw64/bin/../lib/gcc/arm-none-eabi/13.3.0/../../../../arm-none-eabi/lib/thumb/v7e-m+fp/hard\libc_nano.a(libc_a-init.o)
                              C:/msys64/mingw64/bin/../lib/gcc/arm-none-eabi/13.3.0/../../../../arm-none-eabi/lib/thumb/v7e-m+fp/hard/crt0.o (__libc_init_array)
C:/msys64/mingw64/bin/../lib/gcc/arm-none-eabi/13.3.0/../../../../arm-none-eabi/lib/thumb/v7e-m+fp/hard\libc_nano.a(libc_a-fini.o)
                              C:/msys64/mingw64/bin/../lib/gcc/arm-none-eabi/13.3.0/../../../../arm-none-eabi/lib/thumb/v7e-m+fp/hard/crt0.o (__libc_fini_array)
C:/msys64/mingw64/bin/../lib/gcc/arm-none-eabi/13.3.0/../../../../arm-none-eabi/lib/thumb/v7e-m+fp/hard\libc_nano.a(libc_a-lock.o)
[...]
Memory Configuration

Name             Origin             Length             Attributes
FLASH            0x08000000         0x00100000         xr
RAM              0x20000000         0x00030000         xrw
CCM              0x10000000         0x00010000         xrw
*default*        0x00000000         0xffffffff

Linker script and memory map

LOAD C:/msys64/mingw64/bin/../lib/gcc/arm-none-eabi/13.3.0/thumb/v7e-m+fp/hard/crti.o
LOAD C:/msys64/mingw64/bin/../lib/gcc/arm-none-eabi/13.3.0/thumb/v7e-m+fp/hard/crtbegin.o
LOAD C:/msys64/mingw64/bin/../lib/gcc/arm-none-eabi/13.3.0/../../../../arm-none-eabi/lib/thumb/v7e-m+fp/hard/crt0.o
LOAD src/main.o
LOAD src/sensor_task.o
LOAD src/processing_task.o
LOAD src/display_task.o
LOAD src/priority_inversion_demo.o
LOAD src/ssd1306.o
LOAD src/uart.o
LOAD src/i2c.o
LOAD src/mpu6050.o
LOAD FreeRTOS/Source/tasks.o
LOAD FreeRTOS/Source/queue.o
LOAD FreeRTOS/Source/list.o
LOAD FreeRTOS/Source/timers.o
LOAD FreeRTOS/Source/event_groups.o
LOAD FreeRTOS/Source/stream_buffer.o
LOAD FreeRTOS/Source/portable/GCC/ARM_CM4F/port.o
LOAD FreeRTOS/Source/portable/MemMang/heap_4.o
LOAD src/startup_stm32f407.o
LOAD C:/msys64/mingw64/bin/../lib/gcc/arm-none-eabi/13.3.0/../../../../arm-none-eabi/lib/thumb/v7e-m+fp/hard\libm.a
START GROUP
LOAD C:/msys64/mingw64/bin/../lib/gcc/arm-none-eabi/13.3.0/thumb/v7e-m+fp/hard\libgcc.a
LOAD C:/msys64/mingw64/bin/../lib/gcc/arm-none-eabi/13.3.0/../../../../arm-none-eabi/lib/thumb/v7e-m+fp/hard\libc_nano.a
END GROUP
START GROUP
LOAD C:/msys64/mingw64/bin/../lib/gcc/arm-none-eabi/13.3.0/thumb/v7e-m+fp/hard\libgcc.a
LOAD C:/msys64/mingw64/bin/../lib/gcc/arm-none-eabi/13.3.0/../../../../arm-none-eabi/lib/thumb/v7e-m+fp/hard\libc_nano.a
LOAD C:/msys64/mingw64/bin/../lib/gcc/arm-none-eabi/13.3.0/../../../../arm-none-eabi/lib/thumb/v7e-m+fp/hard\libnosys.a
END GROUP
START GROUP
LOAD C:/msys64/mingw64/bin/../lib/gcc/arm-none-eabi/13.3.0/thumb/v7e-m+fp/hard\libgcc.a
LOAD C:/msys64/mingw64/bin/../lib/gcc/arm-none-eabi/13.3.0/../../../../arm-none-eabi/lib/thumb/v7e-m+fp/hard\libc_nano.a
LOAD C:/msys64/mingw64/bin/../lib/gcc/arm-none-eabi/13.3.0/../../../../arm-none-eabi/lib/thumb/v7e-m+fp/hard\libnosys.a
END GROUP
LOAD C:/msys64/mingw64/bin/../lib/gcc/arm-none-eabi/13.3.0/thumb/v7e-m+fp/hard/crtend.o
LOAD C:/msys64/mingw64/bin/../lib/gcc/arm-none-eabi/13.3.0/thumb/v7e-m+fp/hard/crtn.o
                0x20030000                        _estack = 0x20030000
                0x00001000                        _Min_Heap_Size = 0x1000
                0x00000400                        _Min_Stack_Size = 0x400

.isr_vector     0x08000000      0x188
                0x08000000                        . = ALIGN (0x4)
 *(.isr_vector)
 .isr_vector    0x08000000      0x188 src/startup_stm32f407.o
                0x08000188                        . = ALIGN (0x4)

.text           0x08000190     0x47f4
                0x08000190                        . = ALIGN (0x4)
 *(.text)
 .text          0x08000190      0x378 C:/msys64/mingw64/bin/../lib/gcc/arm-none-eabi/13.3.0/thumb/v7e-m+fp/hard\libgcc.a(_arm_addsubdf3.o)
                0x08000190                __aeabi_drsub
                0x08000198                __aeabi_dsub
                0x08000198                __subdf3
                0x0800019c                __aeabi_dadd
                0x0800019c                __adddf3
                0x08000414                __floatunsidf
                0x08000414                __aeabi_ui2d
                0x08000434                __floatsidf
                0x08000434                __aeabi_i2d
                0x08000458                __aeabi_f2d
                0x08000458                __extendsfdf2
                0x0800049c                __floatundidf
                0x0800049c                __aeabi_ul2d
                0x080004ac                __floatdidf
                0x080004ac                __aeabi_l2d
 .text          0x08000508      0x114 C:/msys64/mingw64/bin/../lib/gcc/arm-none-eabi/13.3.0/../../../../arm-none-eabi/lib/thumb/v7e-m+fp/hard\libc_nano.a(libc_a-snprintf.o)
                0x08000508                _sniprintf_r
                0x08000508                _snprintf_r
                0x0800058c                sniprintf
                0x0800058c                snprintf
 .text          0x0800061c       0xa4 C:/msys64/mingw64/bin/../lib/gcc/arm-none-eabi/13.3.0/../../../../arm-none-eabi/lib/thumb/v7e-m+fp/hard\libc_nano.a(libc_a-memset.o)
                0x0800061c                memset
 .text          0x080006c0       0x28 C:/msys64/mingw64/bin/../lib/gcc/arm-none-eabi/13.3.0/../../../../arm-none-eabi/lib/thumb/v7e-m+fp/hard\libc_nano.a(libc_a-lock.o)
                0x080006c0                __retarget_lock_init
                0x080006c4                __retarget_lock_init_recursive
                0x080006c8                __retarget_lock_close
                0x080006cc                __retarget_lock_close_recursive
                0x080006d0                __retarget_lock_acquire
                0x080006d4                __retarget_lock_acquire_recursive
                0x080006d8                __retarget_lock_try_acquire
                0x080006dc                __retarget_lock_try_acquire_recursive
                0x080006e0                __retarget_lock_release
                0x080006e4                __retarget_lock_release_recursive
 .text          0x080006e8      0x134 C:/msys64/mingw64/bin/../lib/gcc/arm-none-eabi/13.3.0/../../../../arm-none-eabi/lib/thumb/v7e-m+fp/hard\libc_nano.a(libc_a-memcpy.o)
                0x080006e8                memcpy
 .text          0x0800081c       0xbc C:/msys64/mingw64/bin/../lib/gcc/arm-none-eabi/13.3.0/../../../../arm-none-eabi/lib/thumb/v7e-m+fp/hard\libc_nano.a(libc_a-freer.o)
                0x0800081c                _free_r
 .text          0x080008d8      0x148 C:/msys64/mingw64/bin/../lib/gcc/arm-none-eabi/13.3.0/../../../../arm-none-eabi/lib/thumb/v7e-m+fp/hard\libc_nano.a(libc_a-mallocr.o)
                0x08000920                _malloc_r
 .text          0x08000a20       0x18 C:/msys64/mingw64/bin/../lib/gcc/arm-none-eabi/13.3.0/../../../../arm-none-eabi/lib/thumb/v7e-m+fp/hard\libc_nano.a(libc_a-mlock.o)
                0x08000a20                __malloc_lock
                0x08000a2c                __malloc_unlock
 .text          0x08000a38      0x400 C:/msys64/mingw64/bin/../lib/gcc/arm-none-eabi/13.3.0/../../../../arm-none-eabi/lib/thumb/v7e-m+fp/hard\libc_nano.a(libc_a-nano-svfprintf.o)
                0x08000a38                __ssputs_r
                0x08000af8                __ssprint_r
                0x08000c00                _svfiprintf_r
                0x08000c00                _svfprintf_r
 .text          0x08000e38      0x3a8 C:/msys64/mingw64/bin/../lib/gcc/arm-none-eabi/13.3.0/../../../../arm-none-eabi/lib/thumb/v7e-m+fp/hard\libc_nano.a(libc_a-nano-vfprintf_i.o)
                0x08000e38                _printf_common
                0x08000f5c                _printf_i
 .text          0x080011e0      0x100 C:/msys64/mingw64/bin/../lib/gcc/arm-none-eabi/13.3.0/../../../../arm-none-eabi/lib/thumb/v7e-m+fp/hard\libc_nano.a(libc_a-memmove.o)
                0x080011e0                memmove
 .text          0x080012e0       0x24 C:/msys64/mingw64/bin/../lib/gcc/arm-none-eabi/13.3.0/../../../../arm-none-eabi/lib/thumb/v7e-m+fp/hard\libc_nano.a(libc_a-sbrkr.o)
                0x080012e0                _sbrk_r
 *fill*         0x08001304        0xc 
 .text          0x08001310       0xa0 C:/msys64/mingw64/bin/../lib/gcc/arm-none-eabi/13.3.0/../../../../arm-none-eabi/lib/thumb/v7e-m+fp/hard\libc_nano.a(libc_a-memchr.o)
                0x08001310                memchr
 .text          0x080013b0       0x64 C:/msys64/mingw64/bin/../lib/gcc/arm-none-eabi/13.3.0/../../../../arm-none-eabi/lib/thumb/v7e-m+fp/hard\libc_nano.a(libc_a-reallocr.o)
                0x080013b0                _realloc_r
 .text          0x08001414       0x10 C:/msys64/mingw64/bin/../lib/gcc/arm-none-eabi/13.3.0/../../../../arm-none-eabi/lib/thumb/v7e-m+fp/hard\libc_nano.a(libc_a-msizer.o)
                0x08001414                _malloc_usable_size_r
 .text          0x08001424       0x1c C:/msys64/mingw64/bin/../lib/gcc/arm-none-eabi/13.3.0/../../../../arm-none-eabi/lib/thumb/v7e-m+fp/hard\libnosys.a(sbrk.o)
                0x08001424                _sbrk
 *(.text*)
 .text.__do_global_dtors_aux
                0x08001440       0x24 C:/msys64/mingw64/bin/../lib/gcc/arm-none-eabi/13.3.0/thumb/v7e-m+fp/hard/crtbegin.o
 .text.frame_dummy
                0x08001464       0x1c C:/msys64/mingw64/bin/../lib/gcc/arm-none-eabi/13.3.0/thumb/v7e-m+fp/hard/crtbegin.o
 .text.SystemInit
                0x08001480        0x4 src/main.o
                0x08001480                SystemInit
 .text.startup.main
                0x08001484      0x1f4 src/main.o
                0x08001484                main
 .text.vApplicationStackOverflowHook
                0x08001678       0x20 src/main.o
                0x08001678                vApplicationStackOverflowHook
 .text.sensor_task
                0x08001698       0x68 src/sensor_task.o
                0x08001698                sensor_task
 .text.processing_task
                0x08001700       0xac src/processing_task.o
                0x08001700                processing_task
 .text.display_task
                0x080017ac      0x150 src/display_task.o
                0x080017ac                display_task
 .text.demo_med_task_mutex
                0x080018fc       0x60 src/priority_inversion_demo.o
 .text.demo_med_task_binary
                0x0800195c       0x60 src/priority_inversion_demo.o
 .text.demo_high_task_mutex
                0x080019bc       0x84 src/priority_inversion_demo.o
 .text.demo_low_task_mutex
                0x08001a40       0xb8 src/priority_inversion_demo.o
 .text.demo_high_task_binary
                0x08001af8       0x84 src/priority_inversion_demo.o
 .text.demo_low_task_binary
                0x08001b7c       0xb8 src/priority_inversion_demo.o
 .text.priority_inversion_demo_run
                0x08001c34      0x16c src/priority_inversion_demo.o
                0x08001c34                priority_inversion_demo_run
 .text.ssd1306_clear
                0x08001da0       0x28 src/ssd1306.o
                0x08001da0                ssd1306_clear
 .text.ssd1306_set_cursor
                0x08001dc8       0x14 src/ssd1306.o
                0x08001dc8                ssd1306_set_cursor
 .text.ssd1306_print_string
                0x08001ddc       0xbc src/ssd1306.o
                0x08001ddc                ssd1306_print_string
 .text.ssd1306_update
                0x08001e98       0x88 src/ssd1306.o
                0x08001e98                ssd1306_update
 .text.ssd1306_init
                0x08001f20      0x184 src/ssd1306.o
                0x08001f20                ssd1306_init
 .text.uart2_init
                0x080020a4       0x70 src/uart.o
                0x080020a4                uart2_init
 .text.uart2_send_string
                0x08002114       0x1c src/uart.o
                0x08002114                uart2_send_string
 .text.USART2_IRQHandler
                0x08002130       0x44 src/uart.o
                0x08002130                USART2_IRQHandler
 .text.i2c1_init
                0x08002174       0xc8 src/i2c.o
                0x08002174                i2c1_init
 .text.i2c_write_reg
                0x0800223c       0xbc src/i2c.o
                0x0800223c                i2c_write_reg
 .text.i2c1_write
                0x080022f8       0xb8 src/i2c.o
                0x080022f8                i2c1_write
 .text.i2c_read_bytes
                0x080023b0      0x214 src/i2c.o
                0x080023b0                i2c_read_bytes
 .text.mpu6050_init
                0x080025c4       0xbc src/mpu6050.o
                0x080025c4                mpu6050_init
 .text.mpu6050_read_raw
                0x08002680       0x50 src/mpu6050.o
                0x08002680                mpu6050_read_raw
 .text.prvAddNewTaskToReadyList
                0x080026d0      0x128 FreeRTOS/Source/tasks.o
 .text.prvAddCurrentTaskToDelayedList
                0x080027f8      0x100 FreeRTOS/Source/tasks.o
 .text.prvDeleteTCB
                0x080028f8       0x3c FreeRTOS/Source/tasks.o
 .text.prvCheckTasksWaitingTermination
                0x08002934       0x48 FreeRTOS/Source/tasks.o
 .text.prvIdleTask
                0x0800297c       0x34 FreeRTOS/Source/tasks.o
 .text.prvInitialiseNewTask.constprop.0
                0x080029b0       0xd4 FreeRTOS/Source/tasks.o
 .text.xTaskIncrementTick.part.0
                0x08002a84      0x184 FreeRTOS/Source/tasks.o
 .text.xTaskResumeAll.part.0
                0x08002c08      0x1c0 FreeRTOS/Source/tasks.o
 .text.xTaskCreateStatic
                0x08002dc8       0x90 FreeRTOS/Source/tasks.o
                0x08002dc8                xTaskCreateStatic
 .text.xTaskCreate
                0x08002e58       0x60 FreeRTOS/Source/tasks.o
                0x08002e58                xTaskCreate
 .text.vTaskDelete
                0x08002eb8      0x100 FreeRTOS/Source/tasks.o
                0x08002eb8                vTaskDelete
 .text.xTaskDelayUntil
                0x08002fb8       0xe0 FreeRTOS/Source/tasks.o
                0x08002fb8                xTaskDelayUntil
 .text.vTaskDelay
                0x08003098       0x6c FreeRTOS/Source/tasks.o
                0x08003098                vTaskDelay
 *fill*         0x08003104        0x4 
 .text.vTaskStartScheduler
                0x08003108       0xb4 FreeRTOS/Source/tasks.o
                0x08003108                vTaskStartScheduler
 .text.vTaskSuspendAll
                0x080031bc       0x10 FreeRTOS/Source/tasks.o
                0x080031bc                vTaskSuspendAll
 .text.xTaskResumeAll
                0x080031cc       0x2c FreeRTOS/Source/tasks.o
                0x080031cc                xTaskResumeAll
 .text.xTaskGetTickCount
                0x080031f8       0x1c FreeRTOS/Source/tasks.o
                0x080031f8                xTaskGetTickCount
 .text.vTaskSwitchContext
                0x08003214       0xc4 FreeRTOS/Source/tasks.o
                0x08003214                vTaskSwitchContext
 .text.vTaskPlaceOnEventList
                0x080032d8       0x38 FreeRTOS/Source/tasks.o
                0x080032d8                vTaskPlaceOnEventList
 .text.vTaskPlaceOnEventListRestricted
                0x08003310       0x64 FreeRTOS/Source/tasks.o
                0x08003310                vTaskPlaceOnEventListRestricted
 .text.xTaskRemoveFromEventList
                0x08003374       0xd8 FreeRTOS/Source/tasks.o
                0x08003374                xTaskRemoveFromEventList
 .text.vTaskInternalSetTimeOutState
                0x0800344c       0x1c FreeRTOS/Source/tasks.o
                0x0800344c                vTaskInternalSetTimeOutState
 .text.xTaskCheckForTimeOut
                0x08003468       0xb4 FreeRTOS/Source/tasks.o
                0x08003468                xTaskCheckForTimeOut
 .text.vTaskMissedYield
                0x0800351c        0xc FreeRTOS/Source/tasks.o
                0x0800351c                vTaskMissedYield
 .text.xTaskGetSchedulerState
                0x08003528       0x20 FreeRTOS/Source/tasks.o
                0x08003528                xTaskGetSchedulerState
 .text.xTaskPriorityInherit
                0x08003548       0x98 FreeRTOS/Source/tasks.o
                0x08003548                xTaskPriorityInherit
 .text.xTaskPriorityDisinherit
                0x080035e0       0xa8 FreeRTOS/Source/tasks.o
                0x080035e0                xTaskPriorityDisinherit
 .text.vTaskPriorityDisinheritAfterTimeout
                0x08003688       0xb4 FreeRTOS/Source/tasks.o
                0x08003688                vTaskPriorityDisinheritAfterTimeout
 .text.pvTaskIncrementMutexHeldCount
                0x0800373c       0x14 FreeRTOS/Source/tasks.o
                0x0800373c                pvTaskIncrementMutexHeldCount
 .text.vApplicationGetTimerTaskMemory
                0x08003750       0x1c FreeRTOS/Source/tasks.o
                0x08003750                vApplicationGetTimerTaskMemory
 .text.prvCopyDataToQueue
                0x0800376c       0x78 FreeRTOS/Source/queue.o
 .text.prvUnlockQueue
                0x080037e4       0x8c FreeRTOS/Source/queue.o
 .text.xQueueGenericReset
                0x08003870       0xa0 FreeRTOS/Source/queue.o
                0x08003870                xQueueGenericReset
 .text.xQueueGenericCreateStatic
                0x08003910       0x84 FreeRTOS/Source/queue.o
                0x08003910                xQueueGenericCreateStatic
 .text.xQueueGenericCreate
                0x08003994       0x5c FreeRTOS/Source/queue.o
                0x08003994                xQueueGenericCreate
 .text.xQueueGenericSend
                0x080039f0      0x190 FreeRTOS/Source/queue.o
                0x080039f0                xQueueGenericSend
 .text.xQueueCreateMutex
                0x08003b80       0x3c FreeRTOS/Source/queue.o
                0x08003b80                xQueueCreateMutex
 .text.xQueueReceive
                0x08003bbc      0x188 FreeRTOS/Source/queue.o
                0x08003bbc                xQueueReceive
 .text.xQueueSemaphoreTake
                0x08003d44      0x1a4 FreeRTOS/Source/queue.o
                0x08003d44                xQueueSemaphoreTake
 .text.vQueueDelete
                0x08003ee8       0x20 FreeRTOS/Source/queue.o
                0x08003ee8                vQueueDelete
 .text.vQueueWaitForMessageRestricted
                0x08003f08       0x5c FreeRTOS/Source/queue.o
                0x08003f08                vQueueWaitForMessageRestricted
 .text.vListInitialise
                0x08003f64       0x1c FreeRTOS/Source/list.o
                0x08003f64                vListInitialise
 .text.vListInitialiseItem
                0x08003f80        0x8 FreeRTOS/Source/list.o
                0x08003f80                vListInitialiseItem
 .text.vListInsertEnd
                0x08003f88       0x1c FreeRTOS/Source/list.o
                0x08003f88                vListInsertEnd
 .text.vListInsert
                0x08003fa4       0x40 FreeRTOS/Source/list.o
                0x08003fa4                vListInsert
 .text.uxListRemove
                0x08003fe4       0x28 FreeRTOS/Source/list.o
                0x08003fe4                uxListRemove
 .text.prvCheckForValidListAndQueue
                0x0800400c       0x68 FreeRTOS/Source/timers.o
 .text.prvReloadTimer
                0x08004074       0x80 FreeRTOS/Source/timers.o
 .text.prvProcessExpiredTimer
                0x080040f4       0x50 FreeRTOS/Source/timers.o
 .text.prvTimerTask
                0x08004144      0x28c FreeRTOS/Source/timers.o
 .text.xTimerCreateTimerTask
                0x080043d0       0x64 FreeRTOS/Source/timers.o
                0x080043d0                xTimerCreateTimerTask
 .text.vPortSVCHandler
                0x08004434       0x20 FreeRTOS/Source/portable/GCC/ARM_CM4F/port.o
                0x08004434                vPortSVCHandler
 .text.xPortPendSVHandler
                0x08004454       0x5c FreeRTOS/Source/portable/GCC/ARM_CM4F/port.o
                0x08004454                xPortPendSVHandler
 .text.prvTaskExitError
                0x080044b0       0x40 FreeRTOS/Source/portable/GCC/ARM_CM4F/port.o
 .text.pxPortInitialiseStack
                0x080044f0       0x28 FreeRTOS/Source/portable/GCC/ARM_CM4F/port.o
                0x080044f0                pxPortInitialiseStack
 .text.xPortStartScheduler
                0x08004518       0xc4 FreeRTOS/Source/portable/GCC/ARM_CM4F/port.o
                0x08004518                xPortStartScheduler
 .text.vPortEnterCritical
                0x080045dc       0x44 FreeRTOS/Source/portable/GCC/ARM_CM4F/port.o
                0x080045dc                vPortEnterCritical
 .text.vPortExitCritical
                0x08004620       0x28 FreeRTOS/Source/portable/GCC/ARM_CM4F/port.o
                0x08004620                vPortExitCritical
 .text.pvPortMalloc
                0x08004648      0x1b4 FreeRTOS/Source/portable/MemMang/heap_4.o
                0x08004648                pvPortMalloc
 .text.vPortFree
                0x080047fc      0x11c FreeRTOS/Source/portable/MemMang/heap_4.o
                0x080047fc                vPortFree
 .text.xPortGetFreeHeapSize
                0x08004918        0xc FreeRTOS/Source/portable/MemMang/heap_4.o
                0x08004918                xPortGetFreeHeapSize
 .text.Reset_Handler
                0x08004924       0x44 src/startup_stm32f407.o
                0x08004924                Reset_Handler
 .text.Default_Handler
                0x08004968        0x4 src/startup_stm32f407.o
                0x08004968                Default_Handler
 *(.glue_7)
 .glue_7        0x0800496c        0x0 linker stubs
 *(.glue_7t)
 .glue_7t       0x0800496c        0x0 linker stubs
 *(.eh_frame)
 .eh_frame      0x0800496c        0x0 C:/msys64/mingw64/bin/../lib/gcc/arm-none-eabi/13.3.0/thumb/v7e-m+fp/hard/crtbegin.o
 *(.init)
 .init          0x0800496c        0x4 C:/msys64/mingw64/bin/../lib/gcc/arm-none-eabi/13.3.0/thumb/v7e-m+fp/hard/crti.o
                0x0800496c                _init
 .init          0x08004970        0x8 C:/msys64/mingw64/bin/../lib/gcc/arm-none-eabi/13.3.0/thumb/v7e-m+fp/hard/crtn.o
 *(.fini)
 .fini          0x08004978        0x4 C:/msys64/mingw64/bin/../lib/gcc/arm-none-eabi/13.3.0/thumb/v7e-m+fp/hard/crti.o
                0x08004978                _fini
 .fini          0x0800497c        0x8 C:/msys64/mingw64/bin/../lib/gcc/arm-none-eabi/13.3.0/thumb/v7e-m+fp/hard/crtn.o
                0x08004984                        . = ALIGN (0x4)
                0x08004984                        _etext = .

.vfp11_veneer   0x08004984        0x0
 .vfp11_veneer  0x08004984        0x0 linker stubs

.v4_bx          0x08004984        0x0
 .v4_bx         0x08004984        0x0 linker stubs

.iplt           0x08004984        0x0
 .iplt          0x08004984        0x0 C:/msys64/mingw64/bin/../lib/gcc/arm-none-eabi/13.3.0/thumb/v7e-m+fp/hard/crtbegin.o

.rodata         0x08004984      0x780
                0x08004984                        . = ALIGN (0x4)
 *(.rodata)
 *(.rodata*)
 .rodata.main.str1.4
                0x08004984      0x5c9 src/main.o
                                 0x7d (size before relaxing)
 .rodata.vApplicationStackOverflowHook.str1.4
                0x08004f4d        0x0 src/main.o
                                 0x15 (size before relaxing)
 .rodata.display_task.str1.4
                0x08004f4d        0x0 src/display_task.o
                                 0x60 (size before relaxing)
 .rodata.demo_med_task_mutex.str1.4
                0x08004f4d        0x0 src/priority_inversion_demo.o
                                 0x4e (size before relaxing)
 .rodata.demo_med_task_binary.str1.4
                0x08004f4d        0x0 src/priority_inversion_demo.o
                                 0x5f (size before relaxing)
 .rodata.demo_high_task_mutex.str1.4
                0x08004f4d        0x0 src/priority_inversion_demo.o
                                 0x7d (size before relaxing)
 .rodata.demo_low_task_mutex.str1.4
                0x08004f4d        0x0 src/priority_inversion_demo.o
                                 0xa9 (size before relaxing)
 .rodata.demo_high_task_binary.str1.4
                0x08004f4d        0x0 src/priority_inversion_demo.o
                                 0x7f (size before relaxing)
 .rodata.demo_low_task_binary.str1.4
                0x08004f4d        0x0 src/priority_inversion_demo.o
                                 0xa7 (size before relaxing)
 .rodata.priority_inversion_demo_run.str1.4
                0x08004f4d        0x0 src/priority_inversion_demo.o
                                0x141 (size before relaxing)
 *fill*         0x08004f4d        0x3 
 .rodata.font5x7
                0x08004f50      0x1ae src/ssd1306.o
 .rodata.mpu6050_init.str1.4
                0x080050fe        0x0 src/mpu6050.o
                                 0x46 (size before relaxing)
 *fill*         0x080050fe        0x2 
 .rodata.uxTopUsedPriority
                0x08005100        0x4 FreeRTOS/Source/tasks.o
 .rodata.xTimerCreateTimerTask.str1.4
                0x08005104        0x0 FreeRTOS/Source/timers.o
                                  0x8 (size before relaxing)
 .rodata.str1.4
                0x08005104        0x0 C:/msys64/mingw64/bin/../lib/gcc/arm-none-eabi/13.3.0/../../../../arm-none-eabi/lib/thumb/v7e-m+fp/hard\libc_nano.a(libc_a-nano-svfprintf.o)
                                 0x13 (size before relaxing)
 .rodata.str1.4
                0x08005104        0x0 C:/msys64/mingw64/bin/../lib/gcc/arm-none-eabi/13.3.0/../../../../arm-none-eabi/lib/thumb/v7e-m+fp/hard\libc_nano.a(libc_a-nano-vfprintf_i.o)
                                 0x25 (size before relaxing)
                0x08005104                        . = ALIGN (0x4)

.ARM.extab
 *(.ARM.extab* .gnu.linkonce.armextab.*)

.ARM            0x08005104        0x8
                0x08005104                        __exidx_start = .
 *(.ARM.exidx*)
 .ARM.exidx     0x08005104        0x8 C:/msys64/mingw64/bin/../lib/gcc/arm-none-eabi/13.3.0/../../../../arm-none-eabi/lib/thumb/v7e-m+fp/hard\libc_nano.a(libc_a-memcpy.o)
 .ARM.exidx     0x0800510c        0x0 C:/msys64/mingw64/bin/../lib/gcc/arm-none-eabi/13.3.0/../../../../arm-none-eabi/lib/thumb/v7e-m+fp/hard\libc_nano.a(libc_a-memchr.o)
                                  0x8 (size before relaxing)
                0x0800510c                        __exidx_end = .

.rel.dyn        0x0800510c        0x0
 .rel.iplt      0x0800510c        0x0 C:/msys64/mingw64/bin/../lib/gcc/arm-none-eabi/13.3.0/thumb/v7e-m+fp/hard/crtbegin.o

.preinit_array  0x0800510c        0x0
                0x0800510c                        PROVIDE (__preinit_array_start = .)
 *(.preinit_array*)
                0x0800510c                        PROVIDE (__preinit_array_end = .)

.init_array     0x0800510c        0x4
                0x0800510c                        PROVIDE (__init_array_start = .)
 *(SORT_BY_NAME(.init_array.*))
 *(.init_array*)
 .init_array    0x0800510c        0x4 C:/msys64/mingw64/bin/../lib/gcc/arm-none-eabi/13.3.0/thumb/v7e-m+fp/hard/crtbegin.o
                0x08005110                        PROVIDE (__init_array_end = .)

.fini_array     0x08005110        0x4
                0x08005110                        PROVIDE (__fini_array_start = .)
 *(SORT_BY_NAME(.fini_array.*))
 *(.fini_array*)
 .fini_array    0x08005110        0x4 C:/msys64/mingw64/bin/../lib/gcc/arm-none-eabi/13.3.0/thumb/v7e-m+fp/hard/crtbegin.o
                0x08005114                        PROVIDE (__fini_array_end = .)
                0x08005114                        _sidata = LOADADDR (.data)

.data           0x20000000       0x54 load address 0x08005114
                0x20000000                        . = ALIGN (0x4)
                0x20000000                        _sdata = .
 *(.data)
 .data          0x20000000       0x50 C:/msys64/mingw64/bin/../lib/gcc/arm-none-eabi/13.3.0/../../../../arm-none-eabi/lib/thumb/v7e-m+fp/hard\libc_nano.a(libc_a-impure.o)
                0x20000000                _impure_ptr
                0x20000004                _impure_data
 *(.data*)
 .data.uxCriticalNesting
                0x20000050        0x4 FreeRTOS/Source/portable/GCC/ARM_CM4F/port.o
                0x20000054                        . = ALIGN (0x4)
                0x20000054                        _edata = .

.igot.plt       0x20000054        0x0 load address 0x08005168
 .igot.plt      0x20000054        0x0 C:/msys64/mingw64/bin/../lib/gcc/arm-none-eabi/13.3.0/thumb/v7e-m+fp/hard/crtbegin.o

.bss            0x20000058     0x1db0 load address 0x08005168
                0x20000058                        . = ALIGN (0x4)
                0x20000058                        _sbss = .
                0x20000058                        __bss_start__ = _sbss
 *(.bss)
 .bss           0x20000058      0x13c C:/msys64/mingw64/bin/../lib/gcc/arm-none-eabi/13.3.0/../../../../arm-none-eabi/lib/thumb/v7e-m+fp/hard\libc_nano.a(libc_a-findfp.o)
                0x20000058                __sf
                0x20000190                __stdio_exit_handler
 .bss           0x20000194        0x4 C:/msys64/mingw64/bin/../lib/gcc/arm-none-eabi/13.3.0/../../../../arm-none-eabi/lib/thumb/v7e-m+fp/hard\libc_nano.a(libc_a-reent.o)
                0x20000194                errno
 .bss           0x20000198       0x1d C:/msys64/mingw64/bin/../lib/gcc/arm-none-eabi/13.3.0/../../../../arm-none-eabi/lib/thumb/v7e-m+fp/hard\libc_nano.a(libc_a-lock.o)
                0x20000198                __lock___arc4random_mutex
                0x2000019c                __lock___dd_hash_mutex
                0x200001a0                __lock___tz_mutex
                0x200001a4                __lock___env_recursive_mutex
                0x200001a8                __lock___malloc_recursive_mutex
                0x200001ac                __lock___at_quick_exit_mutex
                0x200001b0                __lock___atexit_recursive_mutex
                0x200001b4                __lock___sfp_recursive_mutex
 *fill*         0x200001b5        0x3 
 .bss           0x200001b8        0x8 C:/msys64/mingw64/bin/../lib/gcc/arm-none-eabi/13.3.0/../../../../arm-none-eabi/lib/thumb/v7e-m+fp/hard\libc_nano.a(libc_a-mallocr.o)
                0x200001b8                __malloc_sbrk_start
                0x200001bc                __malloc_free_list
 .bss           0x200001c0        0x4 C:/msys64/mingw64/bin/../lib/gcc/arm-none-eabi/13.3.0/../../../../arm-none-eabi/lib/thumb/v7e-m+fp/hard\libnosys.a(sbrk.o)
 *(.bss*)
 .bss.completed.1
                0x200001c4        0x1 C:/msys64/mingw64/bin/../lib/gcc/arm-none-eabi/13.3.0/thumb/v7e-m+fp/hard/crtbegin.o
 *fill*         0x200001c5        0x3 
 .bss.object.0  0x200001c8       0x18 C:/msys64/mingw64/bin/../lib/gcc/arm-none-eabi/13.3.0/thumb/v7e-m+fp/hard/crtbegin.o
 .bss.display_task_handle
                0x200001e0        0x4 src/main.o
                0x200001e0                display_task_handle
 .bss.processing_task_handle
                0x200001e4        0x4 src/main.o
                0x200001e4                processing_task_handle
 .bss.sensor_task_handle
                0x200001e8        0x4 src/main.o
                0x200001e8                sensor_task_handle
 .bss.spi_mutex
                0x200001ec        0x4 src/main.o
                0x200001ec                spi_mutex
 .bss.display_queue
                0x200001f0        0x4 src/main.o
                0x200001f0                display_queue
 .bss.sensor_queue
                0x200001f4        0x4 src/main.o
                0x200001f4                sensor_queue
 .bss.high_handle
                0x200001f8        0x4 src/priority_inversion_demo.o
 .bss.med_handle
                0x200001fc        0x4 src/priority_inversion_demo.o
 .bss.low_handle
                0x20000200        0x4 src/priority_inversion_demo.o
 .bss.demo_mutex
                0x20000204        0x4 src/priority_inversion_demo.o
 .bss.demo_sem  0x20000208        0x4 src/priority_inversion_demo.o
 .bss.cursor_page
                0x2000020c        0x1 src/ssd1306.o
 .bss.cursor_col
                0x2000020d        0x1 src/ssd1306.o
 *fill*         0x2000020e        0x2 
 .bss.framebuffer
                0x20000210      0x400 src/ssd1306.o
 .bss.rx_tail   0x20000610        0x1 src/uart.o
 .bss.rx_head   0x20000611        0x1 src/uart.o
 *fill*         0x20000612        0x2 
 .bss.rx_buf    0x20000614       0x40 src/uart.o
 .bss.uxTimerTaskStack.0
                0x20000654      0x200 FreeRTOS/Source/tasks.o
 *fill*         0x20000854        0x4 
 .bss.xTimerTaskTCB.1
                0x20000858       0x60 FreeRTOS/Source/tasks.o
 .bss.uxIdleTaskStack.2
                0x200008b8      0x200 FreeRTOS/Source/tasks.o
 .bss.xIdleTaskTCB.3
                0x20000ab8       0x60 FreeRTOS/Source/tasks.o
 .bss.uxSchedulerSuspended
                0x20000b18        0x4 FreeRTOS/Source/tasks.o
 .bss.xIdleTaskHandles
                0x20000b1c        0x4 FreeRTOS/Source/tasks.o
 .bss.xNextTaskUnblockTime
                0x20000b20        0x8 FreeRTOS/Source/tasks.o
 .bss.uxTaskNumber
                0x20000b28        0x4 FreeRTOS/Source/tasks.o
 .bss.xNumOfOverflows
                0x20000b2c        0x4 FreeRTOS/Source/tasks.o
 .bss.xYieldPendings
                0x20000b30        0x4 FreeRTOS/Source/tasks.o
 *fill*         0x20000b34        0x4 
 .bss.xPendedTicks
                0x20000b38        0x8 FreeRTOS/Source/tasks.o
 .bss.xSchedulerRunning
                0x20000b40        0x4 FreeRTOS/Source/tasks.o
 .bss.uxTopReadyPriority
                0x20000b44        0x4 FreeRTOS/Source/tasks.o
 .bss.xTickCount
                0x20000b48        0x8 FreeRTOS/Source/tasks.o
 .bss.uxCurrentNumberOfTasks
                0x20000b50        0x4 FreeRTOS/Source/tasks.o
 *fill*         0x20000b54        0x4 
 .bss.xSuspendedTaskList
                0x20000b58       0x18 FreeRTOS/Source/tasks.o
 .bss.uxDeletedTasksWaitingCleanUp
                0x20000b70        0x4 FreeRTOS/Source/tasks.o
 *fill*         0x20000b74        0x4 
 .bss.xTasksWaitingTermination
                0x20000b78       0x18 FreeRTOS/Source/tasks.o
 .bss.xPendingReadyList
                0x20000b90       0x18 FreeRTOS/Source/tasks.o
 .bss.pxOverflowDelayedTaskList
                0x20000ba8        0x4 FreeRTOS/Source/tasks.o
 .bss.pxDelayedTaskList
                0x20000bac        0x4 FreeRTOS/Source/tasks.o
 .bss.xDelayedTaskList2
                0x20000bb0       0x18 FreeRTOS/Source/tasks.o
 .bss.xDelayedTaskList1
                0x20000bc8       0x18 FreeRTOS/Source/tasks.o
 .bss.pxReadyTasksLists
                0x20000be0       0x78 FreeRTOS/Source/tasks.o
 .bss.pxCurrentTCB
                0x20000c58        0x4 FreeRTOS/Source/tasks.o
                0x20000c58                pxCurrentTCB
 *fill*         0x20000c5c        0x4 
 .bss.xStaticTimerQueue.0
                0x20000c60       0x50 FreeRTOS/Source/timers.o
 .bss.ucStaticTimerQueueStorage.1
                0x20000cb0       0xf0 FreeRTOS/Source/timers.o
 .bss.xLastTime.2
                0x20000da0        0x8 FreeRTOS/Source/timers.o
 .bss.xTimerTaskHandle
                0x20000da8        0x4 FreeRTOS/Source/timers.o
 .bss.xTimerQueue
                0x20000dac        0x4 FreeRTOS/Source/timers.o
 .bss.pxOverflowTimerList
                0x20000db0        0x4 FreeRTOS/Source/timers.o
 .bss.pxCurrentTimerList
                0x20000db4        0x4 FreeRTOS/Source/timers.o
 .bss.xActiveTimerList2
                0x20000db8       0x18 FreeRTOS/Source/timers.o
 .bss.xActiveTimerList1
                0x20000dd0       0x18 FreeRTOS/Source/timers.o
 .bss.ucMaxSysCallPriority
                0x20000de8        0x1 FreeRTOS/Source/portable/GCC/ARM_CM4F/port.o
 *fill*         0x20000de9        0x3 
 .bss.xNumberOfSuccessfulFrees
                0x20000dec        0x4 FreeRTOS/Source/portable/MemMang/heap_4.o
 .bss.xNumberOfSuccessfulAllocations
                0x20000df0        0x4 FreeRTOS/Source/portable/MemMang/heap_4.o
 .bss.xMinimumEverFreeBytesRemaining
                0x20000df4        0x4 FreeRTOS/Source/portable/MemMang/heap_4.o
 .bss.xFreeBytesRemaining
                0x20000df8        0x4 FreeRTOS/Source/portable/MemMang/heap_4.o
 .bss.pxEnd     0x20000dfc        0x4 FreeRTOS/Source/portable/MemMang/heap_4.o
 .bss.xStart    0x20000e00        0x8 FreeRTOS/Source/portable/MemMang/heap_4.o
 .bss.ucHeap    0x20000e08     0x1000 FreeRTOS/Source/portable/MemMang/heap_4.o
 *(COMMON)
                0x20001e08                        . = ALIGN (0x4)
                0x20001e08                        _ebss = .
                0x20001e08                        __bss_end__ = _ebss

._user_heap_stack
                0x20001e08     0x1400 load address 0x08005168
                0x20001e08                        . = ALIGN (0x8)
                0x20001e08                        PROVIDE (end = .)
                [!provide]                        PROVIDE (_end = .)
                0x20002e08                        . = (. + _Min_Heap_Size)
 *fill*         0x20001e08     0x1000 
                0x20003208                        . = (. + _Min_Stack_Size)
 *fill*         0x20002e08      0x400 
                0x20003208                        . = ALIGN (0x8)

/DISCARD/
 libc.a(*)
 libm.a(*)
 libgcc.a(*)

.ARM.attributes
                0x00000000       0x30
 *(.ARM.attributes)
 .ARM.attributes
                0x00000000       0x22 C:/msys64/mingw64/bin/../lib/gcc/arm-none-eabi/13.3.0/thumb/v7e-m+fp/hard/crti.o
 .ARM.attributes
                0x00000022       0x34 C:/msys64/mingw64/bin/../lib/gcc/arm-none-eabi/13.3.0/thumb/v7e-m+fp/hard/crtbegin.o
 .ARM.attributes
                0x00000056       0x34 src/main.o
 .ARM.attributes
                0x0000008a       0x34 src/sensor_task.o
 .ARM.attributes
                0x000000be       0x34 src/processing_task.o
 .ARM.attributes
                0x000000f2       0x34 src/display_task.o
 .ARM.attributes
                0x00000126       0x34 src/priority_inversion_demo.o
 .ARM.attributes
                0x0000015a       0x34 src/ssd1306.o
 .ARM.attributes
                0x0000018e       0x34 src/uart.o
 .ARM.attributes
                0x000001c2       0x34 src/i2c.o
 .ARM.attributes
                0x000001f6       0x34 src/mpu6050.o
 .ARM.attributes
                0x0000022a       0x34 FreeRTOS/Source/tasks.o
 .ARM.attributes
                0x0000025e       0x34 FreeRTOS/Source/queue.o
 .ARM.attributes
                0x00000292       0x34 FreeRTOS/Source/list.o
 .ARM.attributes
                0x000002c6       0x34 FreeRTOS/Source/timers.o
 .ARM.attributes
                0x000002fa       0x34 FreeRTOS/Source/portable/GCC/ARM_CM4F/port.o
 .ARM.attributes
                0x0000032e       0x34 FreeRTOS/Source/portable/MemMang/heap_4.o
 .ARM.attributes
                0x00000362       0x25 src/startup_stm32f407.o
 .ARM.attributes
                0x00000387       0x22 C:/msys64/mingw64/bin/../lib/gcc/arm-none-eabi/13.3.0/thumb/v7e-m+fp/hard\libgcc.a(_arm_addsubdf3.o)
 .ARM.attributes
                0x000003a9       0x34 C:/msys64/mingw64/bin/../lib/gcc/arm-none-eabi/13.3.0/../../../../arm-none-eabi/lib/thumb/v7e-m+fp/hard\libc_nano.a(libc_a-findfp.o)
 .ARM.attributes
                0x000003dd       0x34 C:/msys64/mingw64/bin/../lib/gcc/arm-none-eabi/13.3.0/../../../../arm-none-eabi/lib/thumb/v7e-m+fp/hard\libc_nano.a(libc_a-snprintf.o)
 .ARM.attributes
                0x00000411       0x34 C:/msys64/mingw64/bin/../lib/gcc/arm-none-eabi/13.3.0/../../../../arm-none-eabi/lib/thumb/v7e-m+fp/hard\libc_nano.a(libc_a-memset.o)
 .ARM.attributes
                0x00000445       0x34 C:/msys64/mingw64/bin/../lib/gcc/arm-none-eabi/13.3.0/../../../../arm-none-eabi/lib/thumb/v7e-m+fp/hard\libc_nano.a(libc_a-reent.o)
 .ARM.attributes
                0x00000479       0x34 C:/msys64/mingw64/bin/../lib/gcc/arm-none-eabi/13.3.0/../../../../arm-none-eabi/lib/thumb/v7e-m+fp/hard\libc_nano.a(libc_a-impure.o)
 .ARM.attributes
                0x000004ad       0x34 C:/msys64/mingw64/bin/../lib/gcc/arm-none-eabi/13.3.0/../../../../arm-none-eabi/lib/thumb/v7e-m+fp/hard\libc_nano.a(libc_a-lock.o)
 .ARM.attributes
                0x000004e1       0x20 C:/msys64/mingw64/bin/../lib/gcc/arm-none-eabi/13.3.0/../../../../arm-none-eabi/lib/thumb/v7e-m+fp/hard\libc_nano.a(libc_a-memcpy.o)
 .ARM.attributes
                0x00000501       0x34 C:/msys64/mingw64/bin/../lib/gcc/arm-none-eabi/13.3.0/../../../../arm-none-eabi/lib/thumb/v7e-m+fp/hard\libc_nano.a(libc_a-freer.o)
 .ARM.attributes
                0x00000535       0x34 C:/msys64/mingw64/bin/../lib/gcc/arm-none-eabi/13.3.0/../../../../arm-none-eabi/lib/thumb/v7e-m+fp/hard\libc_nano.a(libc_a-mallocr.o)
 .ARM.attributes
                0x00000569       0x34 C:/msys64/mingw64/bin/../lib/gcc/arm-none-eabi/13.3.0/../../../../arm-none-eabi/lib/thumb/v7e-m+fp/hard\libc_nano.a(libc_a-mlock.o)
 .ARM.attributes
                0x0000059d       0x34 C:/msys64/mingw64/bin/../lib/gcc/arm-none-eabi/13.3.0/../../../../arm-none-eabi/lib/thumb/v7e-m+fp/hard\libc_nano.a(libc_a-nano-svfprintf.o)
 .ARM.attributes
                0x000005d1       0x34 C:/msys64/mingw64/bin/../lib/gcc/arm-none-eabi/13.3.0/../../../../arm-none-eabi/lib/thumb/v7e-m+fp/hard\libc_nano.a(libc_a-nano-vfprintf_i.o)
 .ARM.attributes
                0x00000605       0x34 C:/msys64/mingw64/bin/../lib/gcc/arm-none-eabi/13.3.0/../../../../arm-none-eabi/lib/thumb/v7e-m+fp/hard\libc_nano.a(libc_a-memmove.o)
 .ARM.attributes
                0x00000639       0x34 C:/msys64/mingw64/bin/../lib/gcc/arm-none-eabi/13.3.0/../../../../arm-none-eabi/lib/thumb/v7e-m+fp/hard\libc_nano.a(libc_a-sbrkr.o)
 .ARM.attributes
                0x0000066d       0x1c C:/msys64/mingw64/bin/../lib/gcc/arm-none-eabi/13.3.0/../../../../arm-none-eabi/lib/thumb/v7e-m+fp/hard\libc_nano.a(libc_a-memchr.o)
 .ARM.attributes
                0x00000689       0x34 C:/msys64/mingw64/bin/../lib/gcc/arm-none-eabi/13.3.0/../../../../arm-none-eabi/lib/thumb/v7e-m+fp/hard\libc_nano.a(libc_a-reallocr.o)
 .ARM.attributes
                0x000006bd       0x34 C:/msys64/mingw64/bin/../lib/gcc/arm-none-eabi/13.3.0/../../../../arm-none-eabi/lib/thumb/v7e-m+fp/hard\libc_nano.a(libc_a-msizer.o)
 .ARM.attributes
                0x000006f1       0x34 C:/msys64/mingw64/bin/../lib/gcc/arm-none-eabi/13.3.0/../../../../arm-none-eabi/lib/thumb/v7e-m+fp/hard\libnosys.a(sbrk.o)
 .ARM.attributes
                0x00000725       0x22 C:/msys64/mingw64/bin/../lib/gcc/arm-none-eabi/13.3.0/thumb/v7e-m+fp/hard/crtn.o
OUTPUT(freertos_project.elf elf32-littlearm)
LOAD linker stubs
LOAD C:/msys64/mingw64/bin/../lib/gcc/arm-none-eabi/13.3.0/../../../../arm-none-eabi/lib/thumb/v7e-m+fp/hard\libc.a
LOAD C:/msys64/mingw64/bin/../lib/gcc/arm-none-eabi/13.3.0/../../../../arm-none-eabi/lib/thumb/v7e-m+fp/hard\libm.a
LOAD C:/msys64/mingw64/bin/../lib/gcc/arm-none-eabi/13.3.0/thumb/v7e-m+fp/hard\libgcc.a

.debug_info     0x00000000    0x15e76
 .debug_info    0x00000000      0xb64 src/main.o
 .debug_info    0x00000b64      0x379 src/sensor_task.o
 .debug_info    0x00000edd      0x386 src/processing_task.o
 .debug_info    0x00001263      0x5cb src/display_task.o
 .debug_info    0x0000182e      0xd24 src/priority_inversion_demo.o
 .debug_info    0x00002552      0xa07 src/ssd1306.o
 .debug_info    0x00002f59      0xbca src/uart.o
 .debug_info    0x00003b23      0xa04 src/i2c.o
 .debug_info    0x00004527      0x590 src/mpu6050.o
 .debug_info    0x00004ab7     0x3d1f FreeRTOS/Source/tasks.o
 .debug_info    0x000087d6     0x2afe FreeRTOS/Source/queue.o
 .debug_info    0x0000b2d4      0x2b9 FreeRTOS/Source/list.o
 .debug_info    0x0000b58d     0x1c41 FreeRTOS/Source/timers.o
 .debug_info    0x0000d1ce      0x5ab FreeRTOS/Source/portable/GCC/ARM_CM4F/port.o
 .debug_info    0x0000d779      0x771 FreeRTOS/Source/portable/MemMang/heap_4.o
 .debug_info    0x0000deea       0x23 src/startup_stm32f407.o
 .debug_info    0x0000df0d       0xd3 C:/msys64/mingw64/bin/../lib/gcc/arm-none-eabi/13.3.0/thumb/v7e-m+fp/hard\libgcc.a(_arm_addsubdf3.o)
 .debug_info    0x0000dfe0     0x10c4 C:/msys64/mingw64/bin/../lib/gcc/arm-none-eabi/13.3.0/../../../../arm-none-eabi/lib/thumb/v7e-m+fp/hard\libc_nano.a(libc_a-findfp.o)
 .debug_info    0x0000f0a4      0x909 C:/msys64/mingw64/bin/../lib/gcc/arm-none-eabi/13.3.0/../../../../arm-none-eabi/lib/thumb/v7e-m+fp/hard\libc_nano.a(libc_a-snprintf.o)
 .debug_info    0x0000f9ad      0x135 C:/msys64/mingw64/bin/../lib/gcc/arm-none-eabi/13.3.0/../../../../arm-none-eabi/lib/thumb/v7e-m+fp/hard\libc_nano.a(libc_a-memset.o)
 .debug_info    0x0000fae2      0x8a9 C:/msys64/mingw64/bin/../lib/gcc/arm-none-eabi/13.3.0/../../../../arm-none-eabi/lib/thumb/v7e-m+fp/hard\libc_nano.a(libc_a-reent.o)
 .debug_info    0x0001038b      0x715 C:/msys64/mingw64/bin/../lib/gcc/arm-none-eabi/13.3.0/../../../../arm-none-eabi/lib/thumb/v7e-m+fp/hard\libc_nano.a(libc_a-impure.o)
 .debug_info    0x00010aa0      0x218 C:/msys64/mingw64/bin/../lib/gcc/arm-none-eabi/13.3.0/../../../../arm-none-eabi/lib/thumb/v7e-m+fp/hard\libc_nano.a(libc_a-lock.o)
 .debug_info    0x00010cb8       0x33 C:/msys64/mingw64/bin/../lib/gcc/arm-none-eabi/13.3.0/../../../../arm-none-eabi/lib/thumb/v7e-m+fp/hard\libc_nano.a(libc_a-memcpy.o)
 .debug_info    0x00010ceb      0x889 C:/msys64/mingw64/bin/../lib/gcc/arm-none-eabi/13.3.0/../../../../arm-none-eabi/lib/thumb/v7e-m+fp/hard\libc_nano.a(libc_a-freer.o)
 .debug_info    0x00011574      0x9c0 C:/msys64/mingw64/bin/../lib/gcc/arm-none-eabi/13.3.0/../../../../arm-none-eabi/lib/thumb/v7e-m+fp/hard\libc_nano.a(libc_a-mallocr.o)
 .debug_info    0x00011f34      0x76b C:/msys64/mingw64/bin/../lib/gcc/arm-none-eabi/13.3.0/../../../../arm-none-eabi/lib/thumb/v7e-m+fp/hard\libc_nano.a(libc_a-mlock.o)
 .debug_info    0x0001269f     0x109c C:/msys64/mingw64/bin/../lib/gcc/arm-none-eabi/13.3.0/../../../../arm-none-eabi/lib/thumb/v7e-m+fp/hard\libc_nano.a(libc_a-nano-svfprintf.o)
 .debug_info    0x0001373b      0xde1 C:/msys64/mingw64/bin/../lib/gcc/arm-none-eabi/13.3.0/../../../../arm-none-eabi/lib/thumb/v7e-m+fp/hard\libc_nano.a(libc_a-nano-vfprintf_i.o)
 .debug_info    0x0001451c      0x148 C:/msys64/mingw64/bin/../lib/gcc/arm-none-eabi/13.3.0/../../../../arm-none-eabi/lib/thumb/v7e-m+fp/hard\libc_nano.a(libc_a-memmove.o)
 .debug_info    0x00014664      0x782 C:/msys64/mingw64/bin/../lib/gcc/arm-none-eabi/13.3.0/../../../../arm-none-eabi/lib/thumb/v7e-m+fp/hard\libc_nano.a(libc_a-sbrkr.o)
 .debug_info    0x00014de6       0x25 C:/msys64/mingw64/bin/../lib/gcc/arm-none-eabi/13.3.0/../../../../arm-none-eabi/lib/thumb/v7e-m+fp/hard\libc_nano.a(libc_a-memchr.o)
 .debug_info    0x00014e0b      0x8d7 C:/msys64/mingw64/bin/../lib/gcc/arm-none-eabi/13.3.0/../../../../arm-none-eabi/lib/thumb/v7e-m+fp/hard\libc_nano.a(libc_a-reallocr.o)
 .debug_info    0x000156e2      0x794 C:/msys64/mingw64/bin/../lib/gcc/arm-none-eabi/13.3.0/../../../../arm-none-eabi/lib/thumb/v7e-m+fp/hard\libc_nano.a(libc_a-msizer.o)

.debug_abbrev   0x00000000     0x47b2
 .debug_abbrev  0x00000000      0x2f4 src/main.o
 .debug_abbrev  0x000002f4      0x1da src/sensor_task.o
 .debug_abbrev  0x000004ce      0x1bb src/processing_task.o
 .debug_abbrev  0x00000689      0x1dd src/display_task.o
 .debug_abbrev  0x00000866      0x1ae src/priority_inversion_demo.o
 .debug_abbrev  0x00000a14      0x252 src/ssd1306.o
 .debug_abbrev  0x00000c66      0x303 src/uart.o
 .debug_abbrev  0x00000f69      0x2b3 src/i2c.o
 .debug_abbrev  0x0000121c      0x203 src/mpu6050.o
 .debug_abbrev  0x0000141f      0x526 FreeRTOS/Source/tasks.o
 .debug_abbrev  0x00001945      0x484 FreeRTOS/Source/queue.o
 .debug_abbrev  0x00001dc9      0x116 FreeRTOS/Source/list.o
 .debug_abbrev  0x00001edf      0x4bd FreeRTOS/Source/timers.o
 .debug_abbrev  0x0000239c      0x287 FreeRTOS/Source/portable/GCC/ARM_CM4F/port.o
 .debug_abbrev  0x00002623      0x33e FreeRTOS/Source/portable/MemMang/heap_4.o
 .debug_abbrev  0x00002961       0x12 src/startup_stm32f407.o
 .debug_abbrev  0x00002973       0x28 C:/msys64/mingw64/bin/../lib/gcc/arm-none-eabi/13.3.0/thumb/v7e-m+fp/hard\libgcc.a(_arm_addsubdf3.o)
 .debug_abbrev  0x0000299b      0x446 C:/msys64/mingw64/bin/../lib/gcc/arm-none-eabi/13.3.0/../../../../arm-none-eabi/lib/thumb/v7e-m+fp/hard\libc_nano.a(libc_a-findfp.o)
 .debug_abbrev  0x00002de1      0x23c C:/msys64/mingw64/bin/../lib/gcc/arm-none-eabi/13.3.0/../../../../arm-none-eabi/lib/thumb/v7e-m+fp/hard\libc_nano.a(libc_a-snprintf.o)
 .debug_abbrev  0x0000301d       0xb7 C:/msys64/mingw64/bin/../lib/gcc/arm-none-eabi/13.3.0/../../../../arm-none-eabi/lib/thumb/v7e-m+fp/hard\libc_nano.a(libc_a-memset.o)
 .debug_abbrev  0x000030d4      0x1ee C:/msys64/mingw64/bin/../lib/gcc/arm-none-eabi/13.3.0/../../../../arm-none-eabi/lib/thumb/v7e-m+fp/hard\libc_nano.a(libc_a-reent.o)
 .debug_abbrev  0x000032c2      0x149 C:/msys64/mingw64/bin/../lib/gcc/arm-none-eabi/13.3.0/../../../../arm-none-eabi/lib/thumb/v7e-m+fp/hard\libc_nano.a(libc_a-impure.o)
 .debug_abbrev  0x0000340b      0x115 C:/msys64/mingw64/bin/../lib/gcc/arm-none-eabi/13.3.0/../../../../arm-none-eabi/lib/thumb/v7e-m+fp/hard\libc_nano.a(libc_a-lock.o)
 .debug_abbrev  0x00003520       0x28 C:/msys64/mingw64/bin/../lib/gcc/arm-none-eabi/13.3.0/../../../../arm-none-eabi/lib/thumb/v7e-m+fp/hard\libc_nano.a(libc_a-memcpy.o)
 .debug_abbrev  0x00003548      0x249 C:/msys64/mingw64/bin/../lib/gcc/arm-none-eabi/13.3.0/../../../../arm-none-eabi/lib/thumb/v7e-m+fp/hard\libc_nano.a(libc_a-freer.o)
 .debug_abbrev  0x00003791      0x24a C:/msys64/mingw64/bin/../lib/gcc/arm-none-eabi/13.3.0/../../../../arm-none-eabi/lib/thumb/v7e-m+fp/hard\libc_nano.a(libc_a-mallocr.o)
 .debug_abbrev  0x000039db      0x1bf C:/msys64/mingw64/bin/../lib/gcc/arm-none-eabi/13.3.0/../../../../arm-none-eabi/lib/thumb/v7e-m+fp/hard\libc_nano.a(libc_a-mlock.o)
 .debug_abbrev  0x00003b9a      0x338 C:/msys64/mingw64/bin/../lib/gcc/arm-none-eabi/13.3.0/../../../../arm-none-eabi/lib/thumb/v7e-m+fp/hard\libc_nano.a(libc_a-nano-svfprintf.o)
 .debug_abbrev  0x00003ed2      0x28d C:/msys64/mingw64/bin/../lib/gcc/arm-none-eabi/13.3.0/../../../../arm-none-eabi/lib/thumb/v7e-m+fp/hard\libc_nano.a(libc_a-nano-vfprintf_i.o)
 .debug_abbrev  0x0000415f       0xc3 C:/msys64/mingw64/bin/../lib/gcc/arm-none-eabi/13.3.0/../../../../arm-none-eabi/lib/thumb/v7e-m+fp/hard\libc_nano.a(libc_a-memmove.o)
 .debug_abbrev  0x00004222      0x1da C:/msys64/mingw64/bin/../lib/gcc/arm-none-eabi/13.3.0/../../../../arm-none-eabi/lib/thumb/v7e-m+fp/hard\libc_nano.a(libc_a-sbrkr.o)
 .debug_abbrev  0x000043fc       0x14 C:/msys64/mingw64/bin/../lib/gcc/arm-none-eabi/13.3.0/../../../../arm-none-eabi/lib/thumb/v7e-m+fp/hard\libc_nano.a(libc_a-memchr.o)
 .debug_abbrev  0x00004410      0x20c C:/msys64/mingw64/bin/../lib/gcc/arm-none-eabi/13.3.0/../../../../arm-none-eabi/lib/thumb/v7e-m+fp/hard\libc_nano.a(libc_a-reallocr.o)
 .debug_abbrev  0x0000461c      0x196 C:/msys64/mingw64/bin/../lib/gcc/arm-none-eabi/13.3.0/../../../../arm-none-eabi/lib/thumb/v7e-m+fp/hard\libc_nano.a(libc_a-msizer.o)

.debug_loclists
                0x00000000     0x6d14
 .debug_loclists
                0x00000000       0x72 src/main.o
 .debug_loclists
                0x00000072       0x29 src/sensor_task.o
 .debug_loclists
                0x0000009b       0x6d src/processing_task.o
 .debug_loclists
                0x00000108       0x40 src/display_task.o
 .debug_loclists
                0x00000148      0x192 src/priority_inversion_demo.o
 .debug_loclists
                0x000002da      0x223 src/ssd1306.o
 .debug_loclists
                0x000004fd       0x8c src/uart.o
 .debug_loclists
                0x00000589      0x4be src/i2c.o
 .debug_loclists
                0x00000a47      0x1a9 src/mpu6050.o
 .debug_loclists
                0x00000bf0     0x1e06 FreeRTOS/Source/tasks.o
 .debug_loclists
                0x000029f6     0x1697 FreeRTOS/Source/queue.o
 .debug_loclists
                0x0000408d       0x7a FreeRTOS/Source/list.o
 .debug_loclists
                0x00004107      0xe64 FreeRTOS/Source/timers.o
 .debug_loclists
                0x00004f6b       0xbc FreeRTOS/Source/portable/GCC/ARM_CM4F/port.o
 .debug_loclists
                0x00005027      0x3f7 FreeRTOS/Source/portable/MemMang/heap_4.o
 .debug_loclists
                0x0000541e      0x2b8 C:/msys64/mingw64/bin/../lib/gcc/arm-none-eabi/13.3.0/../../../../arm-none-eabi/lib/thumb/v7e-m+fp/hard\libc_nano.a(libc_a-findfp.o)
 .debug_loclists
                0x000056d6      0x212 C:/msys64/mingw64/bin/../lib/gcc/arm-none-eabi/13.3.0/../../../../arm-none-eabi/lib/thumb/v7e-m+fp/hard\libc_nano.a(libc_a-snprintf.o)
 .debug_loclists
                0x000058e8      0x1c2 C:/msys64/mingw64/bin/../lib/gcc/arm-none-eabi/13.3.0/../../../../arm-none-eabi/lib/thumb/v7e-m+fp/hard\libc_nano.a(libc_a-memset.o)
 .debug_loclists
                0x00005aaa       0x80 C:/msys64/mingw64/bin/../lib/gcc/arm-none-eabi/13.3.0/../../../../arm-none-eabi/lib/thumb/v7e-m+fp/hard\libc_nano.a(libc_a-reent.o)
 .debug_loclists
                0x00005b2a       0x24 C:/msys64/mingw64/bin/../lib/gcc/arm-none-eabi/13.3.0/../../../../arm-none-eabi/lib/thumb/v7e-m+fp/hard\libc_nano.a(libc_a-lock.o)
 .debug_loclists
                0x00005b4e      0x164 C:/msys64/mingw64/bin/../lib/gcc/arm-none-eabi/13.3.0/../../../../arm-none-eabi/lib/thumb/v7e-m+fp/hard\libc_nano.a(libc_a-freer.o)
 .debug_loclists
                0x00005cb2      0x263 C:/msys64/mingw64/bin/../lib/gcc/arm-none-eabi/13.3.0/../../../../arm-none-eabi/lib/thumb/v7e-m+fp/hard\libc_nano.a(libc_a-mallocr.o)
 .debug_loclists
                0x00005f15       0x3c C:/msys64/mingw64/bin/../lib/gcc/arm-none-eabi/13.3.0/../../../../arm-none-eabi/lib/thumb/v7e-m+fp/hard\libc_nano.a(libc_a-mlock.o)
 .debug_loclists
                0x00005f51      0x56b C:/msys64/mingw64/bin/../lib/gcc/arm-none-eabi/13.3.0/../../../../arm-none-eabi/lib/thumb/v7e-m+fp/hard\libc_nano.a(libc_a-nano-svfprintf.o)
 .debug_loclists
                0x000064bc      0x44f C:/msys64/mingw64/bin/../lib/gcc/arm-none-eabi/13.3.0/../../../../arm-none-eabi/lib/thumb/v7e-m+fp/hard\libc_nano.a(libc_a-nano-vfprintf_i.o)
 .debug_loclists
                0x0000690b      0x233 C:/msys64/mingw64/bin/../lib/gcc/arm-none-eabi/13.3.0/../../../../arm-none-eabi/lib/thumb/v7e-m+fp/hard\libc_nano.a(libc_a-memmove.o)
 .debug_loclists
                0x00006b3e       0x4b C:/msys64/mingw64/bin/../lib/gcc/arm-none-eabi/13.3.0/../../../../arm-none-eabi/lib/thumb/v7e-m+fp/hard\libc_nano.a(libc_a-sbrkr.o)
 .debug_loclists
                0x00006b89      0x102 C:/msys64/mingw64/bin/../lib/gcc/arm-none-eabi/13.3.0/../../../../arm-none-eabi/lib/thumb/v7e-m+fp/hard\libc_nano.a(libc_a-reallocr.o)
 .debug_loclists
                0x00006c8b       0x59 C:/msys64/mingw64/bin/../lib/gcc/arm-none-eabi/13.3.0/../../../../arm-none-eabi/lib/thumb/v7e-m+fp/hard\libc_nano.a(libc_a-msizer.o)
 .debug_loclists
                0x00006ce4       0x30 C:/msys64/mingw64/bin/../lib/gcc/arm-none-eabi/13.3.0/../../../../arm-none-eabi/lib/thumb/v7e-m+fp/hard\libnosys.a(sbrk.o)

.debug_aranges  0x00000000      0x948
 .debug_aranges
                0x00000000       0x40 src/main.o
 .debug_aranges
                0x00000040       0x20 src/sensor_task.o
 .debug_aranges
                0x00000060       0x20 src/processing_task.o
 .debug_aranges
                0x00000080       0x20 src/display_task.o
 .debug_aranges
                0x000000a0       0x50 src/priority_inversion_demo.o
 .debug_aranges
                0x000000f0       0x40 src/ssd1306.o
 .debug_aranges
                0x00000130       0x48 src/uart.o
 .debug_aranges
                0x00000178       0x68 src/i2c.o
 .debug_aranges
                0x000001e0       0x38 src/mpu6050.o
 .debug_aranges
                0x00000218      0x200 FreeRTOS/Source/tasks.o
 .debug_aranges
                0x00000418      0x100 FreeRTOS/Source/queue.o
 .debug_aranges
                0x00000518       0x40 FreeRTOS/Source/list.o
 .debug_aranges
                0x00000558       0xc0 FreeRTOS/Source/timers.o
 .debug_aranges
                0x00000618       0x70 FreeRTOS/Source/portable/GCC/ARM_CM4F/port.o
 .debug_aranges
                0x00000688       0x60 FreeRTOS/Source/portable/MemMang/heap_4.o
 .debug_aranges
                0x000006e8       0x28 src/startup_stm32f407.o
 .debug_aranges
                0x00000710       0x20 C:/msys64/mingw64/bin/../lib/gcc/arm-none-eabi/13.3.0/thumb/v7e-m+fp/hard\libgcc.a(_arm_addsubdf3.o)
 .debug_aranges
                0x00000730       0x20 C:/msys64/mingw64/bin/../lib/gcc/arm-none-eabi/13.3.0/../../../../arm-none-eabi/lib/thumb/v7e-m+fp/hard\libc_nano.a(libc_a-findfp.o)
 .debug_aranges
                0x00000750       0x20 C:/msys64/mingw64/bin/../lib/gcc/arm-none-eabi/13.3.0/../../../../arm-none-eabi/lib/thumb/v7e-m+fp/hard\libc_nano.a(libc_a-snprintf.o)
 .debug_aranges
                0x00000770       0x20 C:/msys64/mingw64/bin/../lib/gcc/arm-none-eabi/13.3.0/../../../../arm-none-eabi/lib/thumb/v7e-m+fp/hard\libc_nano.a(libc_a-memset.o)
 .debug_aranges
                0x00000790       0x20 C:/msys64/mingw64/bin/../lib/gcc/arm-none-eabi/13.3.0/../../../../arm-none-eabi/lib/thumb/v7e-m+fp/hard\libc_nano.a(libc_a-reent.o)
 .debug_aranges
                0x000007b0       0x18 C:/msys64/mingw64/bin/../lib/gcc/arm-none-eabi/13.3.0/../../../../arm-none-eabi/lib/thumb/v7e-m+fp/hard\libc_nano.a(libc_a-impure.o)
 .debug_aranges
                0x000007c8       0x20 C:/msys64/mingw64/bin/../lib/gcc/arm-none-eabi/13.3.0/../../../../arm-none-eabi/lib/thumb/v7e-m+fp/hard\libc_nano.a(libc_a-lock.o)
 .debug_aranges
                0x000007e8       0x20 C:/msys64/mingw64/bin/../lib/gcc/arm-none-eabi/13.3.0/../../../../arm-none-eabi/lib/thumb/v7e-m+fp/hard\libc_nano.a(libc_a-memcpy.o)
 .debug_aranges
                0x00000808       0x20 C:/msys64/mingw64/bin/../lib/gcc/arm-none-eabi/13.3.0/../../../../arm-none-eabi/lib/thumb/v7e-m+fp/hard\libc_nano.a(libc_a-freer.o)
 .debug_aranges
                0x00000828       0x20 C:/msys64/mingw64/bin/../lib/gcc/arm-none-eabi/13.3.0/../../../../arm-none-eabi/lib/thumb/v7e-m+fp/hard\libc_nano.a(libc_a-mallocr.o)
 .debug_aranges
                0x00000848       0x20 C:/msys64/mingw64/bin/../lib/gcc/arm-none-eabi/13.3.0/../../../../arm-none-eabi/lib/thumb/v7e-m+fp/hard\libc_nano.a(libc_a-mlock.o)
 .debug_aranges
                0x00000868       0x20 C:/msys64/mingw64/bin/../lib/gcc/arm-none-eabi/13.3.0/../../../../arm-none-eabi/lib/thumb/v7e-m+fp/hard\libc_nano.a(libc_a-nano-svfprintf.o)
 .debug_aranges
                0x00000888       0x20 C:/msys64/mingw64/bin/../lib/gcc/arm-none-eabi/13.3.0/../../../../arm-none-eabi/lib/thumb/v7e-m+fp/hard\libc_nano.a(libc_a-nano-vfprintf_i.o)
 .debug_aranges
                0x000008a8       0x20 C:/msys64/mingw64/bin/../lib/gcc/arm-none-eabi/13.3.0/../../../../arm-none-eabi/lib/thumb/v7e-m+fp/hard\libc_nano.a(libc_a-memmove.o)
 .debug_aranges
                0x000008c8       0x20 C:/msys64/mingw64/bin/../lib/gcc/arm-none-eabi/13.3.0/../../../../arm-none-eabi/lib/thumb/v7e-m+fp/hard\libc_nano.a(libc_a-sbrkr.o)
 .debug_aranges
                0x000008e8       0x20 C:/msys64/mingw64/bin/../lib/gcc/arm-none-eabi/13.3.0/../../../../arm-none-eabi/lib/thumb/v7e-m+fp/hard\libc_nano.a(libc_a-memchr.o)
 .debug_aranges
                0x00000908       0x20 C:/msys64/mingw64/bin/../lib/gcc/arm-none-eabi/13.3.0/../../../../arm-none-eabi/lib/thumb/v7e-m+fp/hard\libc_nano.a(libc_a-reallocr.o)
 .debug_aranges
                0x00000928       0x20 C:/msys64/mingw64/bin/../lib/gcc/arm-none-eabi/13.3.0/../../../../arm-none-eabi/lib/thumb/v7e-m+fp/hard\libc_nano.a(libc_a-msizer.o)

.debug_rnglists
                0x00000000      0xe7a
 .debug_rnglists
                0x00000000       0x47 src/main.o
 .debug_rnglists
                0x00000047       0x1f src/sensor_task.o
 .debug_rnglists
                0x00000066       0x21 src/processing_task.o
 .debug_rnglists
                0x00000087       0x14 src/display_task.o
 .debug_rnglists
                0x0000009b       0x3c src/priority_inversion_demo.o
 .debug_rnglists
                0x000000d7       0x85 src/ssd1306.o
 .debug_rnglists
                0x0000015c       0x4c src/uart.o
 .debug_rnglists
                0x000001a8      0x12b src/i2c.o
 .debug_rnglists
                0x000002d3       0x62 src/mpu6050.o
 .debug_rnglists
                0x00000335      0x4c4 FreeRTOS/Source/tasks.o
 .debug_rnglists
                0x000007f9      0x24f FreeRTOS/Source/queue.o
 .debug_rnglists
                0x00000a48       0x2b FreeRTOS/Source/list.o
 .debug_rnglists
                0x00000a73      0x1a9 FreeRTOS/Source/timers.o
 .debug_rnglists
                0x00000c1c       0x74 FreeRTOS/Source/portable/GCC/ARM_CM4F/port.o
 .debug_rnglists
                0x00000c90       0x59 FreeRTOS/Source/portable/MemMang/heap_4.o
 .debug_rnglists
                0x00000ce9       0x19 src/startup_stm32f407.o
 .debug_rnglists
                0x00000d02       0x9f C:/msys64/mingw64/bin/../lib/gcc/arm-none-eabi/13.3.0/../../../../arm-none-eabi/lib/thumb/v7e-m+fp/hard\libc_nano.a(libc_a-findfp.o)
 .debug_rnglists
                0x00000da1       0x13 C:/msys64/mingw64/bin/../lib/gcc/arm-none-eabi/13.3.0/../../../../arm-none-eabi/lib/thumb/v7e-m+fp/hard\libc_nano.a(libc_a-freer.o)
 .debug_rnglists
                0x00000db4       0x1e C:/msys64/mingw64/bin/../lib/gcc/arm-none-eabi/13.3.0/../../../../arm-none-eabi/lib/thumb/v7e-m+fp/hard\libc_nano.a(libc_a-mallocr.o)
 .debug_rnglists
                0x00000dd2       0x42 C:/msys64/mingw64/bin/../lib/gcc/arm-none-eabi/13.3.0/../../../../arm-none-eabi/lib/thumb/v7e-m+fp/hard\libc_nano.a(libc_a-nano-svfprintf.o)
 .debug_rnglists
                0x00000e14       0x66 C:/msys64/mingw64/bin/../lib/gcc/arm-none-eabi/13.3.0/../../../../arm-none-eabi/lib/thumb/v7e-m+fp/hard\libc_nano.a(libc_a-nano-vfprintf_i.o)

.debug_macro    0x00000000    0x1ca1c
 .debug_macro   0x00000000      0x2be src/main.o
 .debug_macro   0x000002be      0xacc src/main.o
 .debug_macro   0x00000d8a      0x190 src/main.o
 .debug_macro   0x00000f1a       0x22 src/main.o
 .debug_macro   0x00000f3c       0x8e src/main.o
 .debug_macro   0x00000fca       0x51 src/main.o
 .debug_macro   0x0000101b      0x103 src/main.o
 .debug_macro   0x0000111e       0x6a src/main.o
 .debug_macro   0x00001188      0x1df src/main.o
 .debug_macro   0x00001367       0x16 src/main.o
 .debug_macro   0x0000137d      0x29a src/main.o
 .debug_macro   0x00001617       0x1c src/main.o
 .debug_macro   0x00001633      0x182 src/main.o
 .debug_macro   0x000017b5       0xcc src/main.o
 .debug_macro   0x00001881       0x2e src/main.o
 .debug_macro   0x000018af       0x1f src/main.o
 .debug_macro   0x000018ce       0x12 src/main.o
 .debug_macro   0x000018e0      0xf38 src/main.o
 .debug_macro   0x00002818       0xc3 src/main.o
 .debug_macro   0x000028db      0x161 src/main.o
 .debug_macro   0x00002a3c       0x8e src/main.o
 .debug_macro   0x00002aca       0x9a src/main.o
 .debug_macro   0x00002b64       0x74 src/main.o
 .debug_macro   0x00002bd8       0x2a src/main.o
 .debug_macro   0x00002c02       0x3c src/main.o
 .debug_macro   0x00002c3e       0x34 src/main.o
 .debug_macro   0x00002c72       0x16 src/main.o
 .debug_macro   0x00002c88       0x3c src/main.o
 .debug_macro   0x00002cc4      0x370 src/main.o
 .debug_macro   0x00003034       0x10 src/main.o
 .debug_macro   0x00003044       0x16 src/main.o
 .debug_macro   0x0000305a       0x4a src/main.o
 .debug_macro   0x000030a4       0x34 src/main.o
 .debug_macro   0x000030d8       0x10 src/main.o
 .debug_macro   0x000030e8       0x58 src/main.o
 .debug_macro   0x00003140      0x1e5 src/main.o
 .debug_macro   0x00003325       0x16 src/main.o
 .debug_macro   0x0000333b       0x16 src/main.o
 .debug_macro   0x00003351      0x170 src/main.o
 .debug_macro   0x000034c1       0x2e src/main.o
 .debug_macro   0x000034ef       0x2f src/main.o
 .debug_macro   0x0000351e       0x1c src/main.o
 .debug_macro   0x0000353a       0x22 src/main.o
 .debug_macro   0x0000355c       0xfb src/main.o
 .debug_macro   0x00003657     0x1011 src/main.o
 .debug_macro   0x00004668      0x11f src/main.o
 .debug_macro   0x00004787    0x15ea5 src/main.o
 .debug_macro   0x0001a62c       0x6d src/main.o
 .debug_macro   0x0001a699       0x4c src/main.o
 .debug_macro   0x0001a6e5       0x34 src/main.o
 .debug_macro   0x0001a719       0x16 src/main.o
 .debug_macro   0x0001a72f       0x28 src/main.o
 .debug_macro   0x0001a757       0x22 src/main.o
 .debug_macro   0x0001a779       0x1c src/main.o
 .debug_macro   0x0001a795       0x1c src/main.o
 .debug_macro   0x0001a7b1      0x181 src/sensor_task.o
 .debug_macro   0x0001a932       0x1c src/sensor_task.o
 .debug_macro   0x0001a94e      0x223 src/processing_task.o
 .debug_macro   0x0001ab71       0x16 src/processing_task.o
 .debug_macro   0x0001ab87      0x19b src/processing_task.o
 .debug_macro   0x0001ad22      0x2ae src/display_task.o
 .debug_macro   0x0001afd0       0x16 src/display_task.o
 .debug_macro   0x0001afe6       0x10 src/display_task.o
 .debug_macro   0x0001aff6       0x58 src/display_task.o
 .debug_macro   0x0001b04e       0x1c src/display_task.o
 .debug_macro   0x0001b06a       0x1c src/display_task.o
 .debug_macro   0x0001b086      0x243 src/priority_inversion_demo.o
 .debug_macro   0x0001b2c9      0x16f src/ssd1306.o
 .debug_macro   0x0001b438       0x1c src/ssd1306.o
 .debug_macro   0x0001b454      0x1a6 src/uart.o
 .debug_macro   0x0001b5fa       0x9e src/uart.o
 .debug_macro   0x0001b698      0x112 src/uart.o
 .debug_macro   0x0001b7aa       0xd8 src/i2c.o
 .debug_macro   0x0001b882       0x7c src/mpu6050.o
 .debug_macro   0x0001b8fe       0x2e src/mpu6050.o
 .debug_macro   0x0001b92c      0x2b9 FreeRTOS/Source/tasks.o
 .debug_macro   0x0001bbe5       0x6e FreeRTOS/Source/tasks.o
 .debug_macro   0x0001bc53       0x94 FreeRTOS/Source/tasks.o
 .debug_macro   0x0001bce7       0x16 FreeRTOS/Source/tasks.o
 .debug_macro   0x0001bcfd      0x11c FreeRTOS/Source/tasks.o
 .debug_macro   0x0001be19       0x9b FreeRTOS/Source/tasks.o
 .debug_macro   0x0001beb4       0x57 FreeRTOS/Source/tasks.o
 .debug_macro   0x0001bf0b       0x16 FreeRTOS/Source/tasks.o
 .debug_macro   0x0001bf21       0x29 FreeRTOS/Source/tasks.o
 .debug_macro   0x0001bf4a       0x98 FreeRTOS/Source/tasks.o
 .debug_macro   0x0001bfe2       0x16 FreeRTOS/Source/tasks.o
 .debug_macro   0x0001bff8      0x225 FreeRTOS/Source/queue.o
 .debug_macro   0x0001c21d      0x193 FreeRTOS/Source/list.o
 .debug_macro   0x0001c3b0      0x1e2 FreeRTOS/Source/timers.o
 .debug_macro   0x0001c592       0x9e FreeRTOS/Source/timers.o
 .debug_macro   0x0001c630      0x1cf FreeRTOS/Source/portable/GCC/ARM_CM4F/port.o
 .debug_macro   0x0001c7ff      0x21d FreeRTOS/Source/portable/MemMang/heap_4.o

.debug_line     0x00000000     0xef9f
 .debug_line    0x00000000      0x777 src/main.o
 .debug_line    0x00000777      0x37c src/sensor_task.o
 .debug_line    0x00000af3      0x435 src/processing_task.o
 .debug_line    0x00000f28      0x49f src/display_task.o
 .debug_line    0x000013c7      0x70f src/priority_inversion_demo.o
 .debug_line    0x00001ad6      0x628 src/ssd1306.o
 .debug_line    0x000020fe      0x545 src/uart.o
 .debug_line    0x00002643      0xbad src/i2c.o
 .debug_line    0x000031f0      0x35e src/mpu6050.o
 .debug_line    0x0000354e     0x3d61 FreeRTOS/Source/tasks.o
 .debug_line    0x000072af     0x22b8 FreeRTOS/Source/queue.o
 .debug_line    0x00009567      0x4ad FreeRTOS/Source/list.o
 .debug_line    0x00009a14     0x1133 FreeRTOS/Source/timers.o
 .debug_line    0x0000ab47      0x709 FreeRTOS/Source/portable/GCC/ARM_CM4F/port.o
 .debug_line    0x0000b250      0xae9 FreeRTOS/Source/portable/MemMang/heap_4.o
 .debug_line    0x0000bd39       0x78 src/startup_stm32f407.o
 .debug_line    0x0000bdb1      0x16f C:/msys64/mingw64/bin/../lib/gcc/arm-none-eabi/13.3.0/thumb/v7e-m+fp/hard\libgcc.a(_arm_addsubdf3.o)
 .debug_line    0x0000bf20      0x66d C:/msys64/mingw64/bin/../lib/gcc/arm-none-eabi/13.3.0/../../../../arm-none-eabi/lib/thumb/v7e-m+fp/hard\libc_nano.a(libc_a-findfp.o)
 .debug_line    0x0000c58d      0x35e C:/msys64/mingw64/bin/../lib/gcc/arm-none-eabi/13.3.0/../../../../arm-none-eabi/lib/thumb/v7e-m+fp/hard\libc_nano.a(libc_a-snprintf.o)
 .debug_line    0x0000c8eb      0x1ca C:/msys64/mingw64/bin/../lib/gcc/arm-none-eabi/13.3.0/../../../../arm-none-eabi/lib/thumb/v7e-m+fp/hard\libc_nano.a(libc_a-memset.o)
 .debug_line    0x0000cab5      0x285 C:/msys64/mingw64/bin/../lib/gcc/arm-none-eabi/13.3.0/../../../../arm-none-eabi/lib/thumb/v7e-m+fp/hard\libc_nano.a(libc_a-reent.o)
 .debug_line    0x0000cd3a       0xfb C:/msys64/mingw64/bin/../lib/gcc/arm-none-eabi/13.3.0/../../../../arm-none-eabi/lib/thumb/v7e-m+fp/hard\libc_nano.a(libc_a-impure.o)
 .debug_line    0x0000ce35       0xd7 C:/msys64/mingw64/bin/../lib/gcc/arm-none-eabi/13.3.0/../../../../arm-none-eabi/lib/thumb/v7e-m+fp/hard\libc_nano.a(libc_a-lock.o)
 .debug_line    0x0000cf0c       0xb9 C:/msys64/mingw64/bin/../lib/gcc/arm-none-eabi/13.3.0/../../../../arm-none-eabi/lib/thumb/v7e-m+fp/hard\libc_nano.a(libc_a-memcpy.o)
 .debug_line    0x0000cfc5      0x2cd C:/msys64/mingw64/bin/../lib/gcc/arm-none-eabi/13.3.0/../../../../arm-none-eabi/lib/thumb/v7e-m+fp/hard\libc_nano.a(libc_a-freer.o)
 .debug_line    0x0000d292      0x446 C:/msys64/mingw64/bin/../lib/gcc/arm-none-eabi/13.3.0/../../../../arm-none-eabi/lib/thumb/v7e-m+fp/hard\libc_nano.a(libc_a-mallocr.o)
 .debug_line    0x0000d6d8      0x162 C:/msys64/mingw64/bin/../lib/gcc/arm-none-eabi/13.3.0/../../../../arm-none-eabi/lib/thumb/v7e-m+fp/hard\libc_nano.a(libc_a-mlock.o)
 .debug_line    0x0000d83a      0x85a C:/msys64/mingw64/bin/../lib/gcc/arm-none-eabi/13.3.0/../../../../arm-none-eabi/lib/thumb/v7e-m+fp/hard\libc_nano.a(libc_a-nano-svfprintf.o)
 .debug_line    0x0000e094      0x763 C:/msys64/mingw64/bin/../lib/gcc/arm-none-eabi/13.3.0/../../../../arm-none-eabi/lib/thumb/v7e-m+fp/hard\libc_nano.a(libc_a-nano-vfprintf_i.o)
 .debug_line    0x0000e7f7      0x205 C:/msys64/mingw64/bin/../lib/gcc/arm-none-eabi/13.3.0/../../../../arm-none-eabi/lib/thumb/v7e-m+fp/hard\libc_nano.a(libc_a-memmove.o)
 .debug_line    0x0000e9fc      0x19d C:/msys64/mingw64/bin/../lib/gcc/arm-none-eabi/13.3.0/../../../../arm-none-eabi/lib/thumb/v7e-m+fp/hard\libc_nano.a(libc_a-sbrkr.o)
 .debug_line    0x0000eb99       0x84 C:/msys64/mingw64/bin/../lib/gcc/arm-none-eabi/13.3.0/../../../../arm-none-eabi/lib/thumb/v7e-m+fp/hard\libc_nano.a(libc_a-memchr.o)
 .debug_line    0x0000ec1d      0x202 C:/msys64/mingw64/bin/../lib/gcc/arm-none-eabi/13.3.0/../../../../arm-none-eabi/lib/thumb/v7e-m+fp/hard\libc_nano.a(libc_a-reallocr.o)
 .debug_line    0x0000ee1f      0x180 C:/msys64/mingw64/bin/../lib/gcc/arm-none-eabi/13.3.0/../../../../arm-none-eabi/lib/thumb/v7e-m+fp/hard\libc_nano.a(libc_a-msizer.o)

.debug_str      0x00000000    0x9e5d4
 .debug_str     0x00000000    0x9e5d4 src/main.o
                              0x97ccd (size before relaxing)
 .debug_str     0x0009e5d4        0x0 src/sensor_task.o
                              0x93b7f (size before relaxing)
 .debug_str     0x0009e5d4        0x0 src/processing_task.o
                              0x96ee9 (size before relaxing)
 .debug_str     0x0009e5d4        0x0 src/display_task.o
                              0x97a13 (size before relaxing)
 .debug_str     0x0009e5d4        0x0 src/priority_inversion_demo.o
                              0x97835 (size before relaxing)
 .debug_str     0x0009e5d4        0x0 src/ssd1306.o
                               0x744f (size before relaxing)
 .debug_str     0x0009e5d4        0x0 src/uart.o
                              0x8c25b (size before relaxing)
 .debug_str     0x0009e5d4        0x0 src/i2c.o
                              0x88607 (size before relaxing)
 .debug_str     0x0009e5d4        0x0 src/mpu6050.o
                               0x3e8a (size before relaxing)
 .debug_str     0x0009e5d4        0x0 FreeRTOS/Source/tasks.o
                              0x13d6f (size before relaxing)
 .debug_str     0x0009e5d4        0x0 FreeRTOS/Source/queue.o
                              0x12dca (size before relaxing)
 .debug_str     0x0009e5d4        0x0 FreeRTOS/Source/list.o
                              0x10243 (size before relaxing)
 .debug_str     0x0009e5d4        0x0 FreeRTOS/Source/timers.o
                              0x13244 (size before relaxing)
 .debug_str     0x0009e5d4        0x0 FreeRTOS/Source/portable/GCC/ARM_CM4F/port.o
                               0xf385 (size before relaxing)
 .debug_str     0x0009e5d4        0x0 FreeRTOS/Source/portable/MemMang/heap_4.o
                              0x11de8 (size before relaxing)
 .debug_str     0x0009e5d4        0x0 src/startup_stm32f407.o
                                 0x3a (size before relaxing)
 .debug_str     0x0009e5d4        0x0 C:/msys64/mingw64/bin/../lib/gcc/arm-none-eabi/13.3.0/thumb/v7e-m+fp/hard\libgcc.a(_arm_addsubdf3.o)
                                0x12f (size before relaxing)
 .debug_str     0x0009e5d4        0x0 C:/msys64/mingw64/bin/../lib/gcc/arm-none-eabi/13.3.0/../../../../arm-none-eabi/lib/thumb/v7e-m+fp/hard\libc_nano.a(libc_a-findfp.o)
                                0x72a (size before relaxing)
 .debug_str     0x0009e5d4        0x0 C:/msys64/mingw64/bin/../lib/gcc/arm-none-eabi/13.3.0/../../../../arm-none-eabi/lib/thumb/v7e-m+fp/hard\libc_nano.a(libc_a-snprintf.o)
                                0x4f5 (size before relaxing)
 .debug_str     0x0009e5d4        0x0 C:/msys64/mingw64/bin/../lib/gcc/arm-none-eabi/13.3.0/../../../../arm-none-eabi/lib/thumb/v7e-m+fp/hard\libc_nano.a(libc_a-memset.o)
                                0x19b (size before relaxing)
 .debug_str     0x0009e5d4        0x0 C:/msys64/mingw64/bin/../lib/gcc/arm-none-eabi/13.3.0/../../../../arm-none-eabi/lib/thumb/v7e-m+fp/hard\libc_nano.a(libc_a-reent.o)
                                0x4c6 (size before relaxing)
 .debug_str     0x0009e5d4        0x0 C:/msys64/mingw64/bin/../lib/gcc/arm-none-eabi/13.3.0/../../../../arm-none-eabi/lib/thumb/v7e-m+fp/hard\libc_nano.a(libc_a-impure.o)
                                0x4a7 (size before relaxing)
 .debug_str     0x0009e5d4        0x0 C:/msys64/mingw64/bin/../lib/gcc/arm-none-eabi/13.3.0/../../../../arm-none-eabi/lib/thumb/v7e-m+fp/hard\libc_nano.a(libc_a-lock.o)
                                0x31e (size before relaxing)
 .debug_str     0x0009e5d4        0x0 C:/msys64/mingw64/bin/../lib/gcc/arm-none-eabi/13.3.0/../../../../arm-none-eabi/lib/thumb/v7e-m+fp/hard\libc_nano.a(libc_a-memcpy.o)
                                 0xa3 (size before relaxing)
 .debug_str     0x0009e5d4        0x0 C:/msys64/mingw64/bin/../lib/gcc/arm-none-eabi/13.3.0/../../../../arm-none-eabi/lib/thumb/v7e-m+fp/hard\libc_nano.a(libc_a-freer.o)
                                0x527 (size before relaxing)
 .debug_str     0x0009e5d4        0x0 C:/msys64/mingw64/bin/../lib/gcc/arm-none-eabi/13.3.0/../../../../arm-none-eabi/lib/thumb/v7e-m+fp/hard\libc_nano.a(libc_a-mallocr.o)
                                0x588 (size before relaxing)
 .debug_str     0x0009e5d4        0x0 C:/msys64/mingw64/bin/../lib/gcc/arm-none-eabi/13.3.0/../../../../arm-none-eabi/lib/thumb/v7e-m+fp/hard\libc_nano.a(libc_a-mlock.o)
                                0x529 (size before relaxing)
 .debug_str     0x0009e5d4        0x0 C:/msys64/mingw64/bin/../lib/gcc/arm-none-eabi/13.3.0/../../../../arm-none-eabi/lib/thumb/v7e-m+fp/hard\libc_nano.a(libc_a-nano-svfprintf.o)
                                0x7f0 (size before relaxing)
 .debug_str     0x0009e5d4        0x0 C:/msys64/mingw64/bin/../lib/gcc/arm-none-eabi/13.3.0/../../../../arm-none-eabi/lib/thumb/v7e-m+fp/hard\libc_nano.a(libc_a-nano-vfprintf_i.o)
                                0x786 (size before relaxing)
 .debug_str     0x0009e5d4        0x0 C:/msys64/mingw64/bin/../lib/gcc/arm-none-eabi/13.3.0/../../../../arm-none-eabi/lib/thumb/v7e-m+fp/hard\libc_nano.a(libc_a-memmove.o)
                                0x1ba (size before relaxing)
 .debug_str     0x0009e5d4        0x0 C:/msys64/mingw64/bin/../lib/gcc/arm-none-eabi/13.3.0/../../../../arm-none-eabi/lib/thumb/v7e-m+fp/hard\libc_nano.a(libc_a-sbrkr.o)
                                0x4b0 (size before relaxing)
 .debug_str     0x0009e5d4        0x0 C:/msys64/mingw64/bin/../lib/gcc/arm-none-eabi/13.3.0/../../../../arm-none-eabi/lib/thumb/v7e-m+fp/hard\libc_nano.a(libc_a-memchr.o)
                                 0x95 (size before relaxing)
 .debug_str     0x0009e5d4        0x0 C:/msys64/mingw64/bin/../lib/gcc/arm-none-eabi/13.3.0/../../../../arm-none-eabi/lib/thumb/v7e-m+fp/hard\libc_nano.a(libc_a-reallocr.o)
                                0x51d (size before relaxing)
 .debug_str     0x0009e5d4        0x0 C:/msys64/mingw64/bin/../lib/gcc/arm-none-eabi/13.3.0/../../../../arm-none-eabi/lib/thumb/v7e-m+fp/hard\libc_nano.a(libc_a-msizer.o)
                                0x4f0 (size before relaxing)

.comment        0x00000000       0x12
 .comment       0x00000000       0x12 src/main.o
                                 0x13 (size before relaxing)
 .comment       0x00000012        0x0 src/sensor_task.o
                                 0x13 (size before relaxing)
 .comment       0x00000012        0x0 src/processing_task.o
                                 0x13 (size before relaxing)
 .comment       0x00000012        0x0 src/display_task.o
                                 0x13 (size before relaxing)
 .comment       0x00000012        0x0 src/priority_inversion_demo.o
                                 0x13 (size before relaxing)
 .comment       0x00000012        0x0 src/ssd1306.o
                                 0x13 (size before relaxing)
 .comment       0x00000012        0x0 src/uart.o
                                 0x13 (size before relaxing)
 .comment       0x00000012        0x0 src/i2c.o
                                 0x13 (size before relaxing)
 .comment       0x00000012        0x0 src/mpu6050.o
                                 0x13 (size before relaxing)
 .comment       0x00000012        0x0 FreeRTOS/Source/tasks.o
                                 0x13 (size before relaxing)
 .comment       0x00000012        0x0 FreeRTOS/Source/queue.o
                                 0x13 (size before relaxing)
 .comment       0x00000012        0x0 FreeRTOS/Source/list.o
                                 0x13 (size before relaxing)
 .comment       0x00000012        0x0 FreeRTOS/Source/timers.o
                                 0x13 (size before relaxing)
 .comment       0x00000012        0x0 FreeRTOS/Source/portable/GCC/ARM_CM4F/port.o
                                 0x13 (size before relaxing)
 .comment       0x00000012        0x0 FreeRTOS/Source/portable/MemMang/heap_4.o
                                 0x13 (size before relaxing)
 .comment       0x00000012        0x0 C:/msys64/mingw64/bin/../lib/gcc/arm-none-eabi/13.3.0/../../../../arm-none-eabi/lib/thumb/v7e-m+fp/hard\libc_nano.a(libc_a-findfp.o)
                                 0x13 (size before relaxing)
 .comment       0x00000012        0x0 C:/msys64/mingw64/bin/../lib/gcc/arm-none-eabi/13.3.0/../../../../arm-none-eabi/lib/thumb/v7e-m+fp/hard\libc_nano.a(libc_a-snprintf.o)
                                 0x13 (size before relaxing)
 .comment       0x00000012        0x0 C:/msys64/mingw64/bin/../lib/gcc/arm-none-eabi/13.3.0/../../../../arm-none-eabi/lib/thumb/v7e-m+fp/hard\libc_nano.a(libc_a-memset.o)
                                 0x13 (size before relaxing)
 .comment       0x00000012        0x0 C:/msys64/mingw64/bin/../lib/gcc/arm-none-eabi/13.3.0/../../../../arm-none-eabi/lib/thumb/v7e-m+fp/hard\libc_nano.a(libc_a-reent.o)
                                 0x13 (size before relaxing)
 .comment       0x00000012        0x0 C:/msys64/mingw64/bin/../lib/gcc/arm-none-eabi/13.3.0/../../../../arm-none-eabi/lib/thumb/v7e-m+fp/hard\libc_nano.a(libc_a-impure.o)
                                 0x13 (size before relaxing)
 .comment       0x00000012        0x0 C:/msys64/mingw64/bin/../lib/gcc/arm-none-eabi/13.3.0/../../../../arm-none-eabi/lib/thumb/v7e-m+fp/hard\libc_nano.a(libc_a-lock.o)
                                 0x13 (size before relaxing)
 .comment       0x00000012        0x0 C:/msys64/mingw64/bin/../lib/gcc/arm-none-eabi/13.3.0/../../../../arm-none-eabi/lib/thumb/v7e-m+fp/hard\libc_nano.a(libc_a-freer.o)
                                 0x13 (size before relaxing)
 .comment       0x00000012        0x0 C:/msys64/mingw64/bin/../lib/gcc/arm-none-eabi/13.3.0/../../../../arm-none-eabi/lib/thumb/v7e-m+fp/hard\libc_nano.a(libc_a-mallocr.o)
                                 0x13 (size before relaxing)
 .comment       0x00000012        0x0 C:/msys64/mingw64/bin/../lib/gcc/arm-none-eabi/13.3.0/../../../../arm-none-eabi/lib/thumb/v7e-m+fp/hard\libc_nano.a(libc_a-mlock.o)
                                 0x13 (size before relaxing)
 .comment       0x00000012        0x0 C:/msys64/mingw64/bin/../lib/gcc/arm-none-eabi/13.3.0/../../../../arm-none-eabi/lib/thumb/v7e-m+fp/hard\libc_nano.a(libc_a-nano-svfprintf.o)
                                 0x13 (size before relaxing)
 .comment       0x00000012        0x0 C:/msys64/mingw64/bin/../lib/gcc/arm-none-eabi/13.3.0/../../../../arm-none-eabi/lib/thumb/v7e-m+fp/hard\libc_nano.a(libc_a-nano-vfprintf_i.o)
                                 0x13 (size before relaxing)
 .comment       0x00000012        0x0 C:/msys64/mingw64/bin/../lib/gcc/arm-none-eabi/13.3.0/../../../../arm-none-eabi/lib/thumb/v7e-m+fp/hard\libc_nano.a(libc_a-memmove.o)
                                 0x13 (size before relaxing)
 .comment       0x00000012        0x0 C:/msys64/mingw64/bin/../lib/gcc/arm-none-eabi/13.3.0/../../../../arm-none-eabi/lib/thumb/v7e-m+fp/hard\libc_nano.a(libc_a-sbrkr.o)
                                 0x13 (size before relaxing)
 .comment       0x00000012        0x0 C:/msys64/mingw64/bin/../lib/gcc/arm-none-eabi/13.3.0/../../../../arm-none-eabi/lib/thumb/v7e-m+fp/hard\libc_nano.a(libc_a-reallocr.o)
                                 0x13 (size before relaxing)
 .comment       0x00000012        0x0 C:/msys64/mingw64/bin/../lib/gcc/arm-none-eabi/13.3.0/../../../../arm-none-eabi/lib/thumb/v7e-m+fp/hard\libc_nano.a(libc_a-msizer.o)
                                 0x13 (size before relaxing)

.debug_frame    0x00000000     0x1c9c
 .debug_frame   0x00000000       0x7c src/main.o
 .debug_frame   0x0000007c       0x34 src/sensor_task.o
 .debug_frame   0x000000b0       0x40 src/processing_task.o
 .debug_frame   0x000000f0       0x3c src/display_task.o
 .debug_frame   0x0000012c      0x110 src/priority_inversion_demo.o
 .debug_frame   0x0000023c       0xb8 src/ssd1306.o
 .debug_frame   0x000002f4       0xb8 src/uart.o
 .debug_frame   0x000003ac      0x108 src/i2c.o
 .debug_frame   0x000004b4       0x98 src/mpu6050.o
 .debug_frame   0x0000054c      0x794 FreeRTOS/Source/tasks.o
 .debug_frame   0x00000ce0      0x3b0 FreeRTOS/Source/queue.o
 .debug_frame   0x00001090       0x90 FreeRTOS/Source/list.o
 .debug_frame   0x00001120      0x2b8 FreeRTOS/Source/timers.o
 .debug_frame   0x000013d8       0xe0 FreeRTOS/Source/portable/GCC/ARM_CM4F/port.o
 .debug_frame   0x000014b8      0x118 FreeRTOS/Source/portable/MemMang/heap_4.o
 .debug_frame   0x000015d0       0xac C:/msys64/mingw64/bin/../lib/gcc/arm-none-eabi/13.3.0/thumb/v7e-m+fp/hard\libgcc.a(_arm_addsubdf3.o)
 .debug_frame   0x0000167c      0x13c C:/msys64/mingw64/bin/../lib/gcc/arm-none-eabi/13.3.0/../../../../arm-none-eabi/lib/thumb/v7e-m+fp/hard\libc_nano.a(libc_a-findfp.o)
 .debug_frame   0x000017b8       0x94 C:/msys64/mingw64/bin/../lib/gcc/arm-none-eabi/13.3.0/../../../../arm-none-eabi/lib/thumb/v7e-m+fp/hard\libc_nano.a(libc_a-snprintf.o)
 .debug_frame   0x0000184c       0x2c C:/msys64/mingw64/bin/../lib/gcc/arm-none-eabi/13.3.0/../../../../arm-none-eabi/lib/thumb/v7e-m+fp/hard\libc_nano.a(libc_a-memset.o)
 .debug_frame   0x00001878       0x40 C:/msys64/mingw64/bin/../lib/gcc/arm-none-eabi/13.3.0/../../../../arm-none-eabi/lib/thumb/v7e-m+fp/hard\libc_nano.a(libc_a-reent.o)
 .debug_frame   0x000018b8       0xb0 C:/msys64/mingw64/bin/../lib/gcc/arm-none-eabi/13.3.0/../../../../arm-none-eabi/lib/thumb/v7e-m+fp/hard\libc_nano.a(libc_a-lock.o)
 .debug_frame   0x00001968       0x28 C:/msys64/mingw64/bin/../lib/gcc/arm-none-eabi/13.3.0/../../../../arm-none-eabi/lib/thumb/v7e-m+fp/hard\libc_nano.a(libc_a-memcpy.o)
 .debug_frame   0x00001990       0x58 C:/msys64/mingw64/bin/../lib/gcc/arm-none-eabi/13.3.0/../../../../arm-none-eabi/lib/thumb/v7e-m+fp/hard\libc_nano.a(libc_a-freer.o)
 .debug_frame   0x000019e8       0x50 C:/msys64/mingw64/bin/../lib/gcc/arm-none-eabi/13.3.0/../../../../arm-none-eabi/lib/thumb/v7e-m+fp/hard\libc_nano.a(libc_a-mallocr.o)
 .debug_frame   0x00001a38       0x30 C:/msys64/mingw64/bin/../lib/gcc/arm-none-eabi/13.3.0/../../../../arm-none-eabi/lib/thumb/v7e-m+fp/hard\libc_nano.a(libc_a-mlock.o)
 .debug_frame   0x00001a68       0x98 C:/msys64/mingw64/bin/../lib/gcc/arm-none-eabi/13.3.0/../../../../arm-none-eabi/lib/thumb/v7e-m+fp/hard\libc_nano.a(libc_a-nano-svfprintf.o)
 .debug_frame   0x00001b00       0x6c C:/msys64/mingw64/bin/../lib/gcc/arm-none-eabi/13.3.0/../../../../arm-none-eabi/lib/thumb/v7e-m+fp/hard\libc_nano.a(libc_a-nano-vfprintf_i.o)
 .debug_frame   0x00001b6c       0x40 C:/msys64/mingw64/bin/../lib/gcc/arm-none-eabi/13.3.0/../../../../arm-none-eabi/lib/thumb/v7e-m+fp/hard\libc_nano.a(libc_a-memmove.o)
 .debug_frame   0x00001bac       0x2c C:/msys64/mingw64/bin/../lib/gcc/arm-none-eabi/13.3.0/../../../../arm-none-eabi/lib/thumb/v7e-m+fp/hard\libc_nano.a(libc_a-sbrkr.o)
 .debug_frame   0x00001bd8       0x4c C:/msys64/mingw64/bin/../lib/gcc/arm-none-eabi/13.3.0/../../../../arm-none-eabi/lib/thumb/v7e-m+fp/hard\libc_nano.a(libc_a-memchr.o)
 .debug_frame   0x00001c24       0x38 C:/msys64/mingw64/bin/../lib/gcc/arm-none-eabi/13.3.0/../../../../arm-none-eabi/lib/thumb/v7e-m+fp/hard\libc_nano.a(libc_a-reallocr.o)
 .debug_frame   0x00001c5c       0x20 C:/msys64/mingw64/bin/../lib/gcc/arm-none-eabi/13.3.0/../../../../arm-none-eabi/lib/thumb/v7e-m+fp/hard\libc_nano.a(libc_a-msizer.o)
 .debug_frame   0x00001c7c       0x20 C:/msys64/mingw64/bin/../lib/gcc/arm-none-eabi/13.3.0/../../../../arm-none-eabi/lib/thumb/v7e-m+fp/hard\libnosys.a(sbrk.o)

.debug_line_str
                0x00000000      0x13c
 .debug_line_str
                0x00000000      0x13c src/startup_stm32f407.o
                                 0x2c (size before relaxing)
 .debug_line_str
                0x0000013c        0x0 C:/msys64/mingw64/bin/../lib/gcc/arm-none-eabi/13.3.0/thumb/v7e-m+fp/hard\libgcc.a(_arm_addsubdf3.o)
                                 0x77 (size before relaxing)
 .debug_line_str
                0x0000013c        0x0 C:/msys64/mingw64/bin/../lib/gcc/arm-none-eabi/13.3.0/../../../../arm-none-eabi/lib/thumb/v7e-m+fp/hard\libc_nano.a(libc_a-memcpy.o)
                                 0x90 (size before relaxing)
 .debug_line_str
                0x0000013c        0x0 C:/msys64/mingw64/bin/../lib/gcc/arm-none-eabi/13.3.0/../../../../arm-none-eabi/lib/thumb/v7e-m+fp/hard\libc_nano.a(libc_a-memchr.o)
                                 0x89 (size before relaxing)
