Archive member included to satisfy reference by file (symbol)

C:/msys64/mingw64/bin/../lib/gcc/arm-none-eabi/13.3.0/thumb/v7e-m+fp/hard\libgcc.a(_arm_addsubdf3.o)
                              src/display_task.o (__aeabi_f2d)
C:/msys64/mingw64/bin/../lib/gcc/arm-none-eabi/13.3.0/../../../../arm-none-eabi/lib/thumb/v7e-m+fp/hard\libc_nano.a(libc_a-atexit.o)
                              C:/msys64/mingw64/bin/../lib/gcc/arm-none-eabi/13.3.0/../../../../arm-none-eabi/lib/thumb/v7e-m+fp/hard/crt0.o (atexit)
C:/msys64/mingw64/bin/../lib/gcc/arm-none-eabi/13.3.0/../../../../arm-none-eabi/lib/thumb/v7e-m+fp/hard\libc_nano.a(libc_a-exit.o)
                              C:/msys64/mingw64/bin/../lib/gcc/arm-none-eabi/13.3.0/../../../../arm-none-eabi/lib/thumb/v7e-m+fp/hard/crt0.o (exit)
C:/msys64/mingw64/bin/../lib/gcc/arm-none-eabi/13.3.0/../../../../arm-none-eabi/lib/thumb/v7e-m+fp/hard\libc_nano.a(libc_a-findfp.o)
                              C:/msys64/mingw64/bin/../lib/gcc/arm-none-eabi/13.3.0/../../../../arm-none-eabi/lib/thumb/v7e-m+fp/hard\libc_nano.a(libc_a-exit.o) (__stdio_exit_handler)
C:/msys64/mingw64/bin/../lib/gcc/arm-none-eabi/13.3.0/../../../../arm-none-eabi/lib/thumb/v7e-m+fp/hard\libc_nano.a(libc_a-fwalk.o)
                              C:/msys64/mingw64/bin/../lib/gcc/arm-none-eabi/13.3.0/../../../../arm-none-eabi/lib/thumb/v7e-m+fp/hard\libc_nano.a(libc_a-findfp.o) (_fwalk_sglue)
C:/msys64/mingw64/bin/../lib/gcc/arm-none-eabi/13.3.0/../../../../arm-none-eabi/lib/thumb/v7e-m+fp/hard\libc_nano.a(libc_a-snprintf.o)
                              src/main.o (snprintf)
C:/msys64/mingw64/bin/../lib/gcc/arm-none-eabi/13.3.0/../../../../arm-none-eabi/lib/thumb/v7e-m+fp/hard\libc_nano.a(libc_a-stdio.o)
                              C:/msys64/mingw64/bin/../lib/gcc/arm-none-eabi/13.3.0/../../../../arm-none-eabi/lib/thumb/v7e-m+fp/hard\libc_nano.a(libc_a-findfp.o) (__sread)
C:/msys64/mingw64/bin/../lib/gcc/arm-none-eabi/13.3.0/../../../../arm-none-eabi/lib/thumb/v7e-m+fp/hard\libc_nano.a(libc_a-vsnprintf.o)
                              src/uart.o (vsnprintf)
C:/msys64/mingw64/bin/../lib/gcc/arm-none-eabi/13.3.0/../../../../arm-none-eabi/lib/thumb/v7e-m+fp/hard\libc_nano.a(libc_a-memset.o)
                              C:/msys64/mingw64/bin/../lib/gcc/arm-none-eabi/13.3.0/../../../../arm-none-eabi/lib/thumb/v7e-m+fp/hard/crt0.o (memset)
C:/msys64/mingw64/bin/../lib/gcc/arm-none-eabi/13.3.0/../../../../arm-none-eabi/lib/thumb/v7e-m+fp/hard\libc_nano.a(libc_a-closer.o)
                              C:/msys64/mingw64/bin/../lib/gcc/arm-none-eabi/13.3.0/../../../../arm-none-eabi/lib/thumb/v7e-m+fp/hard\libc_nano.a(libc_a-stdio.o) (_close_r)
C:/msys64/mingw64/bin/../lib/gcc/arm-none-eabi/13.3.0/../../../../arm-none-eabi/lib/thumb/v7e-m+fp/hard\libc_nano.a(libc_a-reent.o)
                              C:/msys64/mingw64/bin/../lib/gcc/arm-none-eabi/13.3.0/../../../../arm-none-eabi/lib/thumb/v7e-m+fp/hard\libc_nano.a(libc_a-closer.o) (errno)
C:/msys64/mingw64/bin/../lib/gcc/arm-none-eabi/13.3.0/../../../../arm-none-eabi/lib/thumb/v7e-m+fp/hard\libc_nano.a(libc_a-impure.o)
                              C:/msys64/mingw64/bin/../lib/gcc/arm-none-eabi/13.3.0/../../../../arm-none-eabi/lib/thumb/v7e-m+fp/hard\libc_nano.a(libc_a-snprintf.o) (_impure_ptr)
C:/msys64/mingw64/bin/../lib/gcc/arm-none-eabi/13.3.0/../../../../arm-none-eabi/lib/thumb/v7e-m+fp/hard\libc_nano.a(libc_a-lseekr.o)
                              C:/msys64/mingw64/bin/../lib/gcc/arm-none-eabi/13.3.0/../../../../arm-none-eabi/lib/thumb/v7e-m+fp/hard\libc_nano.a(libc_a-stdio.o) (_lseek_r)
C:/msys64/mingw64/bin/../lib/gcc/arm-none-eabi/13.3.0/../../../../arm-none-eabi/lib/thumb/v7e-m+fp/hard\libc_nano.a(libc_a-readr.o)
                              C:/msys64/mingw64/bin/../lib/gcc/arm-none-eabi/13.3.0/../../../../arm-none-eabi/lib/thumb/v7e-m+fp/hard\libc_nano.a(libc_a-stdio.o) (_read_r)
C:/msys64/mingw64/bin/../lib/gcc/arm-none-eabi/13.3.0/../../../../arm-none-eabi/lib/thumb/v7e-m+fp/hard\libc_nano.a(libc_a-writer.o)
                              C:/msys64/mingw64/bin/../lib/gcc/arm-none-eabi/13.3.0/../../../../arm-none-eabi/lib/thumb/v7e-m+fp/hard\libc_nano.a(libc_a-stdio.o) (_write_r)
C:/msys64/mingw64/bin/../lib/gcc/arm-none-eabi/13.3.0/../../../../arm-none-eabi/lib/thumb/v7e-m+fp/hard\libc_nano.a(libc_a-init.o)
                              C:/msys64/mingw64/bin/../lib/gcc/arm-none-eabi/13.3.0/../../../../arm-none-eabi/lib/thumb/v7e-m+fp/hard/crt0.o (__libc_init_array)
C:/msys64/mingw64/bin/../lib/gcc/arm-none-eabi/13.3.0/../../../../arm-none-eabi/lib/thumb/v7e-m+fp/hard\libc_nano.a(libc_a-fini.o)
                              C:/msys64/mingw64/bin/../lib/gcc/arm-none-eabi/13.3.0/../../../../arm-none-eabi/lib/thumb/v7e-m+fp/hard/crt0.o (__libc_fini_array)
C:/msys64/mingw64/bin/../lib/gcc/arm-none-eabi/13.3.0/../../../../arm-none-eabi/lib/thumb/v7e-m+fp/hard\libc_nano.a(libc_a-lock.o)
[...]
Memory Configuration

Name             Origin             Length             Attributes
FLASH            0x08000000         0x00100000         xr
RAM              0x20000000         0x00030000         xrw
CCM              0x10000000         0x00010000         xrw
*default*        0x00000000         0xffffffff

Linker script and memory map

LOAD C:/msys64/mingw64/bin/../lib/gcc/arm-none-eabi/13.3.0/thumb/v7e-m+fp/hard/crti.o
LOAD C:/msys64/mingw64/bin/../lib/gcc/arm-none-eabi/13.3.0/thumb/v7e-m+fp/hard/crtbegin.o
LOAD C:/msys64/mingw64/bin/../lib/gcc/arm-none-eabi/13.3.0/../../../../arm-none-eabi/lib/thumb/v7e-m+fp/hard/crt0.o
LOAD src/main.o
LOAD src/sensor_task.o
LOAD src/processing_task.o
LOAD src/display_task.o
LOAD src/priority_inversion_demo.o
LOAD src/ssd1306.o
LOAD src/uart.o
LOAD src/i2c.o
LOAD src/mpu6050.o
LOAD FreeRTOS/Source/tasks.o
LOAD FreeRTOS/Source/queue.o
LOAD FreeRTOS/Source/list.o
LOAD FreeRTOS/Source/timers.o
LOAD FreeRTOS/Source/event_groups.o
LOAD FreeRTOS/Source/stream_buffer.o
LOAD FreeRTOS/Source/portable/GCC/ARM_CM4F/port.o
LOAD FreeRTOS/Source/portable/MemMang/heap_4.o
LOAD src/startup_stm32f407.o
LOAD C:/msys64/mingw64/bin/../lib/gcc/arm-none-eabi/13.3.0/../../../../arm-none-eabi/lib/thumb/v7e-m+fp/hard\libm.a
START GROUP
LOAD C:/msys64/mingw64/bin/../lib/gcc/arm-none-eabi/13.3.0/thumb/v7e-m+fp/hard\libgcc.a
LOAD C:/msys64/mingw64/bin/../lib/gcc/arm-none-eabi/13.3.0/../../../../arm-none-eabi/lib/thumb/v7e-m+fp/hard\libc_nano.a
END GROUP
START GROUP
LOAD C:/msys64/mingw64/bin/../lib/gcc/arm-none-eabi/13.3.0/thumb/v7e-m+fp/hard\libgcc.a
LOAD C:/msys64/mingw64/bin/../lib/gcc/arm-none-eabi/13.3.0/../../../../arm-none-eabi/lib/thumb/v7e-m+fp/hard\libc_nano.a
LOAD C:/msys64/mingw64/bin/../lib/gcc/arm-none-eabi/13.3.0/../../../../arm-none-eabi/lib/thumb/v7e-m+fp/hard\libnosys.a
END GROUP
START GROUP
LOAD C:/msys64/mingw64/bin/../lib/gcc/arm-none-eabi/13.3.0/thumb/v7e-m+fp/hard\libgcc.a
LOAD C:/msys64/mingw64/bin/../lib/gcc/arm-none-eabi/13.3.0/../../../../arm-none-eabi/lib/thumb/v7e-m+fp/hard\libc_nano.a
LOAD C:/msys64/mingw64/bin/../lib/gcc/arm-none-eabi/13.3.0/../../../../arm-none-eabi/lib/thumb/v7e-m+fp/hard\libnosys.a
END GROUP
LOAD C:/msys64/mingw64/bin/../lib/gcc/arm-none-eabi/13.3.0/thumb/v7e-m+fp/hard/crtend.o
LOAD C:/msys64/mingw64/bin/../lib/gcc/arm-none-eabi/13.3.0/thumb/v7e-m+fp/hard/crtn.o
                0x20030000                        _estack = 0x20030000
                0x00001000                        _Min_Heap_Size = 0x1000
                0x00000400                        _Min_Stack_Size = 0x400

.isr_vector     0x08000000      0x188
                0x08000000                        . = ALIGN (0x4)
 *(.isr_vector)
 .isr_vector    0x08000000      0x188 src/startup_stm32f407.o
                0x08000188                        . = ALIGN (0x4)

.text           0x08000190     0x487c
                0x08000190                        . = ALIGN (0x4)
 *(.text)
 .text          0x08000190      0x378 C:/msys64/mingw64/bin/../lib/gcc/arm-none-eabi/13.3.0/thumb/v7e-m+fp/hard\libgcc.a(_arm_addsubdf3.o)
                0x08000190                __aeabi_drsub
                0x08000198                __aeabi_dsub
                0x08000198                __subdf3
                0x0800019c                __aeabi_dadd
                0x0800019c                __adddf3
                0x08000414                __floatunsidf
                0x08000414                __aeabi_ui2d
                0x08000434                __floatsidf
                0x08000434                __aeabi_i2d
                0x08000458                __aeabi_f2d
                0x08000458                __extendsfdf2
                0x0800049c                __floatundidf
                0x0800049c                __aeabi_ul2d
                0x080004ac                __floatdidf
                0x080004ac                __aeabi_l2d
 .text          0x08000508      0x114 C:/msys64/mingw64/bin/../lib/gcc/arm-none-eabi/13.3.0/../../../../arm-none-eabi/lib/thumb/v7e-m+fp/hard\libc_nano.a(libc_a-snprintf.o)
                0x08000508                _sniprintf_r
                0x08000508                _snprintf_r
                0x0800058c                sniprintf
                0x0800058c                snprintf
 .text          0x0800061c       0xec C:/msys64/mingw64/bin/../lib/gcc/arm-none-eabi/13.3.0/../../../../arm-none-eabi/lib/thumb/v7e-m+fp/hard\libc_nano.a(libc_a-vsnprintf.o)
                0x0800061c                vsniprintf
                0x0800061c                vsnprintf
                0x08000694                _vsniprintf_r
                0x08000694                _vsnprintf_r
 .text          0x08000708       0xa4 C:/msys64/mingw64/bin/../lib/gcc/arm-none-eabi/13.3.0/../../../../arm-none-eabi/lib/thumb/v7e-m+fp/hard\libc_nano.a(libc_a-memset.o)
                0x08000708                memset
 .text          0x080007ac       0x28 C:/msys64/mingw64/bin/../lib/gcc/arm-none-eabi/13.3.0/../../../../arm-none-eabi/lib/thumb/v7e-m+fp/hard\libc_nano.a(libc_a-lock.o)
                0x080007ac                __retarget_lock_init
                0x080007b0                __retarget_lock_init_recursive
                0x080007b4                __retarget_lock_close
                0x080007b8                __retarget_lock_close_recursive
                0x080007bc                __retarget_lock_acquire
                0x080007c0                __retarget_lock_acquire_recursive
                0x080007c4                __retarget_lock_try_acquire
                0x080007c8                __retarget_lock_try_acquire_recursive
                0x080007cc                __retarget_lock_release
                0x080007d0                __retarget_lock_release_recursive
 .text          0x080007d4      0x134 C:/msys64/mingw64/bin/../lib/gcc/arm-none-eabi/13.3.0/../../../../arm-none-eabi/lib/thumb/v7e-m+fp/hard\libc_nano.a(libc_a-memcpy.o)
                0x080007d4                memcpy
 .text          0x08000908       0xbc C:/msys64/mingw64/bin/../lib/gcc/arm-none-eabi/13.3.0/../../../../arm-none-eabi/lib/thumb/v7e-m+fp/hard\libc_nano.a(libc_a-freer.o)
                0x08000908                _free_r
 .text          0x080009c4      0x148 C:/msys64/mingw64/bin/../lib/gcc/arm-none-eabi/13.3.0/../../../../arm-none-eabi/lib/thumb/v7e-m+fp/hard\libc_nano.a(libc_a-mallocr.o)
                0x08000a0c                _malloc_r
 .text          0x08000b0c       0x18 C:/msys64/mingw64/bin/../lib/gcc/arm-none-eabi/13.3.0/../../../../arm-none-eabi/lib/thumb/v7e-m+fp/hard\libc_nano.a(libc_a-mlock.o)
                0x08000b0c                __malloc_lock
                0x08000b18                __malloc_unlock
 .text          0x08000b24      0x400 C:/msys64/mingw64/bin/../lib/gcc/arm-none-eabi/13.3.0/../../../../arm-none-eabi/lib/thumb/v7e-m+fp/hard\libc_nano.a(libc_a-nano-svfprintf.o)
                0x08000b24                __ssputs_r
                0x08000be4                __ssprint_r
                0x08000cec                _svfiprintf_r
                0x08000cec                _svfprintf_r
 .text          0x08000f24      0x3a8 C:/msys64/mingw64/bin/../lib/gcc/arm-none-eabi/13.3.0/../../../../arm-none-eabi/lib/thumb/v7e-m+fp/hard\libc_nano.a(libc_a-nano-vfprintf_i.o)
                0x08000f24                _printf_common
                0x08001048                _printf_i
 .text          0x080012cc      0x100 C:/msys64/mingw64/bin/../lib/gcc/arm-none-eabi/13.3.0/../../../../arm-none-eabi/lib/thumb/v7e-m+fp/hard\libc_nano.a(libc_a-memmove.o)
                0x080012cc                memmove
 .text          0x080013cc       0x24 C:/msys64/mingw64/bin/../lib/gcc/arm-none-eabi/13.3.0/../../../../arm-none-eabi/lib/thumb/v7e-m+fp/hard\libc_nano.a(libc_a-sbrkr.o)
                0x080013cc                _sbrk_r
 .text          0x080013f0       0xa0 C:/msys64/mingw64/bin/../lib/gcc/arm-none-eabi/13.3.0/../../../../arm-none-eabi/lib/thumb/v7e-m+fp/hard\libc_nano.a(libc_a-memchr.o)
                0x080013f0                memchr
 .text          0x08001490       0x64 C:/msys64/mingw64/bin/../lib/gcc/arm-none-eabi/13.3.0/../../../../arm-none-eabi/lib/thumb/v7e-m+fp/hard\libc_nano.a(libc_a-reallocr.o)
                0x08001490                _realloc_r
 .text          0x080014f4       0x10 C:/msys64/mingw64/bin/../lib/gcc/arm-none-eabi/13.3.0/../../../../arm-none-eabi/lib/thumb/v7e-m+fp/hard\libc_nano.a(libc_a-msizer.o)
                0x080014f4                _malloc_usable_size_r
 .text          0x08001504       0x1c C:/msys64/mingw64/bin/../lib/gcc/arm-none-eabi/13.3.0/../../../../arm-none-eabi/lib/thumb/v7e-m+fp/hard\libnosys.a(sbrk.o)
                0x08001504                _sbrk
 *(.text*)
 .text.__do_global_dtors_aux
                0x08001520       0x24 C:/msys64/mingw64/bin/../lib/gcc/arm-none-eabi/13.3.0/thumb/v7e-m+fp/hard/crtbegin.o
 .text.frame_dummy
                0x08001544       0x1c C:/msys64/mingw64/bin/../lib/gcc/arm-none-eabi/13.3.0/thumb/v7e-m+fp/hard/crtbegin.o
 .text.startup.main
                0x08001560      0x1f4 src/main.o
                0x08001560                main
 .text.vApplicationStackOverflowHook
                0x08001754       0x20 src/main.o
                0x08001754                vApplicationStackOverflowHook
 .text.sensor_task
                0x08001774       0x68 src/sensor_task.o
                0x08001774                sensor_task
 .text.processing_task
                0x080017dc       0xac src/processing_task.o
                0x080017dc                processing_task
 .text.display_task
                0x08001888      0x150 src/display_task.o
                0x08001888                display_task
 .text.demo_med_task_mutex
                0x080019d8       0x60 src/priority_inversion_demo.o
 .text.demo_med_task_binary
                0x08001a38       0x60 src/priority_inversion_demo.o
 .text.demo_high_task_mutex
                0x08001a98       0x84 src/priority_inversion_demo.o
 .text.demo_low_task_mutex
                0x08001b1c       0xb8 src/priority_inversion_demo.o
 .text.demo_high_task_binary
                0x08001bd4       0x84 src/priority_inversion_demo.o
 .text.demo_low_task_binary
                0x08001c58       0xb8 src/priority_inversion_demo.o
 .text.priority_inversion_demo_run
                0x08001d10      0x16c src/priority_inversion_demo.o
                0x08001d10                priority_inversion_demo_run
 .text.ssd1306_clear
                0x08001e7c       0x28 src/ssd1306.o
                0x08001e7c                ssd1306_clear
 .text.ssd1306_set_cursor
                0x08001ea4       0x14 src/ssd1306.o
                0x08001ea4                ssd1306_set_cursor
 .text.ssd1306_print_string
                0x08001eb8       0xbc src/ssd1306.o
                0x08001eb8                ssd1306_print_string
 .text.ssd1306_update
                0x08001f74       0x88 src/ssd1306.o
                0x08001f74                ssd1306_update
 .text.ssd1306_init
                0x08001ffc      0x184 src/ssd1306.o
                0x08001ffc                ssd1306_init
 .text.uart2_init
                0x08002180       0x70 src/uart.o
                0x08002180                uart2_init
 .text.uart2_send_string
                0x080021f0       0x1c src/uart.o
                0x080021f0                uart2_send_string
 .text.USART2_IRQHandler
                0x0800220c       0x44 src/uart.o
                0x0800220c                USART2_IRQHandler
 .text.uart2_printf
                0x08002250       0x40 src/uart.o
                0x08002250                uart2_printf
 .text.i2c1_init
                0x08002290       0xc8 src/i2c.o
                0x08002290                i2c1_init
 .text.i2c_write_reg
                0x08002358       0xbc src/i2c.o
                0x08002358                i2c_write_reg
 .text.i2c1_write
                0x08002414       0xb8 src/i2c.o
                0x08002414                i2c1_write
 .text.i2c_read_bytes
                0x080024cc      0x214 src/i2c.o
                0x080024cc                i2c_read_bytes
 .text.mpu6050_init
                0x080026e0       0x78 src/mpu6050.o
                0x080026e0                mpu6050_init
 .text.prvAddNewTaskToReadyList
                0x08002758      0x128 FreeRTOS/Source/tasks.o
 .text.prvAddCurrentTaskToDelayedList
                0x08002880      0x100 FreeRTOS/Source/tasks.o
 .text.prvDeleteTCB
                0x08002980       0x3c FreeRTOS/Source/tasks.o
 .text.prvCheckTasksWaitingTermination
                0x080029bc       0x48 FreeRTOS/Source/tasks.o
 .text.prvIdleTask
                0x08002a04       0x34 FreeRTOS/Source/tasks.o
 .text.prvInitialiseNewTask.constprop.0
                0x08002a38       0xd4 FreeRTOS/Source/tasks.o
 .text.xTaskIncrementTick.part.0
                0x08002b0c      0x184 FreeRTOS/Source/tasks.o
 .text.xTaskResumeAll.part.0
                0x08002c90      0x1c0 FreeRTOS/Source/tasks.o
 .text.xTaskCreateStatic
                0x08002e50       0x90 FreeRTOS/Source/tasks.o
                0x08002e50                xTaskCreateStatic
 .text.xTaskCreate
                0x08002ee0       0x60 FreeRTOS/Source/tasks.o
                0x08002ee0                xTaskCreate
 .text.vTaskDelete
                0x08002f40      0x100 FreeRTOS/Source/tasks.o
                0x08002f40                vTaskDelete
 .text.xTaskDelayUntil
                0x08003040       0xe0 FreeRTOS/Source/tasks.o
                0x08003040                xTaskDelayUntil
 .text.vTaskDelay
                0x08003120       0x6c FreeRTOS/Source/tasks.o
                0x08003120                vTaskDelay
 *fill*         0x0800318c        0x4 
 .text.vTaskStartScheduler
                0x08003190       0xb4 FreeRTOS/Source/tasks.o
                0x08003190                vTaskStartScheduler
 .text.vTaskSuspendAll
                0x08003244       0x10 FreeRTOS/Source/tasks.o
                0x08003244                vTaskSuspendAll
 .text.xTaskResumeAll
                0x08003254       0x2c FreeRTOS/Source/tasks.o
                0x08003254                xTaskResumeAll
 .text.xTaskGetTickCount
                0x08003280       0x1c FreeRTOS/Source/tasks.o
                0x08003280                xTaskGetTickCount
 .text.vTaskSwitchContext
                0x0800329c       0xc4 FreeRTOS/Source/tasks.o
                0x0800329c                vTaskSwitchContext
 .text.vTaskPlaceOnEventList
                0x08003360       0x38 FreeRTOS/Source/tasks.o
                0x08003360                vTaskPlaceOnEventList
 .text.vTaskPlaceOnEventListRestricted
                0x08003398       0x64 FreeRTOS/Source/tasks.o
                0x08003398                vTaskPlaceOnEventListRestricted
 .text.xTaskRemoveFromEventList
                0x080033fc       0xd8 FreeRTOS/Source/tasks.o
                0x080033fc                xTaskRemoveFromEventList
 .text.vTaskInternalSetTimeOutState
                0x080034d4       0x1c FreeRTOS/Source/tasks.o
                0x080034d4                vTaskInternalSetTimeOutState
 .text.xTaskCheckForTimeOut
                0x080034f0       0xb4 FreeRTOS/Source/tasks.o
                0x080034f0                xTaskCheckForTimeOut
 .text.vTaskMissedYield
                0x080035a4        0xc FreeRTOS/Source/tasks.o
                0x080035a4                vTaskMissedYield
 .text.xTaskGetSchedulerState
                0x080035b0       0x20 FreeRTOS/Source/tasks.o
                0x080035b0                xTaskGetSchedulerState
 .text.xTaskPriorityInherit
                0x080035d0       0x98 FreeRTOS/Source/tasks.o
                0x080035d0                xTaskPriorityInherit
 .text.xTaskPriorityDisinherit
                0x08003668       0xa8 FreeRTOS/Source/tasks.o
                0x08003668                xTaskPriorityDisinherit
 .text.vTaskPriorityDisinheritAfterTimeout
                0x08003710       0xb4 FreeRTOS/Source/tasks.o
                0x08003710                vTaskPriorityDisinheritAfterTimeout
 .text.pvTaskIncrementMutexHeldCount
                0x080037c4       0x14 FreeRTOS/Source/tasks.o
                0x080037c4                pvTaskIncrementMutexHeldCount
 .text.vApplicationGetTimerTaskMemory
                0x080037d8       0x1c FreeRTOS/Source/tasks.o
                0x080037d8                vApplicationGetTimerTaskMemory
 .text.prvCopyDataToQueue
                0x080037f4       0x78 FreeRTOS/Source/queue.o
 .text.prvUnlockQueue
                0x0800386c       0x8c FreeRTOS/Source/queue.o
 .text.xQueueGenericReset
                0x080038f8       0xa0 FreeRTOS/Source/queue.o
                0x080038f8                xQueueGenericReset
 .text.xQueueGenericCreateStatic
                0x08003998       0x84 FreeRTOS/Source/queue.o
                0x08003998                xQueueGenericCreateStatic
 .text.xQueueGenericCreate
                0x08003a1c       0x5c FreeRTOS/Source/queue.o
                0x08003a1c                xQueueGenericCreate
 .text.xQueueGenericSend
                0x08003a78      0x190 FreeRTOS/Source/queue.o
                0x08003a78                xQueueGenericSend
 .text.xQueueCreateMutex
                0x08003c08       0x3c FreeRTOS/Source/queue.o
                0x08003c08                xQueueCreateMutex
 .text.xQueueReceive
                0x08003c44      0x188 FreeRTOS/Source/queue.o
                0x08003c44                xQueueReceive
 .text.xQueueSemaphoreTake
                0x08003dcc      0x1a4 FreeRTOS/Source/queue.o
                0x08003dcc                xQueueSemaphoreTake
 .text.vQueueDelete
                0x08003f70       0x20 FreeRTOS/Source/queue.o
                0x08003f70                vQueueDelete
 .text.vQueueWaitForMessageRestricted
                0x08003f90       0x5c FreeRTOS/Source/queue.o
                0x08003f90                vQueueWaitForMessageRestricted
 .text.vListInitialise
                0x08003fec       0x1c FreeRTOS/Source/list.o
                0x08003fec                vListInitialise
 .text.vListInitialiseItem
                0x08004008        0x8 FreeRTOS/Source/list.o
                0x08004008                vListInitialiseItem
 .text.vListInsertEnd
                0x08004010       0x1c FreeRTOS/Source/list.o
                0x08004010                vListInsertEnd
 .text.vListInsert
                0x0800402c       0x40 FreeRTOS/Source/list.o
                0x0800402c                vListInsert
 .text.uxListRemove
                0x0800406c       0x28 FreeRTOS/Source/list.o
                0x0800406c                uxListRemove
 .text.prvCheckForValidListAndQueue
                0x08004094       0x68 FreeRTOS/Source/timers.o
 .text.prvReloadTimer
                0x080040fc       0x80 FreeRTOS/Source/timers.o
 .text.prvProcessExpiredTimer
                0x0800417c       0x50 FreeRTOS/Source/timers.o
 .text.prvTimerTask
                0x080041cc      0x28c FreeRTOS/Source/timers.o
 .text.xTimerCreateTimerTask
                0x08004458       0x64 FreeRTOS/Source/timers.o
                0x08004458                xTimerCreateTimerTask
 .text.vPortSVCHandler
                0x080044bc       0x20 FreeRTOS/Source/portable/GCC/ARM_CM4F/port.o
                0x080044bc                vPortSVCHandler
 .text.xPortPendSVHandler
                0x080044dc       0x5c FreeRTOS/Source/portable/GCC/ARM_CM4F/port.o
                0x080044dc                xPortPendSVHandler
 .text.prvTaskExitError
                0x08004538       0x40 FreeRTOS/Source/portable/GCC/ARM_CM4F/port.o
 .text.pxPortInitialiseStack
                0x08004578       0x28 FreeRTOS/Source/portable/GCC/ARM_CM4F/port.o
                0x08004578                pxPortInitialiseStack
 .text.xPortStartScheduler
                0x080045a0       0xc4 FreeRTOS/Source/portable/GCC/ARM_CM4F/port.o
                0x080045a0                xPortStartScheduler
 .text.vPortEnterCritical
                0x08004664       0x44 FreeRTOS/Source/portable/GCC/ARM_CM4F/port.o
                0x08004664                vPortEnterCritical
 .text.vPortExitCritical
                0x080046a8       0x28 FreeRTOS/Source/portable/GCC/ARM_CM4F/port.o
                0x080046a8                vPortExitCritical
 .text.pvPortMalloc
                0x080046d0      0x1b4 FreeRTOS/Source/portable/MemMang/heap_4.o
                0x080046d0                pvPortMalloc
 .text.vPortFree
                0x08004884      0x11c FreeRTOS/Source/portable/MemMang/heap_4.o
                0x08004884                vPortFree
 .text.xPortGetFreeHeapSize
                0x080049a0        0xc FreeRTOS/Source/portable/MemMang/heap_4.o
                0x080049a0                xPortGetFreeHeapSize
 .text.Reset_Handler
                0x080049ac       0x44 src/startup_stm32f407.o
                0x080049ac                Reset_Handler
 .text.Default_Handler
                0x080049f0        0x4 src/startup_stm32f407.o
                0x080049f0                Default_Handler
 *(.glue_7)
 .glue_7        0x080049f4        0x0 linker stubs
 *(.glue_7t)
 .glue_7t       0x080049f4        0x0 linker stubs
 *(.eh_frame)
 .eh_frame      0x080049f4        0x0 C:/msys64/mingw64/bin/../lib/gcc/arm-none-eabi/13.3.0/thumb/v7e-m+fp/hard/crtbegin.o
 *(.init)
 .init          0x080049f4        0x4 C:/msys64/mingw64/bin/../lib/gcc/arm-none-eabi/13.3.0/thumb/v7e-m+fp/hard/crti.o
                0x080049f4                _init
 .init          0x080049f8        0x8 C:/msys64/mingw64/bin/../lib/gcc/arm-none-eabi/13.3.0/thumb/v7e-m+fp/hard/crtn.o
 *(.fini)
 .fini          0x08004a00        0x4 C:/msys64/mingw64/bin/../lib/gcc/arm-none-eabi/13.3.0/thumb/v7e-m+fp/hard/crti.o
                0x08004a00                _fini
 .fini          0x08004a04        0x8 C:/msys64/mingw64/bin/../lib/gcc/arm-none-eabi/13.3.0/thumb/v7e-m+fp/hard/crtn.o
                0x08004a0c                        . = ALIGN (0x4)
                0x08004a0c                        _etext = .

.vfp11_veneer   0x08004a0c        0x0
 .vfp11_veneer  0x08004a0c        0x0 linker stubs

.v4_bx          0x08004a0c        0x0
 .v4_bx         0x08004a0c        0x0 linker stubs

.iplt           0x08004a0c        0x0
 .iplt          0x08004a0c        0x0 C:/msys64/mingw64/bin/../lib/gcc/arm-none-eabi/13.3.0/thumb/v7e-m+fp/hard/crtbegin.o

.rodata         0x08004a0c      0x75c
                0x08004a0c                        . = ALIGN (0x4)
 *(.rodata)
 *(.rodata*)
 .rodata.main.str1.4
                0x08004a0c      0x5a5 src/main.o
                                 0x87 (size before relaxing)
 .rodata.vApplicationStackOverflowHook.str1.4
                0x08004fb1        0x0 src/main.o
                                 0x1d (size before relaxing)
 .rodata.display_task.str1.4
                0x08004fb1        0x0 src/display_task.o
                                 0x60 (size before relaxing)
 .rodata.demo_med_task_mutex.str1.4
                0x08004fb1        0x0 src/priority_inversion_demo.o
                                 0x4e (size before relaxing)
 .rodata.demo_med_task_binary.str1.4
                0x08004fb1        0x0 src/priority_inversion_demo.o
                                 0x5f (size before relaxing)
 .rodata.demo_high_task_mutex.str1.4
                0x08004fb1        0x0 src/priority_inversion_demo.o
                                 0x7d (size before relaxing)
 .rodata.demo_low_task_mutex.str1.4
                0x08004fb1        0x0 src/priority_inversion_demo.o
                                 0xa9 (size before relaxing)
 .rodata.demo_high_task_binary.str1.4
                0x08004fb1        0x0 src/priority_inversion_demo.o
                                 0x7f (size before relaxing)
 .rodata.demo_low_task_binary.str1.4
                0x08004fb1        0x0 src/priority_inversion_demo.o
                                 0xa7 (size before relaxing)
 .rodata.priority_inversion_demo_run.str1.4
                0x08004fb1        0x0 src/priority_inversion_demo.o
                                0x141 (size before relaxing)
 *fill*         0x08004fb1        0x3 
 .rodata.font5x7
                0x08004fb4      0x1ae src/ssd1306.o
 .rodata.mpu6050_init.str1.4
                0x08005162        0x0 src/mpu6050.o
                                 0x14 (size before relaxing)
 *fill*         0x08005162        0x2 
 .rodata.uxTopUsedPriority
                0x08005164        0x4 FreeRTOS/Source/tasks.o
 .rodata.xTimerCreateTimerTask.str1.4
                0x08005168        0x0 FreeRTOS/Source/timers.o
                                  0x8 (size before relaxing)
 .rodata.str1.4
                0x08005168        0x0 C:/msys64/mingw64/bin/../lib/gcc/arm-none-eabi/13.3.0/../../../../arm-none-eabi/lib/thumb/v7e-m+fp/hard\libc_nano.a(libc_a-nano-svfprintf.o)
                                 0x13 (size before relaxing)
 .rodata.str1.4
                0x08005168        0x0 C:/msys64/mingw64/bin/../lib/gcc/arm-none-eabi/13.3.0/../../../../arm-none-eabi/lib/thumb/v7e-m+fp/hard\libc_nano.a(libc_a-nano-vfprintf_i.o)
                                 0x25 (size before relaxing)
                0x08005168                        . = ALIGN (0x4)

.ARM.extab
 *(.ARM.extab* .gnu.linkonce.armextab.*)

.ARM            0x08005168        0x8
                0x08005168                        __exidx_start = .
 *(.ARM.exidx*)
 .ARM.exidx     0x08005168        0x8 C:/msys64/mingw64/bin/../lib/gcc/arm-none-eabi/13.3.0/../../../../arm-none-eabi/lib/thumb/v7e-m+fp/hard\libc_nano.a(libc_a-memcpy.o)
 .ARM.exidx     0x08005170        0x0 C:/msys64/mingw64/bin/../lib/gcc/arm-none-eabi/13.3.0/../../../../arm-none-eabi/lib/thumb/v7e-m+fp/hard\libc_nano.a(libc_a-memchr.o)
                                  0x8 (size before relaxing)
                0x08005170                        __exidx_end = .

.rel.dyn        0x08005170        0x0
 .rel.iplt      0x08005170        0x0 C:/msys64/mingw64/bin/../lib/gcc/arm-none-eabi/13.3.0/thumb/v7e-m+fp/hard/crtbegin.o

.preinit_array  0x08005170        0x0
                0x08005170                        PROVIDE (__preinit_array_start = .)
 *(.preinit_array*)
                0x08005170                        PROVIDE (__preinit_array_end = .)

.init_array     0x08005170        0x4
                0x08005170                        PROVIDE (__init_array_start = .)
 *(SORT_BY_NAME(.init_array.*))
 *(.init_array*)
 .init_array    0x08005170        0x4 C:/msys64/mingw64/bin/../lib/gcc/arm-none-eabi/13.3.0/thumb/v7e-m+fp/hard/crtbegin.o
                0x08005174                        PROVIDE (__init_array_end = .)

.fini_array     0x08005174        0x4
                0x08005174                        PROVIDE (__fini_array_start = .)
 *(SORT_BY_NAME(.fini_array.*))
 *(.fini_array*)
 .fini_array    0x08005174        0x4 C:/msys64/mingw64/bin/../lib/gcc/arm-none-eabi/13.3.0/thumb/v7e-m+fp/hard/crtbegin.o
                0x08005178                        PROVIDE (__fini_array_end = .)
                0x08005178                        _sidata = LOADADDR (.data)

.data           0x20000000       0x54 load address 0x08005178
                0x20000000                        . = ALIGN (0x4)
                0x20000000                        _sdata = .
 *(.data)
 .data          0x20000000       0x50 C:/msys64/mingw64/bin/../lib/gcc/arm-none-eabi/13.3.0/../../../../arm-none-eabi/lib/thumb/v7e-m+fp/hard\libc_nano.a(libc_a-impure.o)
                0x20000000                _impure_ptr
                0x20000004                _impure_data
 *(.data*)
 .data.uxCriticalNesting
                0x20000050        0x4 FreeRTOS/Source/portable/GCC/ARM_CM4F/port.o
                0x20000054                        . = ALIGN (0x4)
                0x20000054                        _edata = .

.igot.plt       0x20000054        0x0 load address 0x080051cc
 .igot.plt      0x20000054        0x0 C:/msys64/mingw64/bin/../lib/gcc/arm-none-eabi/13.3.0/thumb/v7e-m+fp/hard/crtbegin.o

.bss            0x20000058     0x1db0 load address 0x080051cc
                0x20000058                        . = ALIGN (0x4)
                0x20000058                        _sbss = .
                0x20000058                        __bss_start__ = _sbss
 *(.bss)
 .bss           0x20000058      0x13c C:/msys64/mingw64/bin/../lib/gcc/arm-none-eabi/13.3.0/../../../../arm-none-eabi/lib/thumb/v7e-m+fp/hard\libc_nano.a(libc_a-findfp.o)
                0x20000058                __sf
                0x20000190                __stdio_exit_handler
 .bss           0x20000194        0x4 C:/msys64/mingw64/bin/../lib/gcc/arm-none-eabi/13.3.0/../../../../arm-none-eabi/lib/thumb/v7e-m+fp/hard\libc_nano.a(libc_a-reent.o)
                0x20000194                errno
 .bss           0x20000198       0x1d C:/msys64/mingw64/bin/../lib/gcc/arm-none-eabi/13.3.0/../../../../arm-none-eabi/lib/thumb/v7e-m+fp/hard\libc_nano.a(libc_a-lock.o)
                0x20000198                __lock___arc4random_mutex
                0x2000019c                __lock___dd_hash_mutex
                0x200001a0                __lock___tz_mutex
                0x200001a4                __lock___env_recursive_mutex
                0x200001a8                __lock___malloc_recursive_mutex
                0x200001ac                __lock___at_quick_exit_mutex
                0x200001b0                __lock___atexit_recursive_mutex
                0x200001b4                __lock___sfp_recursive_mutex
 *fill*         0x200001b5        0x3 
 .bss           0x200001b8        0x8 C:/msys64/mingw64/bin/../lib/gcc/arm-none-eabi/13.3.0/../../../../arm-none-eabi/lib/thumb/v7e-m+fp/hard\libc_nano.a(libc_a-mallocr.o)
                0x200001b8                __malloc_sbrk_start
                0x200001bc                __malloc_free_list
 .bss           0x200001c0        0x4 C:/msys64/mingw64/bin/../lib/gcc/arm-none-eabi/13.3.0/../../../../arm-none-eabi/lib/thumb/v7e-m+fp/hard\libnosys.a(sbrk.o)
 *(.bss*)
 .bss.completed.1
                0x200001c4        0x1 C:/msys64/mingw64/bin/../lib/gcc/arm-none-eabi/13.3.0/thumb/v7e-m+fp/hard/crtbegin.o
 *fill*         0x200001c5        0x3 
 .bss.object.0  0x200001c8       0x18 C:/msys64/mingw64/bin/../lib/gcc/arm-none-eabi/13.3.0/thumb/v7e-m+fp/hard/crtbegin.o
 .bss.display_task_handle
                0x200001e0        0x4 src/main.o
                0x200001e0                display_task_handle
 .bss.processing_task_handle
                0x200001e4        0x4 src/main.o
                0x200001e4                processing_task_handle
 .bss.sensor_task_handle
                0x200001e8        0x4 src/main.o
                0x200001e8                sensor_task_handle
 .bss.spi_mutex
                0x200001ec        0x4 src/main.o
                0x200001ec                spi_mutex
 .bss.display_queue
                0x200001f0        0x4 src/main.o
                0x200001f0                display_queue
 .bss.sensor_queue
                0x200001f4        0x4 src/main.o
                0x200001f4                sensor_queue
 .bss.high_handle
                0x200001f8        0x4 src/priority_inversion_demo.o
 .bss.med_handle
                0x200001fc        0x4 src/priority_inversion_demo.o
 .bss.low_handle
                0x20000200        0x4 src/priority_inversion_demo.o
 .bss.demo_mutex
                0x20000204        0x4 src/priority_inversion_demo.o
 .bss.demo_sem  0x20000208        0x4 src/priority_inversion_demo.o
 .bss.cursor_page
                0x2000020c        0x1 src/ssd1306.o
 .bss.cursor_col
                0x2000020d        0x1 src/ssd1306.o
 *fill*         0x2000020e        0x2 
 .bss.framebuffer
                0x20000210      0x400 src/ssd1306.o
 .bss.rx_tail   0x20000610        0x1 src/uart.o
 .bss.rx_head   0x20000611        0x1 src/uart.o
 *fill*         0x20000612        0x2 
 .bss.rx_buf    0x20000614       0x40 src/uart.o
 .bss.uxTimerTaskStack.0
                0x20000654      0x200 FreeRTOS/Source/tasks.o
 *fill*         0x20000854        0x4 
 .bss.xTimerTaskTCB.1
                0x20000858       0x60 FreeRTOS/Source/tasks.o
 .bss.uxIdleTaskStack.2
                0x200008b8      0x200 FreeRTOS/Source/tasks.o
 .bss.xIdleTaskTCB.3
                0x20000ab8       0x60 FreeRTOS/Source/tasks.o
 .bss.uxSchedulerSuspended
                0x20000b18        0x4 FreeRTOS/Source/tasks.o
 .bss.xIdleTaskHandles
                0x20000b1c        0x4 FreeRTOS/Source/tasks.o
 .bss.xNextTaskUnblockTime
                0x20000b20        0x8 FreeRTOS/Source/tasks.o
 .bss.uxTaskNumber
                0x20000b28        0x4 FreeRTOS/Source/tasks.o
 .bss.xNumOfOverflows
                0x20000b2c        0x4 FreeRTOS/Source/tasks.o
 .bss.xYieldPendings
                0x20000b30        0x4 FreeRTOS/Source/tasks.o
 *fill*         0x20000b34        0x4 
 .bss.xPendedTicks
                0x20000b38        0x8 FreeRTOS/Source/tasks.o
 .bss.xSchedulerRunning
                0x20000b40        0x4 FreeRTOS/Source/tasks.o
 .bss.uxTopReadyPriority
                0x20000b44        0x4 FreeRTOS/Source/tasks.o
 .bss.xTickCount
                0x20000b48        0x8 FreeRTOS/Source/tasks.o
 .bss.uxCurrentNumberOfTasks
                0x20000b50        0x4 FreeRTOS/Source/tasks.o
 *fill*         0x20000b54        0x4 
 .bss.xSuspendedTaskList
                0x20000b58       0x18 FreeRTOS/Source/tasks.o
 .bss.uxDeletedTasksWaitingCleanUp
                0x20000b70        0x4 FreeRTOS/Source/tasks.o
 *fill*         0x20000b74        0x4 
 .bss.xTasksWaitingTermination
                0x20000b78       0x18 FreeRTOS/Source/tasks.o
 .bss.xPendingReadyList
                0x20000b90       0x18 FreeRTOS/Source/tasks.o
 .bss.pxOverflowDelayedTaskList
                0x20000ba8        0x4 FreeRTOS/Source/tasks.o
 .bss.pxDelayedTaskList
                0x20000bac        0x4 FreeRTOS/Source/tasks.o
 .bss.xDelayedTaskList2
                0x20000bb0       0x18 FreeRTOS/Source/tasks.o
 .bss.xDelayedTaskList1
                0x20000bc8       0x18 FreeRTOS/Source/tasks.o
 .bss.pxReadyTasksLists
                0x20000be0       0x78 FreeRTOS/Source/tasks.o
 .bss.pxCurrentTCB
                0x20000c58        0x4 FreeRTOS/Source/tasks.o
                0x20000c58                pxCurrentTCB
 *fill*         0x20000c5c        0x4 
 .bss.xStaticTimerQueue.0
                0x20000c60       0x50 FreeRTOS/Source/timers.o
 .bss.ucStaticTimerQueueStorage.1
                0x20000cb0       0xf0 FreeRTOS/Source/timers.o
 .bss.xLastTime.2
                0x20000da0        0x8 FreeRTOS/Source/timers.o
 .bss.xTimerTaskHandle
                0x20000da8        0x4 FreeRTOS/Source/timers.o
 .bss.xTimerQueue
                0x20000dac        0x4 FreeRTOS/Source/timers.o
 .bss.pxOverflowTimerList
                0x20000db0        0x4 FreeRTOS/Source/timers.o
 .bss.pxCurrentTimerList
                0x20000db4        0x4 FreeRTOS/Source/timers.o
 .bss.xActiveTimerList2
                0x20000db8       0x18 FreeRTOS/Source/timers.o
 .bss.xActiveTimerList1
                0x20000dd0       0x18 FreeRTOS/Source/timers.o
 .bss.ucMaxSysCallPriority
                0x20000de8        0x1 FreeRTOS/Source/portable/GCC/ARM_CM4F/port.o
 *fill*         0x20000de9        0x3 
 .bss.xNumberOfSuccessfulFrees
                0x20000dec        0x4 FreeRTOS/Source/portable/MemMang/heap_4.o
 .bss.xNumberOfSuccessfulAllocations
                0x20000df0        0x4 FreeRTOS/Source/portable/MemMang/heap_4.o
 .bss.xMinimumEverFreeBytesRemaining
                0x20000df4        0x4 FreeRTOS/Source/portable/MemMang/heap_4.o
 .bss.xFreeBytesRemaining
                0x20000df8        0x4 FreeRTOS/Source/portable/MemMang/heap_4.o
 .bss.pxEnd     0x20000dfc        0x4 FreeRTOS/Source/portable/MemMang/heap_4.o
 .bss.xStart    0x20000e00        0x8 FreeRTOS/Source/portable/MemMang/heap_4.o
 .bss.ucHeap    0x20000e08     0x1000 FreeRTOS/Source/portable/MemMang/heap_4.o
 *(COMMON)
                0x20001e08                        . = ALIGN (0x4)
                0x20001e08                        _ebss = .
                0x20001e08                        __bss_end__ = _ebss

._user_heap_stack
                0x20001e08     0x1400 load address 0x080051cc
                0x20001e08                        . = ALIGN (0x8)
                0x20001e08                        PROVIDE (end = .)
                [!provide]                        PROVIDE (_end = .)
                0x20002e08                        . = (. + _Min_Heap_Size)
 *fill*         0x20001e08     0x1000 
                0x20003208                        . = (. + _Min_Stack_Size)
 *fill*         0x20002e08      0x400 
                0x20003208                        . = ALIGN (0x8)

/DISCARD/
 libc.a(*)
 libm.a(*)
 libgcc.a(*)

.ARM.attributes
                0x00000000       0x30
 *(.ARM.attributes)
 .ARM.attributes
                0x00000000       0x22 C:/msys64/mingw64/bin/../lib/gcc/arm-none-eabi/13.3.0/thumb/v7e-m+fp/hard/crti.o
 .ARM.attributes
                0x00000022       0x34 C:/msys64/mingw64/bin/../lib/gcc/arm-none-eabi/13.3.0/thumb/v7e-m+fp/hard/crtbegin.o
 .ARM.attributes
                0x00000056       0x34 src/main.o
 .ARM.attributes
                0x0000008a       0x34 src/sensor_task.o
 .ARM.attributes
                0x000000be       0x34 src/processing_task.o
 .ARM.attributes
                0x000000f2       0x34 src/display_task.o
 .ARM.attributes
                0x00000126       0x34 src/priority_inversion_demo.o
 .ARM.attributes
                0x0000015a       0x34 src/ssd1306.o
 .ARM.attributes
                0x0000018e       0x34 src/uart.o
 .ARM.attributes
                0x000001c2       0x34 src/i2c.o
 .ARM.attributes
                0x000001f6       0x34 src/mpu6050.o
 .ARM.attributes
                0x0000022a       0x34 FreeRTOS/Source/tasks.o
 .ARM.attributes
                0x0000025e       0x34 FreeRTOS/Source/queue.o
 .ARM.attributes
                0x00000292       0x34 FreeRTOS/Source/list.o
 .ARM.attributes
                0x000002c6       0x34 FreeRTOS/Source/timers.o
 .ARM.attributes
                0x000002fa       0x34 FreeRTOS/Source/portable/GCC/ARM_CM4F/port.o
 .ARM.attributes
                0x0000032e       0x34 FreeRTOS/Source/portable/MemMang/heap_4.o
 .ARM.attributes
                0x00000362       0x25 src/startup_stm32f407.o
 .ARM.attributes
                0x00000387       0x22 C:/msys64/mingw64/bin/../lib/gcc/arm-none-eabi/13.3.0/thumb/v7e-m+fp/hard\libgcc.a(_arm_addsubdf3.o)
 .ARM.attributes
                0x000003a9       0x34 C:/msys64/mingw64/bin/../lib/gcc/arm-none-eabi/13.3.0/../../../../arm-none-eabi/lib/thumb/v7e-m+fp/hard\libc_nano.a(libc_a-findfp.o)
 .ARM.attributes
                0x000003dd       0x34 C:/msys64/mingw64/bin/../lib/gcc/arm-none-eabi/13.3.0/../../../../arm-none-eabi/lib/thumb/v7e-m+fp/hard\libc_nano.a(libc_a-snprintf.o)
 .ARM.attributes
                0x00000411       0x34 C:/msys64/mingw64/bin/../lib/gcc/arm-none-eabi/13.3.0/../../../../arm-none-eabi/lib/thumb/v7e-m+fp/hard\libc_nano.a(libc_a-vsnprintf.o)
 .ARM.attributes
                0x00000445       0x34 C:/msys64/mingw64/bin/../lib/gcc/arm-none-eabi/13.3.0/../../../../arm-none-eabi/lib/thumb/v7e-m+fp/hard\libc_nano.a(libc_a-memset.o)
 .ARM.attributes
                0x00000479       0x34 C:/msys64/mingw64/bin/../lib/gcc/arm-none-eabi/13.3.0/../../../../arm-none-eabi/lib/thumb/v7e-m+fp/hard\libc_nano.a(libc_a-reent.o)
 .ARM.attributes
                0x000004ad       0x34 C:/msys64/mingw64/bin/../lib/gcc/arm-none-eabi/13.3.0/../../../../arm-none-eabi/lib/thumb/v7e-m+fp/hard\libc_nano.a(libc_a-impure.o)
 .ARM.attributes
                0x000004e1       0x34 C:/msys64/mingw64/bin/../lib/gcc/arm-none-eabi/13.3.0/../../../../arm-none-eabi/lib/thumb/v7e-m+fp/hard\libc_nano.a(libc_a-lock.o)
 .ARM.attributes
                0x00000515       0x20 C:/msys64/mingw64/bin/../lib/gcc/arm-none-eabi/13.3.0/../../../../arm-none-eabi/lib/thumb/v7e-m+fp/hard\libc_nano.a(libc_a-memcpy.o)
 .ARM.attributes
                0x00000535       0x34 C:/msys64/mingw64/bin/../lib/gcc/arm-none-eabi/13.3.0/../../../../arm-none-eabi/lib/thumb/v7e-m+fp/hard\libc_nano.a(libc_a-freer.o)
 .ARM.attributes
                0x00000569       0x34 C:/msys64/mingw64/bin/../lib/gcc/arm-none-eabi/13.3.0/../../../../arm-none-eabi/lib/thumb/v7e-m+fp/hard\libc_nano.a(libc_a-mallocr.o)
 .ARM.attributes
                0x0000059d       0x34 C:/msys64/mingw64/bin/../lib/gcc/arm-none-eabi/13.3.0/../../../../arm-none-eabi/lib/thumb/v7e-m+fp/hard\libc_nano.a(libc_a-mlock.o)
 .ARM.attributes
                0x000005d1       0x34 C:/msys64/mingw64/bin/../lib/gcc/arm-none-eabi/13.3.0/../../../../arm-none-eabi/lib/thumb/v7e-m+fp/hard\libc_nano.a(libc_a-nano-svfprintf.o)
 .ARM.attributes
                0x00000605       0x34 C:/msys64/mingw64/bin/../lib/gcc/arm-none-eabi/13.3.0/../../../../arm-none-eabi/lib/thumb/v7e-m+fp/hard\libc_nano.a(libc_a-nano-vfprintf_i.o)
 .ARM.attributes
                0x00000639       0x34 C:/msys64/mingw64/bin/../lib/gcc/arm-none-eabi/13.3.0/../../../../arm-none-eabi/lib/thumb/v7e-m+fp/hard\libc_nano.a(libc_a-memmove.o)
 .ARM.attributes
                0x0000066d       0x34 C:/msys64/mingw64/bin/../lib/gcc/arm-none-eabi/13.3.0/../../../../arm-none-eabi/lib/thumb/v7e-m+fp/hard\libc_nano.a(libc_a-sbrkr.o)
 .ARM.attributes
                0x000006a1       0x1c C:/msys64/mingw64/bin/../lib/gcc/arm-none-eabi/13.3.0/../../../../arm-none-eabi/lib/thumb/v7e-m+fp/hard\libc_nano.a(libc_a-memchr.o)
 .ARM.attributes
                0x000006bd       0x34 C:/msys64/mingw64/bin/../lib/gcc/arm-none-eabi/13.3.0/../../../../arm-none-eabi/lib/thumb/v7e-m+fp/hard\libc_nano.a(libc_a-reallocr.o)
 .ARM.attributes
                0x000006f1       0x34 C:/msys64/mingw64/bin/../lib/gcc/arm-none-eabi/13.3.0/../../../../arm-none-eabi/lib/thumb/v7e-m+fp/hard\libc_nano.a(libc_a-msizer.o)
 .ARM.attributes
                0x00000725       0x34 C:/msys64/mingw64/bin/../lib/gcc/arm-none-eabi/13.3.0/../../../../arm-none-eabi/lib/thumb/v7e-m+fp/hard\libnosys.a(sbrk.o)
 .ARM.attributes
                0x00000759       0x22 C:/msys64/mingw64/bin/../lib/gcc/arm-none-eabi/13.3.0/thumb/v7e-m+fp/hard/crtn.o
OUTPUT(freertos_project.elf elf32-littlearm)
LOAD linker stubs
LOAD C:/msys64/mingw64/bin/../lib/gcc/arm-none-eabi/13.3.0/../../../../arm-none-eabi/lib/thumb/v7e-m+fp/hard\libc.a
LOAD C:/msys64/mingw64/bin/../lib/gcc/arm-none-eabi/13.3.0/../../../../arm-none-eabi/lib/thumb/v7e-m+fp/hard\libm.a
LOAD C:/msys64/mingw64/bin/../lib/gcc/arm-none-eabi/13.3.0/thumb/v7e-m+fp/hard\libgcc.a

.debug_info     0x00000000    0x16666
 .debug_info    0x00000000      0xb52 src/main.o
 .debug_info    0x00000b52      0x379 src/sensor_task.o
 .debug_info    0x00000ecb      0x386 src/processing_task.o
 .debug_info    0x00001251      0x5cb src/display_task.o
 .debug_info    0x0000181c      0xd24 src/priority_inversion_demo.o
 .debug_info    0x00002540      0xa07 src/ssd1306.o
 .debug_info    0x00002f47      0xbca src/uart.o
 .debug_info    0x00003b11      0xa04 src/i2c.o
 .debug_info    0x00004515      0x42e src/mpu6050.o
 .debug_info    0x00004943     0x3d1f FreeRTOS/Source/tasks.o
 .debug_info    0x00008662     0x2afe FreeRTOS/Source/queue.o
 .debug_info    0x0000b160      0x2b9 FreeRTOS/Source/list.o
 .debug_info    0x0000b419     0x1c41 FreeRTOS/Source/timers.o
 .debug_info    0x0000d05a      0x5ab FreeRTOS/Source/portable/GCC/ARM_CM4F/port.o
 .debug_info    0x0000d605      0x771 FreeRTOS/Source/portable/MemMang/heap_4.o
 .debug_info    0x0000dd76       0x23 src/startup_stm32f407.o
 .debug_info    0x0000dd99       0xd3 C:/msys64/mingw64/bin/../lib/gcc/arm-none-eabi/13.3.0/thumb/v7e-m+fp/hard\libgcc.a(_arm_addsubdf3.o)
 .debug_info    0x0000de6c     0x10c4 C:/msys64/mingw64/bin/../lib/gcc/arm-none-eabi/13.3.0/../../../../arm-none-eabi/lib/thumb/v7e-m+fp/hard\libc_nano.a(libc_a-findfp.o)
 .debug_info    0x0000ef30      0x909 C:/msys64/mingw64/bin/../lib/gcc/arm-none-eabi/13.3.0/../../../../arm-none-eabi/lib/thumb/v7e-m+fp/hard\libc_nano.a(libc_a-snprintf.o)
 .debug_info    0x0000f839      0x964 C:/msys64/mingw64/bin/../lib/gcc/arm-none-eabi/13.3.0/../../../../arm-none-eabi/lib/thumb/v7e-m+fp/hard\libc_nano.a(libc_a-vsnprintf.o)
 .debug_info    0x0001019d      0x135 C:/msys64/mingw64/bin/../lib/gcc/arm-none-eabi/13.3.0/../../../../arm-none-eabi/lib/thumb/v7e-m+fp/hard\libc_nano.a(libc_a-memset.o)
 .debug_info    0x000102d2      0x8a9 C:/msys64/mingw64/bin/../lib/gcc/arm-none-eabi/13.3.0/../../../../arm-none-eabi/lib/thumb/v7e-m+fp/hard\libc_nano.a(libc_a-reent.o)
 .debug_info    0x00010b7b      0x715 C:/msys64/mingw64/bin/../lib/gcc/arm-none-eabi/13.3.0/../../../../arm-none-eabi/lib/thumb/v7e-m+fp/hard\libc_nano.a(libc_a-impure.o)
 .debug_info    0x00011290      0x218 C:/msys64/mingw64/bin/../lib/gcc/arm-none-eabi/13.3.0/../../../../arm-none-eabi/lib/thumb/v7e-m+fp/hard\libc_nano.a(libc_a-lock.o)
 .debug_info    0x000114a8       0x33 C:/msys64/mingw64/bin/../lib/gcc/arm-none-eabi/13.3.0/../../../../arm-none-eabi/lib/thumb/v7e-m+fp/hard\libc_nano.a(libc_a-memcpy.o)
 .debug_info    0x000114db      0x889 C:/msys64/mingw64/bin/../lib/gcc/arm-none-eabi/13.3.0/../../../../arm-none-eabi/lib/thumb/v7e-m+fp/hard\libc_nano.a(libc_a-freer.o)
 .debug_info    0x00011d64      0x9c0 C:/msys64/mingw64/bin/../lib/gcc/arm-none-eabi/13.3.0/../../../../arm-none-eabi/lib/thumb/v7e-m+fp/hard\libc_nano.a(libc_a-mallocr.o)
 .debug_info    0x00012724      0x76b C:/msys64/mingw64/bin/../lib/gcc/arm-none-eabi/13.3.0/../../../../arm-none-eabi/lib/thumb/v7e-m+fp/hard\libc_nano.a(libc_a-mlock.o)
 .debug_info    0x00012e8f     0x109c C:/msys64/mingw64/bin/../lib/gcc/arm-none-eabi/13.3.0/../../../../arm-none-eabi/lib/thumb/v7e-m+fp/hard\libc_nano.a(libc_a-nano-svfprintf.o)
 .debug_info    0x00013f2b      0xde1 C:/msys64/mingw64/bin/../lib/gcc/arm-none-eabi/13.3.0/../../../../arm-none-eabi/lib/thumb/v7e-m+fp/hard\libc_nano.a(libc_a-nano-vfprintf_i.o)
 .debug_info    0x00014d0c      0x148 C:/msys64/mingw64/bin/../lib/gcc/arm-none-eabi/13.3.0/../../../../arm-none-eabi/lib/thumb/v7e-m+fp/hard\libc_nano.a(libc_a-memmove.o)
 .debug_info    0x00014e54      0x782 C:/msys64/mingw64/bin/../lib/gcc/arm-none-eabi/13.3.0/../../../../arm-none-eabi/lib/thumb/v7e-m+fp/hard\libc_nano.a(libc_a-sbrkr.o)
 .debug_info    0x000155d6       0x25 C:/msys64/mingw64/bin/../lib/gcc/arm-none-eabi/13.3.0/../../../../arm-none-eabi/lib/thumb/v7e-m+fp/hard\libc_nano.a(libc_a-memchr.o)
 .debug_info    0x000155fb      0x8d7 C:/msys64/mingw64/bin/../lib/gcc/arm-none-eabi/13.3.0/../../../../arm-none-eabi/lib/thumb/v7e-m+fp/hard\libc_nano.a(libc_a-reallocr.o)
 .debug_info    0x00015ed2      0x794 C:/msys64/mingw64/bin/../lib/gcc/arm-none-eabi/13.3.0/../../../../arm-none-eabi/lib/thumb/v7e-m+fp/hard\libc_nano.a(libc_a-msizer.o)

.debug_abbrev   0x00000000     0x49f3
 .debug_abbrev  0x00000000      0x2eb src/main.o
 .debug_abbrev  0x000002eb      0x1da src/sensor_task.o
 .debug_abbrev  0x000004c5      0x1bb src/processing_task.o
 .debug_abbrev  0x00000680      0x1dd src/display_task.o
 .debug_abbrev  0x0000085d      0x1ae src/priority_inversion_demo.o
 .debug_abbrev  0x00000a0b      0x252 src/ssd1306.o
 .debug_abbrev  0x00000c5d      0x303 src/uart.o
 .debug_abbrev  0x00000f60      0x2b3 src/i2c.o
 .debug_abbrev  0x00001213      0x1cc src/mpu6050.o
 .debug_abbrev  0x000013df      0x526 FreeRTOS/Source/tasks.o
 .debug_abbrev  0x00001905      0x484 FreeRTOS/Source/queue.o
 .debug_abbrev  0x00001d89      0x116 FreeRTOS/Source/list.o
 .debug_abbrev  0x00001e9f      0x4bd FreeRTOS/Source/timers.o
 .debug_abbrev  0x0000235c      0x287 FreeRTOS/Source/portable/GCC/ARM_CM4F/port.o
 .debug_abbrev  0x000025e3      0x33e FreeRTOS/Source/portable/MemMang/heap_4.o
 .debug_abbrev  0x00002921       0x12 src/startup_stm32f407.o
 .debug_abbrev  0x00002933       0x28 C:/msys64/mingw64/bin/../lib/gcc/arm-none-eabi/13.3.0/thumb/v7e-m+fp/hard\libgcc.a(_arm_addsubdf3.o)
 .debug_abbrev  0x0000295b      0x446 C:/msys64/mingw64/bin/../lib/gcc/arm-none-eabi/13.3.0/../../../../arm-none-eabi/lib/thumb/v7e-m+fp/hard\libc_nano.a(libc_a-findfp.o)
 .debug_abbrev  0x00002da1      0x23c C:/msys64/mingw64/bin/../lib/gcc/arm-none-eabi/13.3.0/../../../../arm-none-eabi/lib/thumb/v7e-m+fp/hard\libc_nano.a(libc_a-snprintf.o)
 .debug_abbrev  0x00002fdd      0x281 C:/msys64/mingw64/bin/../lib/gcc/arm-none-eabi/13.3.0/../../../../arm-none-eabi/lib/thumb/v7e-m+fp/hard\libc_nano.a(libc_a-vsnprintf.o)
 .debug_abbrev  0x0000325e       0xb7 C:/msys64/mingw64/bin/../lib/gcc/arm-none-eabi/13.3.0/../../../../arm-none-eabi/lib/thumb/v7e-m+fp/hard\libc_nano.a(libc_a-memset.o)
 .debug_abbrev  0x00003315      0x1ee C:/msys64/mingw64/bin/../lib/gcc/arm-none-eabi/13.3.0/../../../../arm-none-eabi/lib/thumb/v7e-m+fp/hard\libc_nano.a(libc_a-reent.o)
 .debug_abbrev  0x00003503      0x149 C:/msys64/mingw64/bin/../lib/gcc/arm-none-eabi/13.3.0/../../../../arm-none-eabi/lib/thumb/v7e-m+fp/hard\libc_nano.a(libc_a-impure.o)
 .debug_abbrev  0x0000364c      0x115 C:/msys64/mingw64/bin/../lib/gcc/arm-none-eabi/13.3.0/../../../../arm-none-eabi/lib/thumb/v7e-m+fp/hard\libc_nano.a(libc_a-lock.o)
 .debug_abbrev  0x00003761       0x28 C:/msys64/mingw64/bin/../lib/gcc/arm-none-eabi/13.3.0/../../../../arm-none-eabi/lib/thumb/v7e-m+fp/hard\libc_nano.a(libc_a-memcpy.o)
 .debug_abbrev  0x00003789      0x249 C:/msys64/mingw64/bin/../lib/gcc/arm-none-eabi/13.3.0/../../../../arm-none-eabi/lib/thumb/v7e-m+fp/hard\libc_nano.a(libc_a-freer.o)
 .debug_abbrev  0x000039d2      0x24a C:/msys64/mingw64/bin/../lib/gcc/arm-none-eabi/13.3.0/../../../../arm-none-eabi/lib/thumb/v7e-m+fp/hard\libc_nano.a(libc_a-mallocr.o)
 .debug_abbrev  0x00003c1c      0x1bf C:/msys64/mingw64/bin/../lib/gcc/arm-none-eabi/13.3.0/../../../../arm-none-eabi/lib/thumb/v7e-m+fp/hard\libc_nano.a(libc_a-mlock.o)
 .debug_abbrev  0x00003ddb      0x338 C:/msys64/mingw64/bin/../lib/gcc/arm-none-eabi/13.3.0/../../../../arm-none-eabi/lib/thumb/v7e-m+fp/hard\libc_nano.a(libc_a-nano-svfprintf.o)
 .debug_abbrev  0x00004113      0x28d C:/msys64/mingw64/bin/../lib/gcc/arm-none-eabi/13.3.0/../../../../arm-none-eabi/lib/thumb/v7e-m+fp/hard\libc_nano.a(libc_a-nano-vfprintf_i.o)
 .debug_abbrev  0x000043a0       0xc3 C:/msys64/mingw64/bin/../lib/gcc/arm-none-eabi/13.3.0/../../../../arm-none-eabi/lib/thumb/v7e-m+fp/hard\libc_nano.a(libc_a-memmove.o)
 .debug_abbrev  0x00004463      0x1da C:/msys64/mingw64/bin/../lib/gcc/arm-none-eabi/13.3.0/../../../../arm-none-eabi/lib/thumb/v7e-m+fp/hard\libc_nano.a(libc_a-sbrkr.o)
 .debug_abbrev  0x0000463d       0x14 C:/msys64/mingw64/bin/../lib/gcc/arm-none-eabi/13.3.0/../../../../arm-none-eabi/lib/thumb/v7e-m+fp/hard\libc_nano.a(libc_a-memchr.o)
 .debug_abbrev  0x00004651      0x20c C:/msys64/mingw64/bin/../lib/gcc/arm-none-eabi/13.3.0/../../../../arm-none-eabi/lib/thumb/v7e-m+fp/hard\libc_nano.a(libc_a-reallocr.o)
 .debug_abbrev  0x0000485d      0x196 C:/msys64/mingw64/bin/../lib/gcc/arm-none-eabi/13.3.0/../../../../arm-none-eabi/lib/thumb/v7e-m+fp/hard\libc_nano.a(libc_a-msizer.o)

.debug_loclists
                0x00000000     0x6f2b
 .debug_loclists
                0x00000000       0x72 src/main.o
 .debug_loclists
                0x00000072       0x29 src/sensor_task.o
 .debug_loclists
                0x0000009b       0x6d src/processing_task.o
 .debug_loclists
                0x00000108       0x40 src/display_task.o
 .debug_loclists
                0x00000148      0x192 src/priority_inversion_demo.o
 .debug_loclists
                0x000002da      0x223 src/ssd1306.o
 .debug_loclists
                0x000004fd       0x8c src/uart.o
 .debug_loclists
                0x00000589      0x4be src/i2c.o
 .debug_loclists
                0x00000a47       0xfc src/mpu6050.o
 .debug_loclists
                0x00000b43     0x1e06 FreeRTOS/Source/tasks.o
 .debug_loclists
                0x00002949     0x1697 FreeRTOS/Source/queue.o
 .debug_loclists
                0x00003fe0       0x7a FreeRTOS/Source/list.o
 .debug_loclists
                0x0000405a      0xe64 FreeRTOS/Source/timers.o
 .debug_loclists
                0x00004ebe       0xbc FreeRTOS/Source/portable/GCC/ARM_CM4F/port.o
 .debug_loclists
                0x00004f7a      0x3f7 FreeRTOS/Source/portable/MemMang/heap_4.o
 .debug_loclists
                0x00005371      0x2b8 C:/msys64/mingw64/bin/../lib/gcc/arm-none-eabi/13.3.0/../../../../arm-none-eabi/lib/thumb/v7e-m+fp/hard\libc_nano.a(libc_a-findfp.o)
 .debug_loclists
                0x00005629      0x212 C:/msys64/mingw64/bin/../lib/gcc/arm-none-eabi/13.3.0/../../../../arm-none-eabi/lib/thumb/v7e-m+fp/hard\libc_nano.a(libc_a-snprintf.o)
 .debug_loclists
                0x0000583b      0x2c4 C:/msys64/mingw64/bin/../lib/gcc/arm-none-eabi/13.3.0/../../../../arm-none-eabi/lib/thumb/v7e-m+fp/hard\libc_nano.a(libc_a-vsnprintf.o)
 .debug_loclists
                0x00005aff      0x1c2 C:/msys64/mingw64/bin/../lib/gcc/arm-none-eabi/13.3.0/../../../../arm-none-eabi/lib/thumb/v7e-m+fp/hard\libc_nano.a(libc_a-memset.o)
 .debug_loclists
                0x00005cc1       0x80 C:/msys64/mingw64/bin/../lib/gcc/arm-none-eabi/13.3.0/../../../../arm-none-eabi/lib/thumb/v7e-m+fp/hard\libc_nano.a(libc_a-reent.o)
 .debug_loclists
                0x00005d41       0x24 C:/msys64/mingw64/bin/../lib/gcc/arm-none-eabi/13.3.0/../../../../arm-none-eabi/lib/thumb/v7e-m+fp/hard\libc_nano.a(libc_a-lock.o)
 .debug_loclists
                0x00005d65      0x164 C:/msys64/mingw64/bin/../lib/gcc/arm-none-eabi/13.3.0/../../../../arm-none-eabi/lib/thumb/v7e-m+fp/hard\libc_nano.a(libc_a-freer.o)
 .debug_loclists
                0x00005ec9      0x263 C:/msys64/mingw64/bin/../lib/gcc/arm-none-eabi/13.3.0/../../../../arm-none-eabi/lib/thumb/v7e-m+fp/hard\libc_nano.a(libc_a-mallocr.o)
 .debug_loclists
                0x0000612c       0x3c C:/msys64/mingw64/bin/../lib/gcc/arm-none-eabi/13.3.0/../../../../arm-none-eabi/lib/thumb/v7e-m+fp/hard\libc_nano.a(libc_a-mlock.o)
 .debug_loclists
                0x00006168      0x56b C:/msys64/mingw64/bin/../lib/gcc/arm-none-eabi/13.3.0/../../../../arm-none-eabi/lib/thumb/v7e-m+fp/hard\libc_nano.a(libc_a-nano-svfprintf.o)
 .debug_loclists
                0x000066d3      0x44f C:/msys64/mingw64/bin/../lib/gcc/arm-none-eabi/13.3.0/../../../../arm-none-eabi/lib/thumb/v7e-m+fp/hard\libc_nano.a(libc_a-nano-vfprintf_i.o)
 .debug_loclists
                0x00006b22      0x233 C:/msys64/mingw64/bin/../lib/gcc/arm-none-eabi/13.3.0/../../../../arm-none-eabi/lib/thumb/v7e-m+fp/hard\libc_nano.a(libc_a-memmove.o)
 .debug_loclists
                0x00006d55       0x4b C:/msys64/mingw64/bin/../lib/gcc/arm-none-eabi/13.3.0/../../../../arm-none-eabi/lib/thumb/v7e-m+fp/hard\libc_nano.a(libc_a-sbrkr.o)
 .debug_loclists
                0x00006da0      0x102 C:/msys64/mingw64/bin/../lib/gcc/arm-none-eabi/13.3.0/../../../../arm-none-eabi/lib/thumb/v7e-m+fp/hard\libc_nano.a(libc_a-reallocr.o)
 .debug_loclists
                0x00006ea2       0x59 C:/msys64/mingw64/bin/../lib/gcc/arm-none-eabi/13.3.0/../../../../arm-none-eabi/lib/thumb/v7e-m+fp/hard\libc_nano.a(libc_a-msizer.o)
 .debug_loclists
                0x00006efb       0x30 C:/msys64/mingw64/bin/../lib/gcc/arm-none-eabi/13.3.0/../../../../arm-none-eabi/lib/thumb/v7e-m+fp/hard\libnosys.a(sbrk.o)

.debug_aranges  0x00000000      0x958
 .debug_aranges
                0x00000000       0x38 src/main.o
 .debug_aranges
                0x00000038       0x20 src/sensor_task.o
 .debug_aranges
                0x00000058       0x20 src/processing_task.o
 .debug_aranges
                0x00000078       0x20 src/display_task.o
 .debug_aranges
                0x00000098       0x50 src/priority_inversion_demo.o
 .debug_aranges
                0x000000e8       0x40 src/ssd1306.o
 .debug_aranges
                0x00000128       0x48 src/uart.o
 .debug_aranges
                0x00000170       0x68 src/i2c.o
 .debug_aranges
                0x000001d8       0x30 src/mpu6050.o
 .debug_aranges
                0x00000208      0x200 FreeRTOS/Source/tasks.o
 .debug_aranges
                0x00000408      0x100 FreeRTOS/Source/queue.o
 .debug_aranges
                0x00000508       0x40 FreeRTOS/Source/list.o
 .debug_aranges
                0x00000548       0xc0 FreeRTOS/Source/timers.o
 .debug_aranges
                0x00000608       0x70 FreeRTOS/Source/portable/GCC/ARM_CM4F/port.o
 .debug_aranges
                0x00000678       0x60 FreeRTOS/Source/portable/MemMang/heap_4.o
 .debug_aranges
                0x000006d8       0x28 src/startup_stm32f407.o
 .debug_aranges
                0x00000700       0x20 C:/msys64/mingw64/bin/../lib/gcc/arm-none-eabi/13.3.0/thumb/v7e-m+fp/hard\libgcc.a(_arm_addsubdf3.o)
 .debug_aranges
                0x00000720       0x20 C:/msys64/mingw64/bin/../lib/gcc/arm-none-eabi/13.3.0/../../../../arm-none-eabi/lib/thumb/v7e-m+fp/hard\libc_nano.a(libc_a-findfp.o)
 .debug_aranges
                0x00000740       0x20 C:/msys64/mingw64/bin/../lib/gcc/arm-none-eabi/13.3.0/../../../../arm-none-eabi/lib/thumb/v7e-m+fp/hard\libc_nano.a(libc_a-snprintf.o)
 .debug_aranges
                0x00000760       0x20 C:/msys64/mingw64/bin/../lib/gcc/arm-none-eabi/13.3.0/../../../../arm-none-eabi/lib/thumb/v7e-m+fp/hard\libc_nano.a(libc_a-vsnprintf.o)
 .debug_aranges
                0x00000780       0x20 C:/msys64/mingw64/bin/../lib/gcc/arm-none-eabi/13.3.0/../../../../arm-none-eabi/lib/thumb/v7e-m+fp/hard\libc_nano.a(libc_a-memset.o)
 .debug_aranges
                0x000007a0       0x20 C:/msys64/mingw64/bin/../lib/gcc/arm-none-eabi/13.3.0/../../../../arm-none-eabi/lib/thumb/v7e-m+fp/hard\libc_nano.a(libc_a-reent.o)
 .debug_aranges
                0x000007c0       0x18 C:/msys64/mingw64/bin/../lib/gcc/arm-none-eabi/13.3.0/../../../../arm-none-eabi/lib/thumb/v7e-m+fp/hard\libc_nano.a(libc_a-impure.o)
 .debug_aranges
                0x000007d8       0x20 C:/msys64/mingw64/bin/../lib/gcc/arm-none-eabi/13.3.0/../../../../arm-none-eabi/lib/thumb/v7e-m+fp/hard\libc_nano.a(libc_a-lock.o)
 .debug_aranges
                0x000007f8       0x20 C:/msys64/mingw64/bin/../lib/gcc/arm-none-eabi/13.3.0/../../../../arm-none-eabi/lib/thumb/v7e-m+fp/hard\libc_nano.a(libc_a-memcpy.o)
 .debug_aranges
                0x00000818       0x20 C:/msys64/mingw64/bin/../lib/gcc/arm-none-eabi/13.3.0/../../../../arm-none-eabi/lib/thumb/v7e-m+fp/hard\libc_nano.a(libc_a-freer.o)
 .debug_aranges
                0x00000838       0x20 C:/msys64/mingw64/bin/../lib/gcc/arm-none-eabi/13.3.0/../../../../arm-none-eabi/lib/thumb/v7e-m+fp/hard\libc_nano.a(libc_a-mallocr.o)
 .debug_aranges
                0x00000858       0x20 C:/msys64/mingw64/bin/../lib/gcc/arm-none-eabi/13.3.0/../../../../arm-none-eabi/lib/thumb/v7e-m+fp/hard\libc_nano.a(libc_a-mlock.o)
 .debug_aranges
                0x00000878       0x20 C:/msys64/mingw64/bin/../lib/gcc/arm-none-eabi/13.3.0/../../../../arm-none-eabi/lib/thumb/v7e-m+fp/hard\libc_nano.a(libc_a-nano-svfprintf.o)
 .debug_aranges
                0x00000898       0x20 C:/msys64/mingw64/bin/../lib/gcc/arm-none-eabi/13.3.0/../../../../arm-none-eabi/lib/thumb/v7e-m+fp/hard\libc_nano.a(libc_a-nano-vfprintf_i.o)
 .debug_aranges
                0x000008b8       0x20 C:/msys64/mingw64/bin/../lib/gcc/arm-none-eabi/13.3.0/../../../../arm-none-eabi/lib/thumb/v7e-m+fp/hard\libc_nano.a(libc_a-memmove.o)
 .debug_aranges
                0x000008d8       0x20 C:/msys64/mingw64/bin/../lib/gcc/arm-none-eabi/13.3.0/../../../../arm-none-eabi/lib/thumb/v7e-m+fp/hard\libc_nano.a(libc_a-sbrkr.o)
 .debug_aranges
                0x000008f8       0x20 C:/msys64/mingw64/bin/../lib/gcc/arm-none-eabi/13.3.0/../../../../arm-none-eabi/lib/thumb/v7e-m+fp/hard\libc_nano.a(libc_a-memchr.o)
 .debug_aranges
                0x00000918       0x20 C:/msys64/mingw64/bin/../lib/gcc/arm-none-eabi/13.3.0/../../../../arm-none-eabi/lib/thumb/v7e-m+fp/hard\libc_nano.a(libc_a-reallocr.o)
 .debug_aranges
                0x00000938       0x20 C:/msys64/mingw64/bin/../lib/gcc/arm-none-eabi/13.3.0/../../../../arm-none-eabi/lib/thumb/v7e-m+fp/hard\libc_nano.a(libc_a-msizer.o)

.debug_rnglists
                0x00000000      0xe71
 .debug_rnglists
                0x00000000       0x41 src/main.o
 .debug_rnglists
                0x00000041       0x1f src/sensor_task.o
 .debug_rnglists
                0x00000060       0x21 src/processing_task.o
 .debug_rnglists
                0x00000081       0x14 src/display_task.o
 .debug_rnglists
                0x00000095       0x3c src/priority_inversion_demo.o
 .debug_rnglists
                0x000000d1       0x85 src/ssd1306.o
 .debug_rnglists
                0x00000156       0x4c src/uart.o
 .debug_rnglists
                0x000001a2      0x12b src/i2c.o
 .debug_rnglists
                0x000002cd       0x43 src/mpu6050.o
 .debug_rnglists
                0x00000310      0x4c4 FreeRTOS/Source/tasks.o
 .debug_rnglists
                0x000007d4      0x24f FreeRTOS/Source/queue.o
 .debug_rnglists
                0x00000a23       0x2b FreeRTOS/Source/list.o
 .debug_rnglists
                0x00000a4e      0x1a9 FreeRTOS/Source/timers.o
 .debug_rnglists
                0x00000bf7       0x74 FreeRTOS/Source/portable/GCC/ARM_CM4F/port.o
 .debug_rnglists
                0x00000c6b       0x59 FreeRTOS/Source/portable/MemMang/heap_4.o
 .debug_rnglists
                0x00000cc4       0x19 src/startup_stm32f407.o
 .debug_rnglists
                0x00000cdd       0x9f C:/msys64/mingw64/bin/../lib/gcc/arm-none-eabi/13.3.0/../../../../arm-none-eabi/lib/thumb/v7e-m+fp/hard\libc_nano.a(libc_a-findfp.o)
 .debug_rnglists
                0x00000d7c       0x1c C:/msys64/mingw64/bin/../lib/gcc/arm-none-eabi/13.3.0/../../../../arm-none-eabi/lib/thumb/v7e-m+fp/hard\libc_nano.a(libc_a-vsnprintf.o)
 .debug_rnglists
                0x00000d98       0x13 C:/msys64/mingw64/bin/../lib/gcc/arm-none-eabi/13.3.0/../../../../arm-none-eabi/lib/thumb/v7e-m+fp/hard\libc_nano.a(libc_a-freer.o)
 .debug_rnglists
                0x00000dab       0x1e C:/msys64/mingw64/bin/../lib/gcc/arm-none-eabi/13.3.0/../../../../arm-none-eabi/lib/thumb/v7e-m+fp/hard\libc_nano.a(libc_a-mallocr.o)
 .debug_rnglists
                0x00000dc9       0x42 C:/msys64/mingw64/bin/../lib/gcc/arm-none-eabi/13.3.0/../../../../arm-none-eabi/lib/thumb/v7e-m+fp/hard\libc_nano.a(libc_a-nano-svfprintf.o)
 .debug_rnglists
                0x00000e0b       0x66 C:/msys64/mingw64/bin/../lib/gcc/arm-none-eabi/13.3.0/../../../../arm-none-eabi/lib/thumb/v7e-m+fp/hard\libc_nano.a(libc_a-nano-vfprintf_i.o)

.debug_macro    0x00000000    0x1ca87
 .debug_macro   0x00000000      0x2be src/main.o
 .debug_macro   0x000002be      0xacc src/main.o
 .debug_macro   0x00000d8a      0x190 src/main.o
 .debug_macro   0x00000f1a       0x22 src/main.o
 .debug_macro   0x00000f3c       0x8e src/main.o
 .debug_macro   0x00000fca       0x51 src/main.o
 .debug_macro   0x0000101b      0x103 src/main.o
 .debug_macro   0x0000111e       0x6a src/main.o
 .debug_macro   0x00001188      0x1df src/main.o
 .debug_macro   0x00001367       0x16 src/main.o
 .debug_macro   0x0000137d      0x29a src/main.o
 .debug_macro   0x00001617       0x1c src/main.o
 .debug_macro   0x00001633      0x182 src/main.o
 .debug_macro   0x000017b5       0xcc src/main.o
 .debug_macro   0x00001881       0x2e src/main.o
 .debug_macro   0x000018af       0x1f src/main.o
 .debug_macro   0x000018ce       0x12 src/main.o
 .debug_macro   0x000018e0      0xf38 src/main.o
 .debug_macro   0x00002818       0xc3 src/main.o
 .debug_macro   0x000028db      0x161 src/main.o
 .debug_macro   0x00002a3c       0x8e src/main.o
 .debug_macro   0x00002aca       0x9a src/main.o
 .debug_macro   0x00002b64       0x74 src/main.o
 .debug_macro   0x00002bd8       0x2a src/main.o
 .debug_macro   0x00002c02       0x3c src/main.o
 .debug_macro   0x00002c3e       0x34 src/main.o
 .debug_macro   0x00002c72       0x16 src/main.o
 .debug_macro   0x00002c88       0x3c src/main.o
 .debug_macro   0x00002cc4      0x370 src/main.o
 .debug_macro   0x00003034       0x10 src/main.o
 .debug_macro   0x00003044       0x16 src/main.o
 .debug_macro   0x0000305a       0x4a src/main.o
 .debug_macro   0x000030a4       0x34 src/main.o
 .debug_macro   0x000030d8       0x10 src/main.o
 .debug_macro   0x000030e8       0x58 src/main.o
 .debug_macro   0x00003140      0x1e5 src/main.o
 .debug_macro   0x00003325       0x16 src/main.o
 .debug_macro   0x0000333b       0x16 src/main.o
 .debug_macro   0x00003351      0x170 src/main.o
 .debug_macro   0x000034c1       0x2e src/main.o
 .debug_macro   0x000034ef       0x2f src/main.o
 .debug_macro   0x0000351e       0x1c src/main.o
 .debug_macro   0x0000353a       0x22 src/main.o
 .debug_macro   0x0000355c       0xfb src/main.o
 .debug_macro   0x00003657     0x1011 src/main.o
 .debug_macro   0x00004668      0x11f src/main.o
 .debug_macro   0x00004787    0x15ea5 src/main.o
 .debug_macro   0x0001a62c       0x6d src/main.o
 .debug_macro   0x0001a699       0x4c src/main.o
 .debug_macro   0x0001a6e5       0x34 src/main.o
 .debug_macro   0x0001a719       0x16 src/main.o
 .debug_macro   0x0001a72f       0x28 src/main.o
 .debug_macro   0x0001a757       0x22 src/main.o
 .debug_macro   0x0001a779       0x1c src/main.o
 .debug_macro   0x0001a795       0x1c src/main.o
 .debug_macro   0x0001a7b1      0x181 src/sensor_task.o
 .debug_macro   0x0001a932       0x1c src/sensor_task.o
 .debug_macro   0x0001a94e      0x223 src/processing_task.o
 .debug_macro   0x0001ab71       0x16 src/processing_task.o
 .debug_macro   0x0001ab87      0x19b src/processing_task.o
 .debug_macro   0x0001ad22      0x2ae src/display_task.o
 .debug_macro   0x0001afd0       0x16 src/display_task.o
 .debug_macro   0x0001afe6       0x10 src/display_task.o
 .debug_macro   0x0001aff6       0x58 src/display_task.o
 .debug_macro   0x0001b04e       0x1c src/display_task.o
 .debug_macro   0x0001b06a       0x1c src/display_task.o
 .debug_macro   0x0001b086      0x243 src/priority_inversion_demo.o
 .debug_macro   0x0001b2c9      0x16f src/ssd1306.o
 .debug_macro   0x0001b438       0x1c src/ssd1306.o
 .debug_macro   0x0001b454      0x1a6 src/uart.o
 .debug_macro   0x0001b5fa       0x9e src/uart.o
 .debug_macro   0x0001b698      0x112 src/uart.o
 .debug_macro   0x0001b7aa       0xd8 src/i2c.o
 .debug_macro   0x0001b882       0xe7 src/mpu6050.o
 .debug_macro   0x0001b969       0x2e src/mpu6050.o
 .debug_macro   0x0001b997      0x2b9 FreeRTOS/Source/tasks.o
 .debug_macro   0x0001bc50       0x6e FreeRTOS/Source/tasks.o
 .debug_macro   0x0001bcbe       0x94 FreeRTOS/Source/tasks.o
 .debug_macro   0x0001bd52       0x16 FreeRTOS/Source/tasks.o
 .debug_macro   0x0001bd68      0x11c FreeRTOS/Source/tasks.o
 .debug_macro   0x0001be84       0x9b FreeRTOS/Source/tasks.o
 .debug_macro   0x0001bf1f       0x57 FreeRTOS/Source/tasks.o
 .debug_macro   0x0001bf76       0x16 FreeRTOS/Source/tasks.o
 .debug_macro   0x0001bf8c       0x29 FreeRTOS/Source/tasks.o
 .debug_macro   0x0001bfb5       0x98 FreeRTOS/Source/tasks.o
 .debug_macro   0x0001c04d       0x16 FreeRTOS/Source/tasks.o
 .debug_macro   0x0001c063      0x225 FreeRTOS/Source/queue.o
 .debug_macro   0x0001c288      0x193 FreeRTOS/Source/list.o
 .debug_macro   0x0001c41b      0x1e2 FreeRTOS/Source/timers.o
 .debug_macro   0x0001c5fd       0x9e FreeRTOS/Source/timers.o
 .debug_macro   0x0001c69b      0x1cf FreeRTOS/Source/portable/GCC/ARM_CM4F/port.o
 .debug_macro   0x0001c86a      0x21d FreeRTOS/Source/portable/MemMang/heap_4.o

.debug_line     0x00000000     0xf2cb
 .debug_line    0x00000000      0x768 src/main.o
 .debug_line    0x00000768      0x37c src/sensor_task.o
 .debug_line    0x00000ae4      0x435 src/processing_task.o
 .debug_line    0x00000f19      0x49f src/display_task.o
 .debug_line    0x000013b8      0x70f src/priority_inversion_demo.o
 .debug_line    0x00001ac7      0x628 src/ssd1306.o
 .debug_line    0x000020ef      0x545 src/uart.o
 .debug_line    0x00002634      0xbad src/i2c.o
 .debug_line    0x000031e1      0x35a src/mpu6050.o
 .debug_line    0x0000353b     0x3d61 FreeRTOS/Source/tasks.o
 .debug_line    0x0000729c     0x22b8 FreeRTOS/Source/queue.o
 .debug_line    0x00009554      0x4ad FreeRTOS/Source/list.o
 .debug_line    0x00009a01     0x1133 FreeRTOS/Source/timers.o
 .debug_line    0x0000ab34      0x709 FreeRTOS/Source/portable/GCC/ARM_CM4F/port.o
 .debug_line    0x0000b23d      0xae9 FreeRTOS/Source/portable/MemMang/heap_4.o
 .debug_line    0x0000bd26       0x78 src/startup_stm32f407.o
 .debug_line    0x0000bd9e      0x16f C:/msys64/mingw64/bin/../lib/gcc/arm-none-eabi/13.3.0/thumb/v7e-m+fp/hard\libgcc.a(_arm_addsubdf3.o)
 .debug_line    0x0000bf0d      0x66d C:/msys64/mingw64/bin/../lib/gcc/arm-none-eabi/13.3.0/../../../../arm-none-eabi/lib/thumb/v7e-m+fp/hard\libc_nano.a(libc_a-findfp.o)
 .debug_line    0x0000c57a      0x35e C:/msys64/mingw64/bin/../lib/gcc/arm-none-eabi/13.3.0/../../../../arm-none-eabi/lib/thumb/v7e-m+fp/hard\libc_nano.a(libc_a-snprintf.o)
 .debug_line    0x0000c8d8      0x33f C:/msys64/mingw64/bin/../lib/gcc/arm-none-eabi/13.3.0/../../../../arm-none-eabi/lib/thumb/v7e-m+fp/hard\libc_nano.a(libc_a-vsnprintf.o)
 .debug_line    0x0000cc17      0x1ca C:/msys64/mingw64/bin/../lib/gcc/arm-none-eabi/13.3.0/../../../../arm-none-eabi/lib/thumb/v7e-m+fp/hard\libc_nano.a(libc_a-memset.o)
 .debug_line    0x0000cde1      0x285 C:/msys64/mingw64/bin/../lib/gcc/arm-none-eabi/13.3.0/../../../../arm-none-eabi/lib/thumb/v7e-m+fp/hard\libc_nano.a(libc_a-reent.o)
 .debug_line    0x0000d066       0xfb C:/msys64/mingw64/bin/../lib/gcc/arm-none-eabi/13.3.0/../../../../arm-none-eabi/lib/thumb/v7e-m+fp/hard\libc_nano.a(libc_a-impure.o)
 .debug_line    0x0000d161       0xd7 C:/msys64/mingw64/bin/../lib/gcc/arm-none-eabi/13.3.0/../../../../arm-none-eabi/lib/thumb/v7e-m+fp/hard\libc_nano.a(libc_a-lock.o)
 .debug_line    0x0000d238       0xb9 C:/msys64/mingw64/bin/../lib/gcc/arm-none-eabi/13.3.0/../../../../arm-none-eabi/lib/thumb/v7e-m+fp/hard\libc_nano.a(libc_a-memcpy.o)
 .debug_line    0x0000d2f1      0x2cd C:/msys64/mingw64/bin/../lib/gcc/arm-none-eabi/13.3.0/../../../../arm-none-eabi/lib/thumb/v7e-m+fp/hard\libc_nano.a(libc_a-freer.o)
 .debug_line    0x0000d5be      0x446 C:/msys64/mingw64/bin/../lib/gcc/arm-none-eabi/13.3.0/../../../../arm-none-eabi/lib/thumb/v7e-m+fp/hard\libc_nano.a(libc_a-mallocr.o)
 .debug_line    0x0000da04      0x162 C:/msys64/mingw64/bin/../lib/gcc/arm-none-eabi/13.3.0/../../../../arm-none-eabi/lib/thumb/v7e-m+fp/hard\libc_nano.a(libc_a-mlock.o)
 .debug_line    0x0000db66      0x85a C:/msys64/mingw64/bin/../lib/gcc/arm-none-eabi/13.3.0/../../../../arm-none-eabi/lib/thumb/v7e-m+fp/hard\libc_nano.a(libc_a-nano-svfprintf.o)
 .debug_line    0x0000e3c0      0x763 C:/msys64/mingw64/bin/../lib/gcc/arm-none-eabi/13.3.0/../../../../arm-none-eabi/lib/thumb/v7e-m+fp/hard\libc_nano.a(libc_a-nano-vfprintf_i.o)
 .debug_line    0x0000eb23      0x205 C:/msys64/mingw64/bin/../lib/gcc/arm-none-eabi/13.3.0/../../../../arm-none-eabi/lib/thumb/v7e-m+fp/hard\libc_nano.a(libc_a-memmove.o)
 .debug_line    0x0000ed28      0x19d C:/msys64/mingw64/bin/../lib/gcc/arm-none-eabi/13.3.0/../../../../arm-none-eabi/lib/thumb/v7e-m+fp/hard\libc_nano.a(libc_a-sbrkr.o)
 .debug_line    0x0000eec5       0x84 C:/msys64/mingw64/bin/../lib/gcc/arm-none-eabi/13.3.0/../../../../arm-none-eabi/lib/thumb/v7e-m+fp/hard\libc_nano.a(libc_a-memchr.o)
 .debug_line    0x0000ef49      0x202 C:/msys64/mingw64/bin/../lib/gcc/arm-none-eabi/13.3.0/../../../../arm-none-eabi/lib/thumb/v7e-m+fp/hard\libc_nano.a(libc_a-reallocr.o)
 .debug_line    0x0000f14b      0x180 C:/msys64/mingw64/bin/../lib/gcc/arm-none-eabi/13.3.0/../../../../arm-none-eabi/lib/thumb/v7e-m+fp/hard\libc_nano.a(libc_a-msizer.o)

.debug_str      0x00000000    0x9e62c
 .debug_str     0x00000000    0x9e62c src/main.o
                              0x97cc2 (size before relaxing)
 .debug_str     0x0009e62c        0x0 src/sensor_task.o
                              0x93b7f (size before relaxing)
 .debug_str     0x0009e62c        0x0 src/processing_task.o
                              0x96ee9 (size before relaxing)
 .debug_str     0x0009e62c        0x0 src/display_task.o
                              0x97a13 (size before relaxing)
 .debug_str     0x0009e62c        0x0 src/priority_inversion_demo.o
                              0x97835 (size before relaxing)
 .debug_str     0x0009e62c        0x0 src/ssd1306.o
                               0x744f (size before relaxing)
 .debug_str     0x0009e62c        0x0 src/uart.o
                              0x8c25b (size before relaxing)
 .debug_str     0x0009e62c        0x0 src/i2c.o
                              0x88607 (size before relaxing)
 .debug_str     0x0009e62c        0x0 src/mpu6050.o
                              0x88564 (size before relaxing)
 .debug_str     0x0009e62c        0x0 FreeRTOS/Source/tasks.o
                              0x13d6f (size before relaxing)
 .debug_str     0x0009e62c        0x0 FreeRTOS/Source/queue.o
                              0x12dca (size before relaxing)
 .debug_str     0x0009e62c        0x0 FreeRTOS/Source/list.o
                              0x10243 (size before relaxing)
 .debug_str     0x0009e62c        0x0 FreeRTOS/Source/timers.o
                              0x13244 (size before relaxing)
 .debug_str     0x0009e62c        0x0 FreeRTOS/Source/portable/GCC/ARM_CM4F/port.o
                               0xf385 (size before relaxing)
 .debug_str     0x0009e62c        0x0 FreeRTOS/Source/portable/MemMang/heap_4.o
                              0x11de8 (size before relaxing)
 .debug_str     0x0009e62c        0x0 src/startup_stm32f407.o
                                 0x3a (size before relaxing)
 .debug_str     0x0009e62c        0x0 C:/msys64/mingw64/bin/../lib/gcc/arm-none-eabi/13.3.0/thumb/v7e-m+fp/hard\libgcc.a(_arm_addsubdf3.o)
                                0x12f (size before relaxing)
 .debug_str     0x0009e62c        0x0 C:/msys64/mingw64/bin/../lib/gcc/arm-none-eabi/13.3.0/../../../../arm-none-eabi/lib/thumb/v7e-m+fp/hard\libc_nano.a(libc_a-findfp.o)
                                0x72a (size before relaxing)
 .debug_str     0x0009e62c        0x0 C:/msys64/mingw64/bin/../lib/gcc/arm-none-eabi/13.3.0/../../../../arm-none-eabi/lib/thumb/v7e-m+fp/hard\libc_nano.a(libc_a-snprintf.o)
                                0x4f5 (size before relaxing)
 .debug_str     0x0009e62c        0x0 C:/msys64/mingw64/bin/../lib/gcc/arm-none-eabi/13.3.0/../../../../arm-none-eabi/lib/thumb/v7e-m+fp/hard\libc_nano.a(libc_a-vsnprintf.o)
                                0x4f8 (size before relaxing)
 .debug_str     0x0009e62c        0x0 C:/msys64/mingw64/bin/../lib/gcc/arm-none-eabi/13.3.0/../../../../arm-none-eabi/lib/thumb/v7e-m+fp/hard\libc_nano.a(libc_a-memset.o)
                                0x19b (size before relaxing)
 .debug_str     0x0009e62c        0x0 C:/msys64/mingw64/bin/../lib/gcc/arm-none-eabi/13.3.0/../../../../arm-none-eabi/lib/thumb/v7e-m+fp/hard\libc_nano.a(libc_a-reent.o)
                                0x4c6 (size before relaxing)
 .debug_str     0x0009e62c        0x0 C:/msys64/mingw64/bin/../lib/gcc/arm-none-eabi/13.3.0/../../../../arm-none-eabi/lib/thumb/v7e-m+fp/hard\libc_nano.a(libc_a-impure.o)
                                0x4a7 (size before relaxing)
 .debug_str     0x0009e62c        0x0 C:/msys64/mingw64/bin/../lib/gcc/arm-none-eabi/13.3.0/../../../../arm-none-eabi/lib/thumb/v7e-m+fp/hard\libc_nano.a(libc_a-lock.o)
                                0x31e (size before relaxing)
 .debug_str     0x0009e62c        0x0 C:/msys64/mingw64/bin/../lib/gcc/arm-none-eabi/13.3.0/../../../../arm-none-eabi/lib/thumb/v7e-m+fp/hard\libc_nano.a(libc_a-memcpy.o)
                                 0xa3 (size before relaxing)
 .debug_str     0x0009e62c        0x0 C:/msys64/mingw64/bin/../lib/gcc/arm-none-eabi/13.3.0/../../../../arm-none-eabi/lib/thumb/v7e-m+fp/hard\libc_nano.a(libc_a-freer.o)
                                0x527 (size before relaxing)
 .debug_str     0x0009e62c        0x0 C:/msys64/mingw64/bin/../lib/gcc/arm-none-eabi/13.3.0/../../../../arm-none-eabi/lib/thumb/v7e-m+fp/hard\libc_nano.a(libc_a-mallocr.o)
                                0x588 (size before relaxing)
 .debug_str     0x0009e62c        0x0 C:/msys64/mingw64/bin/../lib/gcc/arm-none-eabi/13.3.0/../../../../arm-none-eabi/lib/thumb/v7e-m+fp/hard\libc_nano.a(libc_a-mlock.o)
                                0x529 (size before relaxing)
 .debug_str     0x0009e62c        0x0 C:/msys64/mingw64/bin/../lib/gcc/arm-none-eabi/13.3.0/../../../../arm-none-eabi/lib/thumb/v7e-m+fp/hard\libc_nano.a(libc_a-nano-svfprintf.o)
                                0x7f0 (size before relaxing)
 .debug_str     0x0009e62c        0x0 C:/msys64/mingw64/bin/../lib/gcc/arm-none-eabi/13.3.0/../../../../arm-none-eabi/lib/thumb/v7e-m+fp/hard\libc_nano.a(libc_a-nano-vfprintf_i.o)
                                0x786 (size before relaxing)
 .debug_str     0x0009e62c        0x0 C:/msys64/mingw64/bin/../lib/gcc/arm-none-eabi/13.3.0/../../../../arm-none-eabi/lib/thumb/v7e-m+fp/hard\libc_nano.a(libc_a-memmove.o)
                                0x1ba (size before relaxing)
 .debug_str     0x0009e62c        0x0 C:/msys64/mingw64/bin/../lib/gcc/arm-none-eabi/13.3.0/../../../../arm-none-eabi/lib/thumb/v7e-m+fp/hard\libc_nano.a(libc_a-sbrkr.o)
                                0x4b0 (size before relaxing)
 .debug_str     0x0009e62c        0x0 C:/msys64/mingw64/bin/../lib/gcc/arm-none-eabi/13.3.0/../../../../arm-none-eabi/lib/thumb/v7e-m+fp/hard\libc_nano.a(libc_a-memchr.o)
                                 0x95 (size before relaxing)
 .debug_str     0x0009e62c        0x0 C:/msys64/mingw64/bin/../lib/gcc/arm-none-eabi/13.3.0/../../../../arm-none-eabi/lib/thumb/v7e-m+fp/hard\libc_nano.a(libc_a-reallocr.o)
                                0x51d (size before relaxing)
 .debug_str     0x0009e62c        0x0 C:/msys64/mingw64/bin/../lib/gcc/arm-none-eabi/13.3.0/../../../../arm-none-eabi/lib/thumb/v7e-m+fp/hard\libc_nano.a(libc_a-msizer.o)
                                0x4f0 (size before relaxing)

.comment        0x00000000       0x12
 .comment       0x00000000       0x12 src/main.o
                                 0x13 (size before relaxing)
 .comment       0x00000012        0x0 src/sensor_task.o
                                 0x13 (size before relaxing)
 .comment       0x00000012        0x0 src/processing_task.o
                                 0x13 (size before relaxing)
 .comment       0x00000012        0x0 src/display_task.o
                                 0x13 (size before relaxing)
 .comment       0x00000012        0x0 src/priority_inversion_demo.o
                                 0x13 (size before relaxing)
 .comment       0x00000012        0x0 src/ssd1306.o
                                 0x13 (size before relaxing)
 .comment       0x00000012        0x0 src/uart.o
                                 0x13 (size before relaxing)
 .comment       0x00000012        0x0 src/i2c.o
                                 0x13 (size before relaxing)
 .comment       0x00000012        0x0 src/mpu6050.o
                                 0x13 (size before relaxing)
 .comment       0x00000012        0x0 FreeRTOS/Source/tasks.o
                                 0x13 (size before relaxing)
 .comment       0x00000012        0x0 FreeRTOS/Source/queue.o
                                 0x13 (size before relaxing)
 .comment       0x00000012        0x0 FreeRTOS/Source/list.o
                                 0x13 (size before relaxing)
 .comment       0x00000012        0x0 FreeRTOS/Source/timers.o
                                 0x13 (size before relaxing)
 .comment       0x00000012        0x0 FreeRTOS/Source/portable/GCC/ARM_CM4F/port.o
                                 0x13 (size before relaxing)
 .comment       0x00000012        0x0 FreeRTOS/Source/portable/MemMang/heap_4.o
                                 0x13 (size before relaxing)
 .comment       0x00000012        0x0 C:/msys64/mingw64/bin/../lib/gcc/arm-none-eabi/13.3.0/../../../../arm-none-eabi/lib/thumb/v7e-m+fp/hard\libc_nano.a(libc_a-findfp.o)
                                 0x13 (size before relaxing)
 .comment       0x00000012        0x0 C:/msys64/mingw64/bin/../lib/gcc/arm-none-eabi/13.3.0/../../../../arm-none-eabi/lib/thumb/v7e-m+fp/hard\libc_nano.a(libc_a-snprintf.o)
                                 0x13 (size before relaxing)
 .comment       0x00000012        0x0 C:/msys64/mingw64/bin/../lib/gcc/arm-none-eabi/13.3.0/../../../../arm-none-eabi/lib/thumb/v7e-m+fp/hard\libc_nano.a(libc_a-vsnprintf.o)
                                 0x13 (size before relaxing)
 .comment       0x00000012        0x0 C:/msys64/mingw64/bin/../lib/gcc/arm-none-eabi/13.3.0/../../../../arm-none-eabi/lib/thumb/v7e-m+fp/hard\libc_nano.a(libc_a-memset.o)
                                 0x13 (size before relaxing)
 .comment       0x00000012        0x0 C:/msys64/mingw64/bin/../lib/gcc/arm-none-eabi/13.3.0/../../../../arm-none-eabi/lib/thumb/v7e-m+fp/hard\libc_nano.a(libc_a-reent.o)
                                 0x13 (size before relaxing)
 .comment       0x00000012        0x0 C:/msys64/mingw64/bin/../lib/gcc/arm-none-eabi/13.3.0/../../../../arm-none-eabi/lib/thumb/v7e-m+fp/hard\libc_nano.a(libc_a-impure.o)
                                 0x13 (size before relaxing)
 .comment       0x00000012        0x0 C:/msys64/mingw64/bin/../lib/gcc/arm-none-eabi/13.3.0/../../../../arm-none-eabi/lib/thumb/v7e-m+fp/hard\libc_nano.a(libc_a-lock.o)
                                 0x13 (size before relaxing)
 .comment       0x00000012        0x0 C:/msys64/mingw64/bin/../lib/gcc/arm-none-eabi/13.3.0/../../../../arm-none-eabi/lib/thumb/v7e-m+fp/hard\libc_nano.a(libc_a-freer.o)
                                 0x13 (size before relaxing)
 .comment       0x00000012        0x0 C:/msys64/mingw64/bin/../lib/gcc/arm-none-eabi/13.3.0/../../../../arm-none-eabi/lib/thumb/v7e-m+fp/hard\libc_nano.a(libc_a-mallocr.o)
                                 0x13 (size before relaxing)
 .comment       0x00000012        0x0 C:/msys64/mingw64/bin/../lib/gcc/arm-none-eabi/13.3.0/../../../../arm-none-eabi/lib/thumb/v7e-m+fp/hard\libc_nano.a(libc_a-mlock.o)
                                 0x13 (size before relaxing)
 .comment       0x00000012        0x0 C:/msys64/mingw64/bin/../lib/gcc/arm-none-eabi/13.3.0/../../../../arm-none-eabi/lib/thumb/v7e-m+fp/hard\libc_nano.a(libc_a-nano-svfprintf.o)
                                 0x13 (size before relaxing)
 .comment       0x00000012        0x0 C:/msys64/mingw64/bin/../lib/gcc/arm-none-eabi/13.3.0/../../../../arm-none-eabi/lib/thumb/v7e-m+fp/hard\libc_nano.a(libc_a-nano-vfprintf_i.o)
                                 0x13 (size before relaxing)
 .comment       0x00000012        0x0 C:/msys64/mingw64/bin/../lib/gcc/arm-none-eabi/13.3.0/../../../../arm-none-eabi/lib/thumb/v7e-m+fp/hard\libc_nano.a(libc_a-memmove.o)
                                 0x13 (size before relaxing)
 .comment       0x00000012        0x0 C:/msys64/mingw64/bin/../lib/gcc/arm-none-eabi/13.3.0/../../../../arm-none-eabi/lib/thumb/v7e-m+fp/hard\libc_nano.a(libc_a-sbrkr.o)
                                 0x13 (size before relaxing)
 .comment       0x00000012        0x0 C:/msys64/mingw64/bin/../lib/gcc/arm-none-eabi/13.3.0/../../../../arm-none-eabi/lib/thumb/v7e-m+fp/hard\libc_nano.a(libc_a-reallocr.o)
                                 0x13 (size before relaxing)
 .comment       0x00000012        0x0 C:/msys64/mingw64/bin/../lib/gcc/arm-none-eabi/13.3.0/../../../../arm-none-eabi/lib/thumb/v7e-m+fp/hard\libc_nano.a(libc_a-msizer.o)
                                 0x13 (size before relaxing)

.debug_frame    0x00000000     0x1cc8
 .debug_frame   0x00000000       0x6c src/main.o
 .debug_frame   0x0000006c       0x34 src/sensor_task.o
 .debug_frame   0x000000a0       0x40 src/processing_task.o
 .debug_frame   0x000000e0       0x3c src/display_task.o
 .debug_frame   0x0000011c      0x110 src/priority_inversion_demo.o
 .debug_frame   0x0000022c       0xb8 src/ssd1306.o
 .debug_frame   0x000002e4       0xb8 src/uart.o
 .debug_frame   0x0000039c      0x108 src/i2c.o
 .debug_frame   0x000004a4       0x74 src/mpu6050.o
 .debug_frame   0x00000518      0x794 FreeRTOS/Source/tasks.o
 .debug_frame   0x00000cac      0x3b0 FreeRTOS/Source/queue.o
 .debug_frame   0x0000105c       0x90 FreeRTOS/Source/list.o
 .debug_frame   0x000010ec      0x2b8 FreeRTOS/Source/timers.o
 .debug_frame   0x000013a4       0xe0 FreeRTOS/Source/portable/GCC/ARM_CM4F/port.o
 .debug_frame   0x00001484      0x118 FreeRTOS/Source/portable/MemMang/heap_4.o
 .debug_frame   0x0000159c       0xac C:/msys64/mingw64/bin/../lib/gcc/arm-none-eabi/13.3.0/thumb/v7e-m+fp/hard\libgcc.a(_arm_addsubdf3.o)
 .debug_frame   0x00001648      0x13c C:/msys64/mingw64/bin/../lib/gcc/arm-none-eabi/13.3.0/../../../../arm-none-eabi/lib/thumb/v7e-m+fp/hard\libc_nano.a(libc_a-findfp.o)
 .debug_frame   0x00001784       0x94 C:/msys64/mingw64/bin/../lib/gcc/arm-none-eabi/13.3.0/../../../../arm-none-eabi/lib/thumb/v7e-m+fp/hard\libc_nano.a(libc_a-snprintf.o)
 .debug_frame   0x00001818       0x60 C:/msys64/mingw64/bin/../lib/gcc/arm-none-eabi/13.3.0/../../../../arm-none-eabi/lib/thumb/v7e-m+fp/hard\libc_nano.a(libc_a-vsnprintf.o)
 .debug_frame   0x00001878       0x2c C:/msys64/mingw64/bin/../lib/gcc/arm-none-eabi/13.3.0/../../../../arm-none-eabi/lib/thumb/v7e-m+fp/hard\libc_nano.a(libc_a-memset.o)
 .debug_frame   0x000018a4       0x40 C:/msys64/mingw64/bin/../lib/gcc/arm-none-eabi/13.3.0/../../../../arm-none-eabi/lib/thumb/v7e-m+fp/hard\libc_nano.a(libc_a-reent.o)
 .debug_frame   0x000018e4       0xb0 C:/msys64/mingw64/bin/../lib/gcc/arm-none-eabi/13.3.0/../../../../arm-none-eabi/lib/thumb/v7e-m+fp/hard\libc_nano.a(libc_a-lock.o)
 .debug_frame   0x00001994       0x28 C:/msys64/mingw64/bin/../lib/gcc/arm-none-eabi/13.3.0/../../../../arm-none-eabi/lib/thumb/v7e-m+fp/hard\libc_nano.a(libc_a-memcpy.o)
 .debug_frame   0x000019bc       0x58 C:/msys64/mingw64/bin/../lib/gcc/arm-none-eabi/13.3.0/../../../../arm-none-eabi/lib/thumb/v7e-m+fp/hard\libc_nano.a(libc_a-freer.o)
 .debug_frame   0x00001a14       0x50 C:/msys64/mingw64/bin/../lib/gcc/arm-none-eabi/13.3.0/../../../../arm-none-eabi/lib/thumb/v7e-m+fp/hard\libc_nano.a(libc_a-mallocr.o)
 .debug_frame   0x00001a64       0x30 C:/msys64/mingw64/bin/../lib/gcc/arm-none-eabi/13.3.0/../../../../arm-none-eabi/lib/thumb/v7e-m+fp/hard\libc_nano.a(libc_a-mlock.o)
 .debug_frame   0x00001a94       0x98 C:/msys64/mingw64/bin/../lib/gcc/arm-none-eabi/13.3.0/../../../../arm-none-eabi/lib/thumb/v7e-m+fp/hard\libc_nano.a(libc_a-nano-svfprintf.o)
 .debug_frame   0x00001b2c       0x6c C:/msys64/mingw64/bin/../lib/gcc/arm-none-eabi/13.3.0/../../../../arm-none-eabi/lib/thumb/v7e-m+fp/hard\libc_nano.a(libc_a-nano-vfprintf_i.o)
 .debug_frame   0x00001b98       0x40 C:/msys64/mingw64/bin/../lib/gcc/arm-none-eabi/13.3.0/../../../../arm-none-eabi/lib/thumb/v7e-m+fp/hard\libc_nano.a(libc_a-memmove.o)
 .debug_frame   0x00001bd8       0x2c C:/msys64/mingw64/bin/../lib/gcc/arm-none-eabi/13.3.0/../../../../arm-none-eabi/lib/thumb/v7e-m+fp/hard\libc_nano.a(libc_a-sbrkr.o)
 .debug_frame   0x00001c04       0x4c C:/msys64/mingw64/bin/../lib/gcc/arm-none-eabi/13.3.0/../../../../arm-none-eabi/lib/thumb/v7e-m+fp/hard\libc_nano.a(libc_a-memchr.o)
 .debug_frame   0x00001c50       0x38 C:/msys64/mingw64/bin/../lib/gcc/arm-none-eabi/13.3.0/../../../../arm-none-eabi/lib/thumb/v7e-m+fp/hard\libc_nano.a(libc_a-reallocr.o)
 .debug_frame   0x00001c88       0x20 C:/msys64/mingw64/bin/../lib/gcc/arm-none-eabi/13.3.0/../../../../arm-none-eabi/lib/thumb/v7e-m+fp/hard\libc_nano.a(libc_a-msizer.o)
 .debug_frame   0x00001ca8       0x20 C:/msys64/mingw64/bin/../lib/gcc/arm-none-eabi/13.3.0/../../../../arm-none-eabi/lib/thumb/v7e-m+fp/hard\libnosys.a(sbrk.o)

.debug_line_str
                0x00000000      0x13c
 .debug_line_str
                0x00000000      0x13c src/startup_stm32f407.o
                                 0x2c (size before relaxing)
 .debug_line_str
                0x0000013c        0x0 C:/msys64/mingw64/bin/../lib/gcc/arm-none-eabi/13.3.0/thumb/v7e-m+fp/hard\libgcc.a(_arm_addsubdf3.o)
                                 0x77 (size before relaxing)
 .debug_line_str
                0x0000013c        0x0 C:/msys64/mingw64/bin/../lib/gcc/arm-none-eabi/13.3.0/../../../../arm-none-eabi/lib/thumb/v7e-m+fp/hard\libc_nano.a(libc_a-memcpy.o)
                                 0x90 (size before relaxing)
 .debug_line_str
                0x0000013c        0x0 C:/msys64/mingw64/bin/../lib/gcc/arm-none-eabi/13.3.0/../../../../arm-none-eabi/lib/thumb/v7e-m+fp/hard\libc_nano.a(libc_a-memchr.o)
                                 0x89 (size before relaxing)
